Archive member included to satisfy reference by file (symbol)

../StdPeriphDriver\libISP583.a(ISP583.o)
                              ./Task/app_db.o (FLASH_EEPROM_CMD)
d:/软件工具/mounriver_studio_setup_v142/mounriver_studio/toolchain/risc-v embedded gcc/bin/../lib/gcc/riscv-none-embed/8.2.0/../../../../riscv-none-embed/lib/rv32imac/ilp32\libm.a(lib_a-s_cos.o)
                              ./Task/app_gps.o (cos)
d:/软件工具/mounriver_studio_setup_v142/mounriver_studio/toolchain/risc-v embedded gcc/bin/../lib/gcc/riscv-none-embed/8.2.0/../../../../riscv-none-embed/lib/rv32imac/ilp32\libm.a(lib_a-s_sin.o)
                              ./Task/app_gps.o (sin)
d:/软件工具/mounriver_studio_setup_v142/mounriver_studio/toolchain/risc-v embedded gcc/bin/../lib/gcc/riscv-none-embed/8.2.0/../../../../riscv-none-embed/lib/rv32imac/ilp32\libm.a(lib_a-w_asin.o)
                              ./Task/app_gps.o (asin)
d:/软件工具/mounriver_studio_setup_v142/mounriver_studio/toolchain/risc-v embedded gcc/bin/../lib/gcc/riscv-none-embed/8.2.0/../../../../riscv-none-embed/lib/rv32imac/ilp32\libm.a(lib_a-w_pow.o)
                              ./Task/app_gps.o (pow)
d:/软件工具/mounriver_studio_setup_v142/mounriver_studio/toolchain/risc-v embedded gcc/bin/../lib/gcc/riscv-none-embed/8.2.0/../../../../riscv-none-embed/lib/rv32imac/ilp32\libm.a(lib_a-w_sqrt.o)
                              ./Task/app_gps.o (sqrt)
d:/软件工具/mounriver_studio_setup_v142/mounriver_studio/toolchain/risc-v embedded gcc/bin/../lib/gcc/riscv-none-embed/8.2.0/../../../../riscv-none-embed/lib/rv32imac/ilp32\libm.a(lib_a-e_asin.o)
                              d:/软件工具/mounriver_studio_setup_v142/mounriver_studio/toolchain/risc-v embedded gcc/bin/../lib/gcc/riscv-none-embed/8.2.0/../../../../riscv-none-embed/lib/rv32imac/ilp32\libm.a(lib_a-w_asin.o) (__ieee754_asin)
d:/软件工具/mounriver_studio_setup_v142/mounriver_studio/toolchain/risc-v embedded gcc/bin/../lib/gcc/riscv-none-embed/8.2.0/../../../../riscv-none-embed/lib/rv32imac/ilp32\libm.a(lib_a-e_pow.o)
                              d:/软件工具/mounriver_studio_setup_v142/mounriver_studio/toolchain/risc-v embedded gcc/bin/../lib/gcc/riscv-none-embed/8.2.0/../../../../riscv-none-embed/lib/rv32imac/ilp32\libm.a(lib_a-w_pow.o) (__ieee754_pow)
d:/软件工具/mounriver_studio_setup_v142/mounriver_studio/toolchain/risc-v embedded gcc/bin/../lib/gcc/riscv-none-embed/8.2.0/../../../../riscv-none-embed/lib/rv32imac/ilp32\libm.a(lib_a-e_rem_pio2.o)
                              d:/软件工具/mounriver_studio_setup_v142/mounriver_studio/toolchain/risc-v embedded gcc/bin/../lib/gcc/riscv-none-embed/8.2.0/../../../../riscv-none-embed/lib/rv32imac/ilp32\libm.a(lib_a-s_cos.o) (__ieee754_rem_pio2)
d:/软件工具/mounriver_studio_setup_v142/mounriver_studio/toolchain/risc-v embedded gcc/bin/../lib/gcc/riscv-none-embed/8.2.0/../../../../riscv-none-embed/lib/rv32imac/ilp32\libm.a(lib_a-e_sqrt.o)
                              d:/软件工具/mounriver_studio_setup_v142/mounriver_studio/toolchain/risc-v embedded gcc/bin/../lib/gcc/riscv-none-embed/8.2.0/../../../../riscv-none-embed/lib/rv32imac/ilp32\libm.a(lib_a-w_sqrt.o) (__ieee754_sqrt)
d:/软件工具/mounriver_studio_setup_v142/mounriver_studio/toolchain/risc-v embedded gcc/bin/../lib/gcc/riscv-none-embed/8.2.0/../../../../riscv-none-embed/lib/rv32imac/ilp32\libm.a(lib_a-k_cos.o)
                              d:/软件工具/mounriver_studio_setup_v142/mounriver_studio/toolchain/risc-v embedded gcc/bin/../lib/gcc/riscv-none-embed/8.2.0/../../../../riscv-none-embed/lib/rv32imac/ilp32\libm.a(lib_a-s_cos.o) (__kernel_cos)
d:/软件工具/mounriver_studio_setup_v142/mounriver_studio/toolchain/risc-v embedded gcc/bin/../lib/gcc/riscv-none-embed/8.2.0/../../../../riscv-none-embed/lib/rv32imac/ilp32\libm.a(lib_a-k_rem_pio2.o)
                              d:/软件工具/mounriver_studio_setup_v142/mounriver_studio/toolchain/risc-v embedded gcc/bin/../lib/gcc/riscv-none-embed/8.2.0/../../../../riscv-none-embed/lib/rv32imac/ilp32\libm.a(lib_a-e_rem_pio2.o) (__kernel_rem_pio2)
d:/软件工具/mounriver_studio_setup_v142/mounriver_studio/toolchain/risc-v embedded gcc/bin/../lib/gcc/riscv-none-embed/8.2.0/../../../../riscv-none-embed/lib/rv32imac/ilp32\libm.a(lib_a-k_sin.o)
                              d:/软件工具/mounriver_studio_setup_v142/mounriver_studio/toolchain/risc-v embedded gcc/bin/../lib/gcc/riscv-none-embed/8.2.0/../../../../riscv-none-embed/lib/rv32imac/ilp32\libm.a(lib_a-s_cos.o) (__kernel_sin)
d:/软件工具/mounriver_studio_setup_v142/mounriver_studio/toolchain/risc-v embedded gcc/bin/../lib/gcc/riscv-none-embed/8.2.0/../../../../riscv-none-embed/lib/rv32imac/ilp32\libm.a(lib_a-s_fabs.o)
                              d:/软件工具/mounriver_studio_setup_v142/mounriver_studio/toolchain/risc-v embedded gcc/bin/../lib/gcc/riscv-none-embed/8.2.0/../../../../riscv-none-embed/lib/rv32imac/ilp32\libm.a(lib_a-w_asin.o) (fabs)
[...]
Memory Configuration

Name             Origin             Length             Attributes
FLASH            0x0000000000000000 0x0000000000064000 xr
RAM              0x0000000020000000 0x0000000000008000 xrw
*default*        0x0000000000000000 0xffffffffffffffff

Linker script and memory map

LOAD ./Task/aes.o
LOAD ./Task/app_atcmd.o
LOAD ./Task/app_bleprotocol.o
LOAD ./Task/app_db.o
LOAD ./Task/app_encrypt.o
LOAD ./Task/app_gps.o
LOAD ./Task/app_instructioncmd.o
LOAD ./Task/app_jt808.o
LOAD ./Task/app_kernal.o
LOAD ./Task/app_mir3da.o
LOAD ./Task/app_net.o
LOAD ./Task/app_param.o
LOAD ./Task/app_port.o
LOAD ./Task/app_protocol.o
LOAD ./Task/app_server.o
LOAD ./Task/app_socket.o
LOAD ./Task/app_sys.o
LOAD ./Task/app_task.o
LOAD ./StdPeriphDriver/CH58x_adc.o
LOAD ./StdPeriphDriver/CH58x_clk.o
LOAD ./StdPeriphDriver/CH58x_flash.o
LOAD ./StdPeriphDriver/CH58x_gpio.o
LOAD ./StdPeriphDriver/CH58x_i2c.o
LOAD ./StdPeriphDriver/CH58x_pwm.o
LOAD ./StdPeriphDriver/CH58x_pwr.o
LOAD ./StdPeriphDriver/CH58x_spi0.o
LOAD ./StdPeriphDriver/CH58x_spi1.o
LOAD ./StdPeriphDriver/CH58x_sys.o
LOAD ./StdPeriphDriver/CH58x_timer0.o
LOAD ./StdPeriphDriver/CH58x_timer1.o
LOAD ./StdPeriphDriver/CH58x_timer2.o
LOAD ./StdPeriphDriver/CH58x_timer3.o
LOAD ./StdPeriphDriver/CH58x_uart0.o
LOAD ./StdPeriphDriver/CH58x_uart1.o
LOAD ./StdPeriphDriver/CH58x_uart2.o
LOAD ./StdPeriphDriver/CH58x_uart3.o
LOAD ./StdPeriphDriver/CH58x_usb2dev.o
LOAD ./StdPeriphDriver/CH58x_usb2hostBase.o
LOAD ./StdPeriphDriver/CH58x_usb2hostClass.o
LOAD ./StdPeriphDriver/CH58x_usbdev.o
LOAD ./StdPeriphDriver/CH58x_usbhostBase.o
LOAD ./StdPeriphDriver/CH58x_usbhostClass.o
LOAD ./Startup/startup_CH583.o
LOAD ./RVMSIS/core_riscv.o
LOAD ./HAL/KEY.o
LOAD ./HAL/LED.o
LOAD ./HAL/MCU.o
LOAD ./HAL/RTC.o
LOAD ./HAL/SLEEP.o
LOAD ./APP/app_broadcaster.o
LOAD ./APP/app_central.o
LOAD ./APP/app_main.o
LOAD ./APP/app_peripheral.o
LOAD ../StdPeriphDriver\libISP583.a
LOAD d:/软件工具/mounriver_studio_setup_v142/mounriver_studio/toolchain/risc-v embedded gcc/bin/../lib/gcc/riscv-none-embed/8.2.0/../../../../riscv-none-embed/lib/rv32imac/ilp32\libm.a
LOAD R:\CODE\CHcode\CH582\PT02_ML307A\PT02_ML307A_app\LIB\libCH58xBLE.a
LOAD d:/软件工具/mounriver_studio_setup_v142/mounriver_studio/toolchain/risc-v embedded gcc/bin/../lib/gcc/riscv-none-embed/8.2.0/rv32imac/ilp32\libgcc.a
LOAD d:/软件工具/mounriver_studio_setup_v142/mounriver_studio/toolchain/risc-v embedded gcc/bin/../lib/gcc/riscv-none-embed/8.2.0/../../../../riscv-none-embed/lib/rv32imac/ilp32\libg_nano.a
LOAD d:/软件工具/mounriver_studio_setup_v142/mounriver_studio/toolchain/risc-v embedded gcc/bin/../lib/gcc/riscv-none-embed/8.2.0/../../../../riscv-none-embed/lib/rv32imac/ilp32\libc_nano.a
LOAD d:/软件工具/mounriver_studio_setup_v142/mounriver_studio/toolchain/risc-v embedded gcc/bin/../lib/gcc/riscv-none-embed/8.2.0/rv32imac/ilp32\libgcc.a
START GROUP
LOAD d:/软件工具/mounriver_studio_setup_v142/mounriver_studio/toolchain/risc-v embedded gcc/bin/../lib/gcc/riscv-none-embed/8.2.0/rv32imac/ilp32\libgcc.a
LOAD d:/软件工具/mounriver_studio_setup_v142/mounriver_studio/toolchain/risc-v embedded gcc/bin/../lib/gcc/riscv-none-embed/8.2.0/../../../../riscv-none-embed/lib/rv32imac/ilp32\libc_nano.a
LOAD d:/软件工具/mounriver_studio_setup_v142/mounriver_studio/toolchain/risc-v embedded gcc/bin/../lib/gcc/riscv-none-embed/8.2.0/../../../../riscv-none-embed/lib/rv32imac/ilp32\libnosys.a
END GROUP
START GROUP
LOAD d:/软件工具/mounriver_studio_setup_v142/mounriver_studio/toolchain/risc-v embedded gcc/bin/../lib/gcc/riscv-none-embed/8.2.0/rv32imac/ilp32\libgcc.a
LOAD d:/软件工具/mounriver_studio_setup_v142/mounriver_studio/toolchain/risc-v embedded gcc/bin/../lib/gcc/riscv-none-embed/8.2.0/../../../../riscv-none-embed/lib/rv32imac/ilp32\libc_nano.a
LOAD d:/软件工具/mounriver_studio_setup_v142/mounriver_studio/toolchain/risc-v embedded gcc/bin/../lib/gcc/riscv-none-embed/8.2.0/../../../../riscv-none-embed/lib/rv32imac/ilp32\libnosys.a
END GROUP

.init           0x0000000000000000        0x4
                0x0000000000000000                _sinit = .
                0x0000000000000000                . = ALIGN (0x4)
 *(SORT_NONE(.init))
 .init          0x0000000000000000        0x4 ./Startup/startup_CH583.o
                0x0000000000000000                _start
                0x0000000000000004                . = ALIGN (0x4)
                0x0000000000000004                _einit = .

.highcodelalign
                0x0000000000000004        0x0
                0x0000000000000004                . = ALIGN (0x4)
                0x0000000000000004                PROVIDE (_highcode_lma = .)

.highcode       0x0000000020000000     0x2328 load address 0x0000000000000004
                0x0000000020000000                . = ALIGN (0x4)
                0x0000000020000000                PROVIDE (_highcode_vma_start = .)
 *(.vector)
 .vector        0x0000000020000000       0x90 ./Startup/startup_CH583.o
 *(SORT_NONE(.vector_handler))
 .vector_handler
                0x0000000020000090       0x36 ./Startup/startup_CH583.o
                0x0000000020000090                NMI_Handler
                0x0000000020000094                Ecall_M_Mode_Handler
                0x0000000020000096                Ecall_U_Mode_Handler
                0x0000000020000098                Break_Point_Handler
                0x000000002000009a                SysTick_Handler
                0x000000002000009c                SW_Handler
                0x000000002000009e                TMR0_IRQHandler
                0x00000000200000a4                SPI0_IRQHandler
                0x00000000200000a6                BB_IRQHandler
                0x00000000200000a8                LLE_IRQHandler
                0x00000000200000aa                USB_IRQHandler
                0x00000000200000ac                USB2_IRQHandler
                0x00000000200000ae                TMR1_IRQHandler
                0x00000000200000b0                TMR2_IRQHandler
                0x00000000200000b8                ADC_IRQHandler
                0x00000000200000ba                I2C_IRQHandler
                0x00000000200000bc                PWMX_IRQHandler
                0x00000000200000be                TMR3_IRQHandler
                0x00000000200000c4                WDOG_BAT_IRQHandler
 *(.highcode)
 .highcode      0x00000000200000c6      0x2ac ./Task/app_port.o
                0x00000000200000c6                UART0_IRQHandler
                0x000000002000015a                UART1_IRQHandler
                0x00000000200001ee                UART2_IRQHandler
                0x0000000020000282                UART3_IRQHandler
                0x0000000020000316                GPIOA_IRQHandler
                0x0000000020000344                GPIOB_IRQHandler
 .highcode      0x0000000020000372      0x22c ./StdPeriphDriver/CH58x_sys.o
                0x0000000020000372                SetSysClock
                0x00000000200004e6                SYS_ResetExecute
                0x0000000020000522                HardFault_Handler
                0x0000000020000568                mDelayuS
                0x0000000020000576                mDelaymS
 .highcode      0x000000002000059e       0x1a ./HAL/RTC.o
                0x000000002000059e                RTC_IRQHandler
 .highcode      0x00000000200005b8        0x8 ./APP/app_main.o
                0x00000000200005b8                Main_Circulation
 .highcode      0x00000000200005c0      0x426 ../StdPeriphDriver\libISP583.a(ISP583.o)
                0x00000000200005c0                FLASH_ROM_BEG
                0x00000000200005d2                FLASH_ROM_END
                0x00000000200005e0                FLASH_ROM_IN
                0x00000000200005ee                FLASH_ROM_OUT
                0x00000000200005fc                FLASH_ROM_ADDR
                0x0000000020000644                FLASH_ROM_WAIT
                0x000000002000067c                FLASH_EEPROM_CMD
 .highcode      0x00000000200009e6      0x44c R:\CODE\CHcode\CH582\PT02_ML307A\PT02_ML307A_app\LIB\libCH58xBLE.a(tmos.o)
                0x00000000200009e6                tmos_memcpy
                0x0000000020000a06                tmos_memcpy_word
                0x0000000020000a1e                tmos_memset
                0x0000000020000a30                tmos_strlen
                0x0000000020000a44                tmos_memdup
                0x0000000020000a76                tmos_memcmp
                0x0000000020000aa4                tmos_revmemcpy
                0x0000000020000ac0                tmos_isbufset
                0x0000000020000ae2                tmos_proces_system_time
                0x0000000020000c2c                TMOS_SystemProcess
 .highcode      0x0000000020000e32       0x4c R:\CODE\CHcode\CH582\PT02_ML307A\PT02_ML307A_app\LIB\libCH58xBLE.a(tmos_hw.o)
                0x0000000020000e7c                TMOS_TimerIRQHandler
 .highcode      0x0000000020000e7e      0x2d2 R:\CODE\CHcode\CH582\PT02_ML307A\PT02_ML307A_app\LIB\libCH58xBLE.a(ll_connect.o)
                0x0000000020000e7e                ll_connect_send_data
                0x0000000020000fa6                ll_connect_recv_data
                0x0000000020001086                ll_connect_event_continue
 .highcode      0x0000000020001150      0x310 R:\CODE\CHcode\CH582\PT02_ML307A\PT02_ML307A_app\LIB\libCH58xBLE.a(ll_hop.o)
                0x0000000020001150                LL_HopGetChannel
                0x00000000200011f6                LL_HopGetChannel2
 .highcode      0x0000000020001460       0xa4 R:\CODE\CHcode\CH582\PT02_ML307A\PT02_ML307A_app\LIB\libCH58xBLE.a(ll_scan.o)
                0x0000000020001460                ll_scan_duplicate_filter
 .highcode      0x0000000020001504       0x50 R:\CODE\CHcode\CH582\PT02_ML307A\PT02_ML307A_app\LIB\libCH58xBLE.a(ll_whitelist.o)
                0x0000000020001504                LL_WhitelistLookup
 .highcode      0x0000000020001554      0x1e0 R:\CODE\CHcode\CH582\PT02_ML307A\PT02_ML307A_app\LIB\libCH58xBLE.a(aes.o)
                0x0000000020001554                AES_DevAESEnc
 .highcode      0x0000000020001734      0x15a R:\CODE\CHcode\CH582\PT02_ML307A\PT02_ML307A_app\LIB\libCH58xBLE.a(bb.o)
                0x0000000020001734                BB_IRQLibHandler
                0x0000000020001844                BB_IRQLibFunction
 .highcode      0x000000002000188e      0x3dc R:\CODE\CHcode\CH582\PT02_ML307A\PT02_ML307A_app\LIB\libCH58xBLE.a(ip.o)
                0x000000002000188e                ll_rx_wait_finish
                0x00000000200018cc                ble_ll_chkcrc
                0x000000002000196e                ll_tx_wait_finish
                0x0000000020001a92                BLE_CheckHoppingMap
 .highcode      0x0000000020001c6a      0x23c R:\CODE\CHcode\CH582\PT02_ML307A\PT02_ML307A_app\LIB\libCH58xBLE.a(lle.o)
                0x0000000020001c6a                LLE_IRQLibHandler
                0x0000000020001e5c                LLE_IRQLibFunction
 .highcode      0x0000000020001ea6      0x1be R:\CODE\CHcode\CH582\PT02_ML307A\PT02_ML307A_app\LIB\libCH58xBLE.a(rf_fh.o)
                0x0000000020001ea6                RF_HopGetChannel
                0x0000000020001f14                RF_FrequencyHoppingGet
                0x0000000020001fca                RF_FrequencyHoppingChange
 .highcode      0x0000000020002064       0x30 R:\CODE\CHcode\CH582\PT02_ML307A\PT02_ML307A_app\LIB\libCH58xBLE.a(rfend.o)
                0x0000000020002064                RFEND_WaitTune
 .highcode      0x0000000020002094      0x1ba R:\CODE\CHcode\CH582\PT02_ML307A\PT02_ML307A_app\LIB\libCH58xBLE.a(memory.o)
                0x0000000020002094                tmos_memory_allocate
                0x0000000020002166                tmos_memory_free
 .highcode      0x000000002000224e       0xd8 R:\CODE\CHcode\CH582\PT02_ML307A\PT02_ML307A_app\LIB\libCH58xBLE.a(ll_resolvinglist.o)
                0x000000002000224e                LL_ResolvinglistPeerIdentifyAddressGetIrk
                0x00000000200022a2                LL_ResolvinglistPeerRpaAddressGetIrk
                0x00000000200022e4                LL_ResolvinglistLocalRpaAddressGetIrk
 *(.highcode.*)
                0x0000000020002328                . = ALIGN (0x4)
 *fill*         0x0000000020002326        0x2 
                0x0000000020002328                PROVIDE (_highcode_vma_end = .)

.text           0x0000000000002330    0x48f30
                0x0000000000002330                . = ALIGN (0x4)
 *(SORT_NONE(.handle_reset))
 .handle_reset  0x0000000000002330       0xb2 ./Startup/startup_CH583.o
                0x0000000000002330                handle_reset
 *(.text)
 .text          0x00000000000023e2       0xa8 d:/软件工具/mounriver_studio_setup_v142/mounriver_studio/toolchain/risc-v embedded gcc/bin/../lib/gcc/riscv-none-embed/8.2.0/../../../../riscv-none-embed/lib/rv32imac/ilp32\libg_nano.a(lib_a-memset.o)
                0x00000000000023e2                memset
 .text          0x000000000000248a      0x11e d:/软件工具/mounriver_studio_setup_v142/mounriver_studio/toolchain/risc-v embedded gcc/bin/../lib/gcc/riscv-none-embed/8.2.0/../../../../riscv-none-embed/lib/rv32imac/ilp32\libg_nano.a(lib_a-strcmp.o)
                0x000000000000248a                strcmp
 *(.text.*)
 .text.convertToIntArray
                0x00000000000025a8       0x2a ./Task/aes.o
 .text.splitIntToArray
                0x00000000000025d2       0x22 ./Task/aes.o
 .text.leftLoop4int
                0x00000000000025f4       0x34 ./Task/aes.o
 .text.extendKey
                0x0000000000002628       0xf0 ./Task/aes.o
 .text.addRoundKey
                0x0000000000002718       0x5e ./Task/aes.o
 .text.shiftRows
                0x0000000000002776       0x70 ./Task/aes.o
 .text.GFMul2   0x00000000000027e6       0x12 ./Task/aes.o
 .text.GFMul4   0x00000000000027f8        0xc ./Task/aes.o
 .text.convertArrayToStr
                0x0000000000002804       0x2c ./Task/aes.o
 .text.deSubBytes
                0x0000000000002830       0x38 ./Task/aes.o
 .text.rightLoop4int
                0x0000000000002868       0x44 ./Task/aes.o
 .text.deShiftRows
                0x00000000000028ac       0x70 ./Task/aes.o
 .text.subBytes
                0x000000000000291c       0x38 ./Task/aes.o
 .text.GFMul    0x0000000000002954       0x84 ./Task/aes.o
 .text.deMixColumns
                0x00000000000029d8       0xba ./Task/aes.o
 .text.aes      0x0000000000002a92      0x146 ./Task/aes.o
                0x0000000000002a92                aes
 .text.deAes    0x0000000000002bd8      0x11c ./Task/aes.o
                0x0000000000002bd8                deAes
 .text.encryptData
                0x0000000000002cf4       0xb0 ./Task/aes.o
                0x0000000000002cf4                encryptData
 .text.dencryptData
                0x0000000000002da4       0x94 ./Task/aes.o
                0x0000000000002da4                dencryptData
 .text.atCmdIMEIParser
                0x0000000000002e38       0x2c ./Task/app_atcmd.o
                0x0000000000002e38                atCmdIMEIParser
 .text.atCmdParserFunction
                0x0000000000002e64      0x6c0 ./Task/app_atcmd.o
                0x0000000000002e64                atCmdParserFunction
 .text.bleSendProtocol.constprop.0
                0x0000000000003524       0x72 ./Task/app_bleprotocol.o
 .text.bleSendDataReqSet
                0x0000000000003596       0x4c ./Task/app_bleprotocol.o
                0x0000000000003596                bleSendDataReqSet
 .text.bleSendDataReqClear
                0x00000000000035e2       0x50 ./Task/app_bleprotocol.o
                0x00000000000035e2                bleSendDataReqClear
 .text.bleProtoclRecvParser
                0x0000000000003632      0x1f0 ./Task/app_bleprotocol.o
                0x0000000000003632                bleProtoclRecvParser
 .text.bleProtocolSendEventTask
                0x0000000000003822       0x88 ./Task/app_bleprotocol.o
                0x0000000000003822                bleProtocolSendEventTask
 .text.dbInfoWrite
                0x00000000000038aa       0x34 ./Task/app_db.o
 .text.dbSectionWrite
                0x00000000000038de      0x14a ./Task/app_db.o
 .text.dbInfoClear
                0x0000000000003a28       0x36 ./Task/app_db.o
                0x0000000000003a28                dbInfoClear
 .text.dbInfoRead
                0x0000000000003a5e       0x42 ./Task/app_db.o
                0x0000000000003a5e                dbInfoRead
 .text.dbUpload
                0x0000000000003aa0      0x11e ./Task/app_db.o
                0x0000000000003aa0                dbUpload
 .text.dbCircularWrite
                0x0000000000003bbe       0xb4 ./Task/app_db.o
                0x0000000000003bbe                dbCircularWrite
 .text.dbSaveRelease
                0x0000000000003c72       0x50 ./Task/app_db.o
                0x0000000000003c72                dbSaveRelease
 .text.dbSave   0x0000000000003cc2       0x60 ./Task/app_db.o
                0x0000000000003cc2                dbSave
 .text.dbCircularRead
                0x0000000000003d22      0x10a ./Task/app_db.o
                0x0000000000003d22                dbCircularRead
 .text.encryptStr
                0x0000000000003e2c       0xec ./Task/app_encrypt.o
                0x0000000000003e2c                encryptStr
 .text.dencryptStr
                0x0000000000003f18      0x10e ./Task/app_encrypt.o
                0x0000000000003f18                dencryptStr
 .text.startAuthentication
                0x0000000000004026       0x5a ./Task/app_encrypt.o
                0x0000000000004026                startAuthentication
 .text.recordLastMilePoint
                0x0000000000004080       0x2c ./Task/app_gps.o
 .text.initLastPoint
                0x00000000000040ac       0x38 ./Task/app_gps.o
 .text.charstrToHexValue
                0x00000000000040e4       0xda ./Task/app_gps.o
                0x00000000000040e4                charstrToHexValue
 .text.parse_GSA
                0x00000000000041be       0x3a ./Task/app_gps.o
                0x00000000000041be                parse_GSA
 .text.parse_GSV
                0x00000000000041f8      0x1fa ./Task/app_gps.o
                0x00000000000041f8                parse_GSV
 .text.parse_GGA
                0x00000000000043f2       0x4c ./Task/app_gps.o
                0x00000000000043f2                parse_GGA
 .text.parse_TXT
                0x000000000000443e       0x70 ./Task/app_gps.o
                0x000000000000443e                parse_TXT
 .text.latitude_to_double
                0x00000000000044ae       0xbc ./Task/app_gps.o
                0x00000000000044ae                latitude_to_double
 .text.longitude_to_double
                0x000000000000456a       0xbc ./Task/app_gps.o
                0x000000000000456a                longitude_to_double
 .text.changeUTCTimeToLocalTime
                0x0000000000004626      0x17e ./Task/app_gps.o
                0x0000000000004626                changeUTCTimeToLocalTime
 .text.updateLocalRTCTime
                0x00000000000047a4       0x86 ./Task/app_gps.o
                0x00000000000047a4                updateLocalRTCTime
 .text.showgpsinfo
                0x000000000000482a      0x1b6 ./Task/app_gps.o
                0x000000000000482a                showgpsinfo
 .text.parse_RMC
                0x00000000000049e0      0x242 ./Task/app_gps.o
                0x00000000000049e0                parse_RMC
 .text.parseGPS
                0x0000000000004c22      0x182 ./Task/app_gps.o
                0x0000000000004c22                parseGPS
 .text.nmeaParser
                0x0000000000004da4       0x80 ./Task/app_gps.o
                0x0000000000004da4                nmeaParser
 .text.gpsClearCurrentGPSInfo
                0x0000000000004e24       0x2e ./Task/app_gps.o
                0x0000000000004e24                gpsClearCurrentGPSInfo
 .text.getCurrentGPSInfo
                0x0000000000004e52       0x16 ./Task/app_gps.o
                0x0000000000004e52                getCurrentGPSInfo
 .text.getLastFixedGPSInfo
                0x0000000000004e68        0x6 ./Task/app_gps.o
                0x0000000000004e68                getLastFixedGPSInfo
 .text.calculateTheDistanceBetweenTwoPonits
                0x0000000000004e6e      0x15e ./Task/app_gps.o
                0x0000000000004e6e                calculateTheDistanceBetweenTwoPonits
 .text.gpsUploadPointToServer
                0x0000000000004fcc      0x306 ./Task/app_gps.o
                0x0000000000004fcc                gpsUploadPointToServer
 .text.ClearLastMilePoint
                0x00000000000052d2        0xe ./Task/app_gps.o
                0x00000000000052d2                ClearLastMilePoint
 .text.gpsMileRecord
                0x00000000000052e0      0x1e4 ./Task/app_gps.o
                0x00000000000052e0                gpsMileRecord
 .text.sendMsgWithMode
                0x00000000000054c4       0xa6 ./Task/app_instructioncmd.o
 .text.serverChangeCallBack
                0x000000000000556a       0x14 ./Task/app_instructioncmd.o
 .text.dorequestSend123
                0x000000000000557e       0xe2 ./Task/app_instructioncmd.o
                0x000000000000557e                dorequestSend123
 .text.do123Instruction
                0x0000000000005660       0x80 ./Task/app_instructioncmd.o
                0x0000000000005660                do123Instruction
 .text.doAPNInstruction
                0x00000000000056e0      0x124 ./Task/app_instructioncmd.o
                0x00000000000056e0                doAPNInstruction
 .text.doUPSInstruction
                0x0000000000005804       0xf8 ./Task/app_instructioncmd.o
                0x0000000000005804                doUPSInstruction
 .text.doLOWWInstruction
                0x00000000000058fc       0xaa ./Task/app_instructioncmd.o
                0x00000000000058fc                doLOWWInstruction
 .text.doLEDInstruction
                0x00000000000059a6       0x7a ./Task/app_instructioncmd.o
                0x00000000000059a6                doLEDInstruction
 .text.doPOITYPEInstruction
                0x0000000000005a20       0xde ./Task/app_instructioncmd.o
                0x0000000000005a20                doPOITYPEInstruction
 .text.doResetInstruction
                0x0000000000005afe       0x38 ./Task/app_instructioncmd.o
                0x0000000000005afe                doResetInstruction
 .text.doUTCInstruction
                0x0000000000005b36       0xc4 ./Task/app_instructioncmd.o
                0x0000000000005b36                doUTCInstruction
 .text.doDebugInstrucion
                0x0000000000005bfa      0x146 ./Task/app_instructioncmd.o
                0x0000000000005bfa                doDebugInstrucion
 .text.doACCCTLGNSSInstrucion
                0x0000000000005d40       0x94 ./Task/app_instructioncmd.o
                0x0000000000005d40                doACCCTLGNSSInstrucion
 .text.doAccdetmodeInstruction
                0x0000000000005dd4       0xac ./Task/app_instructioncmd.o
                0x0000000000005dd4                doAccdetmodeInstruction
 .text.doFenceInstrucion
                0x0000000000005e80       0x5c ./Task/app_instructioncmd.o
                0x0000000000005e80                doFenceInstrucion
 .text.doIccidInstrucion
                0x0000000000005edc       0x2a ./Task/app_instructioncmd.o
                0x0000000000005edc                doIccidInstrucion
 .text.doFactoryInstrucion
                0x0000000000005f06       0x44 ./Task/app_instructioncmd.o
                0x0000000000005f06                doFactoryInstrucion
 .text.doSetAgpsInstruction
                0x0000000000005f4a      0x12c ./Task/app_instructioncmd.o
                0x0000000000005f4a                doSetAgpsInstruction
 .text.doBFInstruction
                0x0000000000006076       0x2a ./Task/app_instructioncmd.o
                0x0000000000006076                doBFInstruction
 .text.doCFInstruction
                0x00000000000060a0       0x28 ./Task/app_instructioncmd.o
                0x00000000000060a0                doCFInstruction
 .text.doProtectVolInstrucion
                0x00000000000060c8       0x88 ./Task/app_instructioncmd.o
                0x00000000000060c8                doProtectVolInstrucion
 .text.doTimerInstrucion
                0x0000000000006150       0xa4 ./Task/app_instructioncmd.o
                0x0000000000006150                doTimerInstrucion
 .text.doSOSInstruction
                0x00000000000061f4      0x206 ./Task/app_instructioncmd.o
                0x00000000000061f4                doSOSInstruction
 .text.doCenterInstruction
                0x00000000000063fa      0x19a ./Task/app_instructioncmd.o
                0x00000000000063fa                doCenterInstruction
 .text.doSosAlmInstruction
                0x0000000000006594      0x104 ./Task/app_instructioncmd.o
                0x0000000000006594                doSosAlmInstruction
 .text.instructionParser
                0x0000000000006698     0x1528 ./Task/app_instructioncmd.o
                0x0000000000006698                instructionParser
 .text.jt808GetSerial
                0x0000000000007bc0       0x12 ./Task/app_jt808.o
 .text.jt808PackMessageTail
                0x0000000000007bd2       0x54 ./Task/app_jt808.o
 .text.byteToBcd
                0x0000000000007c26       0x1c ./Task/app_jt808.o
 .text.jt808gpsRestoreChange
                0x0000000000007c42       0xee ./Task/app_jt808.o
 .text.jt808Escape
                0x0000000000007d30       0xea ./Task/app_jt808.o
 .text.transmissionF8.isra.1
                0x0000000000007e1a       0x88 ./Task/app_jt808.o
 .text.jt808UpdateStatus.part.3
                0x0000000000007ea2       0x10 ./Task/app_jt808.o
 .text.jt808PackGpsinfo
                0x0000000000007eb2      0x1f2 ./Task/app_jt808.o
 .text.jt808PackMessageHead.constprop.14
                0x00000000000080a4       0x46 ./Task/app_jt808.o
 .text.jt808PositionInfo.constprop.15
                0x00000000000080ea      0x1fe ./Task/app_jt808.o
 .text.jt808TerminalPosition.constprop.13
                0x00000000000082e8      0x4d2 ./Task/app_jt808.o
 .text.jt808CreateSn
                0x00000000000087ba       0x56 ./Task/app_jt808.o
                0x00000000000087ba                jt808CreateSn
 .text.jt808UpdateStatus
                0x0000000000008810       0x16 ./Task/app_jt808.o
                0x0000000000008810                jt808UpdateStatus
 .text.jt808UpdateAlarm
                0x0000000000008826       0x18 ./Task/app_jt808.o
                0x0000000000008826                jt808UpdateAlarm
 .text.jt808RegisterTcpSend
                0x000000000000883e       0x12 ./Task/app_jt808.o
                0x000000000000883e                jt808RegisterTcpSend
 .text.jt808RegisterLoginInfo
                0x0000000000008850       0x8c ./Task/app_jt808.o
                0x0000000000008850                jt808RegisterLoginInfo
 .text.jt808RegisterManufactureId
                0x00000000000088dc       0x16 ./Task/app_jt808.o
                0x00000000000088dc                jt808RegisterManufactureId
 .text.jt808RegisterTerminalType
                0x00000000000088f2       0x16 ./Task/app_jt808.o
                0x00000000000088f2                jt808RegisterTerminalType
 .text.jt808RegisterTerminalId
                0x0000000000008908       0x16 ./Task/app_jt808.o
                0x0000000000008908                jt808RegisterTerminalId
 .text.jt808UpdateWifiinfo
                0x000000000000891e       0x64 ./Task/app_jt808.o
                0x000000000000891e                jt808UpdateWifiinfo
 .text.jt808TcpSend
                0x0000000000008982       0x32 ./Task/app_jt808.o
                0x0000000000008982                jt808TcpSend
 .text.jt808TerminalAuthentication
                0x00000000000089b4       0x78 ./Task/app_jt808.o
 .text.jt808TerminalHeartbeat
                0x0000000000008a2c       0x3c ./Task/app_jt808.o
 .text.jt808SendPosition.part.5
                0x0000000000008a68      0x108 ./Task/app_jt808.o
 .text.jt808TranmissionData
                0x0000000000008b70       0x86 ./Task/app_jt808.o
 .text.jt808BatchUpload.constprop.9
                0x0000000000008bf6      0x112 ./Task/app_jt808.o
 .text.jt808TerminalRegister.constprop.12
                0x0000000000008d08      0x10e ./Task/app_jt808.o
 .text.jt808gpsRestoreDataSend
                0x0000000000008e16       0x2a ./Task/app_jt808.o
                0x0000000000008e16                jt808gpsRestoreDataSend
 .text.jt808SendToServer
                0x0000000000008e40      0x346 ./Task/app_jt808.o
                0x0000000000008e40                jt808SendToServer
 .text.jt808MessageSend
                0x0000000000009186       0x1a ./Task/app_jt808.o
                0x0000000000009186                jt808MessageSend
 .text.setJt808BleIns
                0x00000000000091a0       0x16 ./Task/app_jt808.o
                0x00000000000091a0                setJt808BleIns
 .text.jt808ReceiveF8
                0x00000000000091b6       0x8e ./Task/app_jt808.o
 .text.jt808ReceiveParser
                0x0000000000009244      0x472 ./Task/app_jt808.o
                0x0000000000009244                jt808ReceiveParser
 .text.systemTickInc
                0x00000000000096b6        0xc ./Task/app_kernal.o
                0x00000000000096b6                systemTickInc
 .text.startTimer
                0x00000000000096c2      0x106 ./Task/app_kernal.o
                0x00000000000096c2                startTimer
 .text.stopTimer
                0x00000000000097c8       0x76 ./Task/app_kernal.o
                0x00000000000097c8                stopTimer
 .text.kernalRun
                0x000000000000983e       0xbe ./Task/app_kernal.o
                0x000000000000983e                kernalRun
 .text.systemTaskSuspend
                0x00000000000098fc       0x2c ./Task/app_kernal.o
                0x00000000000098fc                systemTaskSuspend
 .text.systemTaskResume
                0x0000000000009928       0x2e ./Task/app_kernal.o
                0x0000000000009928                systemTaskResume
 .text.createSystemTask
                0x0000000000009956        0xc ./Task/app_kernal.o
                0x0000000000009956                createSystemTask
 .text.mir3da_register_read
                0x0000000000009962       0x1a ./Task/app_mir3da.o
                0x0000000000009962                mir3da_register_read
 .text.mir3da_register_write
                0x000000000000997c       0x18 ./Task/app_mir3da.o
                0x000000000000997c                mir3da_register_write
 .text.qma6100p_register_read
                0x0000000000009994       0x1a ./Task/app_mir3da.o
                0x0000000000009994                qma6100p_register_read
 .text.qma6100p_register_write
                0x00000000000099ae       0x18 ./Task/app_mir3da.o
                0x00000000000099ae                qma6100p_register_write
 .text.UpdateGsensorDet
                0x00000000000099c6       0x72 ./Task/app_mir3da.o
                0x00000000000099c6                UpdateGsensorDet
 .text.mir3da_open_interrupt
                0x0000000000009a38       0x48 ./Task/app_mir3da.o
                0x0000000000009a38                mir3da_open_interrupt
 .text.read_gsensor_id
                0x0000000000009a80       0xe8 ./Task/app_mir3da.o
                0x0000000000009a80                read_gsensor_id
 .text.readInterruptConfig
                0x0000000000009b68       0x94 ./Task/app_mir3da.o
                0x0000000000009b68                readInterruptConfig
 .text.qma6100p_init
                0x0000000000009bfc      0x1ce ./Task/app_mir3da.o
                0x0000000000009bfc                qma6100p_init
 .text.da217_init
                0x0000000000009dca       0x8c ./Task/app_mir3da.o
                0x0000000000009dca                da217_init
 .text.mir3da_init
                0x0000000000009e56       0x72 ./Task/app_mir3da.o
                0x0000000000009e56                mir3da_init
 .text.modulePowerOffRelease
                0x0000000000009ec8       0x28 ./Task/app_net.o
 .text.modulePressPowerKey
                0x0000000000009ef0       0x20 ./Task/app_net.o
 .text.modulePowerOffProcess
                0x0000000000009f10       0x22 ./Task/app_net.o
 .text.modulePressReleaseKey
                0x0000000000009f32       0x2e ./Task/app_net.o
 .text.moduleInit
                0x0000000000009f60        0xe ./Task/app_net.o
 .text.modulePowerOn
                0x0000000000009f6e       0x82 ./Task/app_net.o
                0x0000000000009f6e                modulePowerOn
 .text.changeProcess
                0x0000000000009ff0       0x14 ./Task/app_net.o
 .text.miprdParser.constprop.12
                0x000000000000a004      0x27a ./Task/app_net.o
 .text.createNode
                0x000000000000a27e       0xca ./Task/app_net.o
                0x000000000000a27e                createNode
 .text.outputNode
                0x000000000000a348      0x11c ./Task/app_net.o
                0x000000000000a348                outputNode
 .text.sendModuleCmd
                0x000000000000a464       0xd8 ./Task/app_net.o
                0x000000000000a464                sendModuleCmd
 .text.moduleExitFly
                0x000000000000a53c        0xe ./Task/app_net.o
 .text.qirdCmdSend
                0x000000000000a54a       0x2e ./Task/app_net.o
 .text.sendModuleDirect
                0x000000000000a578       0x20 ./Task/app_net.o
                0x000000000000a578                sendModuleDirect
 .text.modulePowerOff
                0x000000000000a598       0x72 ./Task/app_net.o
                0x000000000000a598                modulePowerOff
 .text.moduleReset
                0x000000000000a60a       0x3e ./Task/app_net.o
                0x000000000000a60a                moduleReset
 .text.openSocket
                0x000000000000a648       0x26 ./Task/app_net.o
                0x000000000000a648                openSocket
 .text.closeSocket
                0x000000000000a66e       0x22 ./Task/app_net.o
                0x000000000000a66e                closeSocket
 .text.madcParser
                0x000000000000a690       0xa4 ./Task/app_net.o
                0x000000000000a690                madcParser
 .text.cmtParser
                0x000000000000a734       0xf2 ./Task/app_net.o
                0x000000000000a734                cmtParser
 .text.mipopenParser
                0x000000000000a826       0xea ./Task/app_net.o
                0x000000000000a826                mipopenParser
 .text.isAgpsDataRecvComplete
                0x000000000000a910        0x6 ./Task/app_net.o
                0x000000000000a910                isAgpsDataRecvComplete
 .text.mipurcParser
                0x000000000000a916      0x1d6 ./Task/app_net.o
                0x000000000000a916                mipurcParser
 .text.mipsackParser
                0x000000000000aaec       0xea ./Task/app_net.o
                0x000000000000aaec                mipsackParser
 .text.netResetCsqSearch
                0x000000000000abd6        0xa ./Task/app_net.o
                0x000000000000abd6                netResetCsqSearch
 .text.socketSendData
                0x000000000000abe0       0x5e ./Task/app_net.o
                0x000000000000abe0                socketSendData
 .text.moduleSleepCtl
                0x000000000000ac3e       0x28 ./Task/app_net.o
                0x000000000000ac3e                moduleSleepCtl
 .text.moduleGetCsq
                0x000000000000ac66        0x8 ./Task/app_net.o
                0x000000000000ac66                moduleGetCsq
 .text.moduleGetLbs
                0x000000000000ac6e       0x24 ./Task/app_net.o
                0x000000000000ac6e                moduleGetLbs
 .text.moduleGetWifiScan
                0x000000000000ac92       0x1a ./Task/app_net.o
                0x000000000000ac92                moduleGetWifiScan
 .text.sendMessage
                0x000000000000acac       0x64 ./Task/app_net.o
                0x000000000000acac                sendMessage
 .text.deleteAllMessage
                0x000000000000ad10        0xe ./Task/app_net.o
                0x000000000000ad10                deleteAllMessage
 .text.deleteMessage
                0x000000000000ad1e       0x22 ./Task/app_net.o
                0x000000000000ad1e                deleteMessage
 .text.cmglParser.constprop.11
                0x000000000000ad40      0x106 ./Task/app_net.o
 .text.moduleRecvParser
                0x000000000000ae46      0x9a4 ./Task/app_net.o
                0x000000000000ae46                moduleRecvParser
 .text.queryMessageList
                0x000000000000b7ea       0x22 ./Task/app_net.o
                0x000000000000b7ea                queryMessageList
 .text.querySendData
                0x000000000000b80c       0x24 ./Task/app_net.o
                0x000000000000b80c                querySendData
 .text.queryBatVoltage
                0x000000000000b830       0x10 ./Task/app_net.o
                0x000000000000b830                queryBatVoltage
 .text.netConnectTask
                0x000000000000b840      0x3be ./Task/app_net.o
                0x000000000000b840                netConnectTask
 .text.getModuleRssi
                0x000000000000bbfe        0x6 ./Task/app_net.o
                0x000000000000bbfe                getModuleRssi
 .text.getModuleIMSI
                0x000000000000bc04        0x6 ./Task/app_net.o
                0x000000000000bc04                getModuleIMSI
 .text.getModuleIMEI
                0x000000000000bc0a        0x6 ./Task/app_net.o
                0x000000000000bc0a                getModuleIMEI
 .text.getModuleICCID
                0x000000000000bc10        0x6 ./Task/app_net.o
                0x000000000000bc10                getModuleICCID
 .text.getMCC   0x000000000000bc16        0x6 ./Task/app_net.o
                0x000000000000bc16                getMCC
 .text.getMNC   0x000000000000bc1c        0x6 ./Task/app_net.o
                0x000000000000bc1c                getMNC
 .text.getLac   0x000000000000bc22        0x6 ./Task/app_net.o
                0x000000000000bc22                getLac
 .text.getCid   0x000000000000bc28        0xa ./Task/app_net.o
                0x000000000000bc28                getCid
 .text.getTcpNack
                0x000000000000bc32        0xa ./Task/app_net.o
                0x000000000000bc32                getTcpNack
 .text.getQgmr  0x000000000000bc3c        0x6 ./Task/app_net.o
                0x000000000000bc3c                getQgmr
 .text.isModuleRunNormal
                0x000000000000bc42        0xc ./Task/app_net.o
                0x000000000000bc42                isModuleRunNormal
 .text.stopCall
                0x000000000000bc4e        0xc ./Task/app_net.o
                0x000000000000bc4e                stopCall
 .text.callPhone
                0x000000000000bc5a       0x36 ./Task/app_net.o
                0x000000000000bc5a                callPhone
 .text.bootParamSaveAll
                0x000000000000bc90       0x40 ./Task/app_param.o
                0x000000000000bc90                bootParamSaveAll
 .text.bootParamGetAll
                0x000000000000bcd0       0x18 ./Task/app_param.o
                0x000000000000bcd0                bootParamGetAll
 .text.paramSaveAll
                0x000000000000bce8       0x36 ./Task/app_param.o
                0x000000000000bce8                paramSaveAll
 .text.paramGetAll
                0x000000000000bd1e       0x1a ./Task/app_param.o
                0x000000000000bd1e                paramGetAll
 .text.dynamicParamSaveAll
                0x000000000000bd38       0x3c ./Task/app_param.o
                0x000000000000bd38                dynamicParamSaveAll
 .text.dynamicParamGetAll
                0x000000000000bd74       0x1c ./Task/app_param.o
                0x000000000000bd74                dynamicParamGetAll
 .text.paramDefaultInit
                0x000000000000bd90      0x2d0 ./Task/app_param.o
                0x000000000000bd90                paramDefaultInit
 .text.paramInit
                0x000000000000c060       0xb2 ./Task/app_param.o
                0x000000000000c060                paramInit
 .text.postUartRxData
                0x000000000000c112       0x86 ./Task/app_port.o
 .text.portUpdateAlarmTime
                0x000000000000c198       0x28 ./Task/app_port.o
 .text.pushUartRxData
                0x000000000000c1c0      0x14e ./Task/app_port.o
 .text.iicStart
                0x000000000000c30e       0x44 ./Task/app_port.o
 .text.iicStop  0x000000000000c352       0x66 ./Task/app_port.o
 .text.pollUartData
                0x000000000000c3b8       0x28 ./Task/app_port.o
                0x000000000000c3b8                pollUartData
 .text.portUartCfg
                0x000000000000c3e0      0x33c ./Task/app_port.o
                0x000000000000c3e0                portUartCfg
 .text.portUartSend
                0x000000000000c71c       0x1c ./Task/app_port.o
                0x000000000000c71c                portUartSend
 .text.portModuleGpioCfg
                0x000000000000c738       0x5a ./Task/app_port.o
                0x000000000000c738                portModuleGpioCfg
 .text.portLedGpioCfg
                0x000000000000c792       0x24 ./Task/app_port.o
                0x000000000000c792                portLedGpioCfg
 .text.portGpsGpioCfg
                0x000000000000c7b6       0x22 ./Task/app_port.o
                0x000000000000c7b6                portGpsGpioCfg
 .text.portGpioSetDefCfg
                0x000000000000c7d8       0x18 ./Task/app_port.o
                0x000000000000c7d8                portGpioSetDefCfg
 .text.portSysReset
                0x000000000000c7f0       0x22 ./Task/app_port.o
                0x000000000000c7f0                portSysReset
 .text.portGsensorPwrCtl
                0x000000000000c812       0x42 ./Task/app_port.o
                0x000000000000c812                portGsensorPwrCtl
 .text.portIICCfg
                0x000000000000c854       0x18 ./Task/app_port.o
                0x000000000000c854                portIICCfg
 .text.sdaReadInput
                0x000000000000c86c       0x1e ./Task/app_port.o
                0x000000000000c86c                sdaReadInput
 .text.iicSendOneByte
                0x000000000000c88a       0xec ./Task/app_port.o
 .text.iicReadOneByte
                0x000000000000c976      0x10c ./Task/app_port.o
 .text.iicReadData
                0x000000000000ca82       0x78 ./Task/app_port.o
                0x000000000000ca82                iicReadData
 .text.iicWriteData
                0x000000000000cafa       0x3a ./Task/app_port.o
                0x000000000000cafa                iicWriteData
 .text.portGsensorCtl
                0x000000000000cb34       0xb0 ./Task/app_port.o
                0x000000000000cb34                portGsensorCtl
 .text.portGetTimestamp
                0x000000000000cbe4       0x50 ./Task/app_port.o
                0x000000000000cbe4                portGetTimestamp
 .text.portConvertTimestampToTime
                0x000000000000cc34      0x114 ./Task/app_port.o
                0x000000000000cc34                portConvertTimestampToTime
 .text.portConvertTimeToTimestamp
                0x000000000000cd48       0xea ./Task/app_port.o
                0x000000000000cd48                portConvertTimeToTimestamp
 .text.portSetTimestamp
                0x000000000000ce32       0x58 ./Task/app_port.o
                0x000000000000ce32                portSetTimestamp
 .text.portGetRtcDateTime
                0x000000000000ce8a       0x62 ./Task/app_port.o
                0x000000000000ce8a                portGetRtcDateTime
 .text.portUpdateRtcOffset
                0x000000000000ceec       0xf8 ./Task/app_port.o
                0x000000000000ceec                portUpdateRtcOffset
 .text.portSetNextAlarmTime
                0x000000000000cfe4      0x102 ./Task/app_port.o
                0x000000000000cfe4                portSetNextAlarmTime
 .text.portAdcCfg
                0x000000000000d0e6        0xa ./Task/app_port.o
                0x000000000000d0e6                portAdcCfg
 .text.portGetAdcVol
                0x000000000000d0f0       0xae ./Task/app_port.o
                0x000000000000d0f0                portGetAdcVol
 .text.portSleepEn
                0x000000000000d19e        0x6 ./Task/app_port.o
                0x000000000000d19e                portSleepEn
 .text.portSleepDn
                0x000000000000d1a4        0x6 ./Task/app_port.o
                0x000000000000d1a4                portSleepDn
 .text.portGetSleepState
                0x000000000000d1aa       0x1c ./Task/app_port.o
                0x000000000000d1aa                portGetSleepState
 .text.portWdtCfg
                0x000000000000d1c6        0xe ./Task/app_port.o
                0x000000000000d1c6                portWdtCfg
 .text.portWdtFeed
                0x000000000000d1d4        0xa ./Task/app_port.o
                0x000000000000d1d4                portWdtFeed
 .text.packIMEI
                0x000000000000d1de       0x9e ./Task/app_protocol.o
 .text.createProtocolTail_7979
                0x000000000000d27c       0x68 ./Task/app_protocol.o
 .text.sendTcpDataDebugShow
                0x000000000000d2e4       0x7c ./Task/app_protocol.o
 .text.createProtocolTail
                0x000000000000d360       0x64 ./Task/app_protocol.o
 .text.createProtocol01
                0x000000000000d3c4       0x56 ./Task/app_protocol.o
                0x000000000000d3c4                createProtocol01
 .text.createProtocol12
                0x000000000000d41a      0x33e ./Task/app_protocol.o
                0x000000000000d41a                createProtocol12
 .text.getBatteryLevel
                0x000000000000d758      0x116 ./Task/app_protocol.o
                0x000000000000d758                getBatteryLevel
 .text.createProtocol13
                0x000000000000d86e      0x110 ./Task/app_protocol.o
                0x000000000000d86e                createProtocol13
 .text.createProtocol21
                0x000000000000d97e       0x6e ./Task/app_protocol.o
                0x000000000000d97e                createProtocol21
 .text.createProtocol16
                0x000000000000d9ec      0x2a0 ./Task/app_protocol.o
                0x000000000000d9ec                createProtocol16
 .text.createProtocol19
                0x000000000000dc8c       0xfc ./Task/app_protocol.o
                0x000000000000dc8c                createProtocol19
 .text.createProtocol8A
                0x000000000000dd88       0x36 ./Task/app_protocol.o
                0x000000000000dd88                createProtocol8A
 .text.createProtocolSerial
                0x000000000000ddbe       0x12 ./Task/app_protocol.o
                0x000000000000ddbe                createProtocolSerial
 .text.gpsRestoreDataSend
                0x000000000000ddd0      0x10a ./Task/app_protocol.o
                0x000000000000ddd0                gpsRestoreDataSend
 .text.createProtocol61
                0x000000000000deda       0xb2 ./Task/app_protocol.o
                0x000000000000deda                createProtocol61
 .text.createProtocol62
                0x000000000000df8c       0x8e ./Task/app_protocol.o
                0x000000000000df8c                createProtocol62
 .text.createProtocolF3
                0x000000000000e01a      0x10c ./Task/app_protocol.o
                0x000000000000e01a                createProtocolF3
 .text.createProtocolF1
                0x000000000000e126       0x70 ./Task/app_protocol.o
                0x000000000000e126                createProtocolF1
 .text.createProtocolA0
                0x000000000000e196      0x1d2 ./Task/app_protocol.o
                0x000000000000e196                createProtocolA0
 .text.gpsRestoreSave
                0x000000000000e368       0x50 ./Task/app_protocol.o
                0x000000000000e368                gpsRestoreSave
 .text.gpsRestoreUpload
                0x000000000000e3b8       0xd6 ./Task/app_protocol.o
                0x000000000000e3b8                gpsRestoreUpload
 .text.protocolSend
                0x000000000000e48e      0x17c ./Task/app_protocol.o
                0x000000000000e48e                protocolSend
 .text.save123InstructionId
                0x000000000000e60a        0xc ./Task/app_protocol.o
                0x000000000000e60a                save123InstructionId
 .text.reCover123InstructionId
                0x000000000000e616        0xc ./Task/app_protocol.o
                0x000000000000e616                reCover123InstructionId
 .text.getBle1Insid
                0x000000000000e622        0xc ./Task/app_protocol.o
                0x000000000000e622                getBle1Insid
 .text.getBle2Insid
                0x000000000000e62e        0xc ./Task/app_protocol.o
                0x000000000000e62e                getBle2Insid
 .text.protocolRxParser
                0x000000000000e63a      0x166 ./Task/app_protocol.o
                0x000000000000e63a                protocolRxParser
 .text.getLastInsid
                0x000000000000e7a0        0xc ./Task/app_protocol.o
                0x000000000000e7a0                getLastInsid
 .text.protocolSnRegister
                0x000000000000e7ac       0x2a ./Task/app_protocol.o
                0x000000000000e7ac                protocolSnRegister
 .text.protocolInfoResiter
                0x000000000000e7d6       0x14 ./Task/app_protocol.o
                0x000000000000e7d6                protocolInfoResiter
 .text.hbtRspTimeOut
                0x000000000000e7ea       0x38 ./Task/app_server.o
 .text.moduleRspTimeout
                0x000000000000e822       0x24 ./Task/app_server.o
 .text.privateServerSocketRecv
                0x000000000000e846       0xf4 ./Task/app_server.o
 .text.bleServerSocketRecv
                0x000000000000e93a       0xf4 ./Task/app_server.o
 .text.ble1PetServerSocketRecv
                0x000000000000ea2e        0x4 ./Task/app_server.o
 .text.ble2PetServerSocketRecv
                0x000000000000ea32       0xf4 ./Task/app_server.o
 .text.hiddenServerSocketRecv
                0x000000000000eb26       0xf4 ./Task/app_server.o
 .text.jt808ServerSocketRecv
                0x000000000000ec1a        0xa ./Task/app_server.o
 .text.jt808ServerSocketSend
                0x000000000000ec24       0x10 ./Task/app_server.o
 .text.blePetChangeFsm
                0x000000000000ec34       0x26 ./Task/app_server.o
 .text.agpsSocketRecv
                0x000000000000ec5a       0x30 ./Task/app_server.o
 .text.moduleRspSuccess
                0x000000000000ec8a       0x30 ./Task/app_server.o
                0x000000000000ec8a                moduleRspSuccess
 .text.hbtRspSuccess
                0x000000000000ecba       0x30 ./Task/app_server.o
                0x000000000000ecba                hbtRspSuccess
 .text.privateServerReconnect
                0x000000000000ecea       0x22 ./Task/app_server.o
                0x000000000000ecea                privateServerReconnect
 .text.privateServerLoginSuccess
                0x000000000000ed0c       0x30 ./Task/app_server.o
                0x000000000000ed0c                privateServerLoginSuccess
 .text.privateServerConnTask
                0x000000000000ed3c      0x2cc ./Task/app_server.o
                0x000000000000ed3c                privateServerConnTask
 .text.hiddenServerLoginSuccess
                0x000000000000f008       0x16 ./Task/app_server.o
                0x000000000000f008                hiddenServerLoginSuccess
 .text.hiddenServerCloseRequest
                0x000000000000f01e       0x22 ./Task/app_server.o
                0x000000000000f01e                hiddenServerCloseRequest
 .text.hiddenServerCloseClear
                0x000000000000f040       0x22 ./Task/app_server.o
                0x000000000000f040                hiddenServerCloseClear
 .text.jt808ServerReconnect
                0x000000000000f062       0x22 ./Task/app_server.o
                0x000000000000f062                jt808ServerReconnect
 .text.jt808ServerAuthSuccess
                0x000000000000f084       0x2e ./Task/app_server.o
                0x000000000000f084                jt808ServerAuthSuccess
 .text.jt808ServerConnTask
                0x000000000000f0b2      0x362 ./Task/app_server.o
                0x000000000000f0b2                jt808ServerConnTask
 .text.bleServerAddInfo
                0x000000000000f414       0x70 ./Task/app_server.o
                0x000000000000f414                bleServerAddInfo
 .text.bleServerReconnect
                0x000000000000f484       0x22 ./Task/app_server.o
                0x000000000000f484                bleServerReconnect
 .text.bleJt808ServerAuthSuccess
                0x000000000000f4a6       0x1a ./Task/app_server.o
                0x000000000000f4a6                bleJt808ServerAuthSuccess
 .text.BleSockId
                0x000000000000f4c0        0xe ./Task/app_server.o
                0x000000000000f4c0                BleSockId
 .text.blePetSearchServerSn
                0x000000000000f4ce       0x5c ./Task/app_server.o
                0x000000000000f4ce                blePetSearchServerSn
 .text.blePetServerAdd
                0x000000000000f52a       0x9e ./Task/app_server.o
                0x000000000000f52a                blePetServerAdd
 .text.blePetServerUploadUpdate
                0x000000000000f5c8       0xb8 ./Task/app_server.o
                0x000000000000f5c8                blePetServerUploadUpdate
 .text.blePetServerLoginSuccess
                0x000000000000f680       0x44 ./Task/app_server.o
                0x000000000000f680                blePetServerLoginSuccess
 .text.blePetServerConnTask
                0x000000000000f6c4      0x1f4 ./Task/app_server.o
                0x000000000000f6c4                blePetServerConnTask
 .text.getBlepetServerInfo
                0x000000000000f8b8        0xa ./Task/app_server.o
                0x000000000000f8b8                getBlepetServerInfo
 .text.agpsRequestSet
                0x000000000000f8c2       0x22 ./Task/app_server.o
                0x000000000000f8c2                agpsRequestSet
 .text.agpsRequestClear
                0x000000000000f8e4       0x22 ./Task/app_server.o
                0x000000000000f8e4                agpsRequestClear
 .text.serverManageTask
                0x000000000000f906      0x374 ./Task/app_server.o
                0x000000000000f906                serverManageTask
 .text.primaryServerIsReady
                0x000000000000fc7a       0x50 ./Task/app_server.o
                0x000000000000fc7a                primaryServerIsReady
 .text.hiddenServerIsReady
                0x000000000000fcca       0x2e ./Task/app_server.o
                0x000000000000fcca                hiddenServerIsReady
 .text.socketListInit
                0x000000000000fcf8       0x32 ./Task/app_socket.o
                0x000000000000fcf8                socketListInit
 .text.socketAdd
                0x000000000000fd2a       0xa8 ./Task/app_socket.o
                0x000000000000fd2a                socketAdd
 .text.socketDel
                0x000000000000fdd2       0x66 ./Task/app_socket.o
                0x000000000000fdd2                socketDel
 .text.socketDelAll
                0x000000000000fe38       0x38 ./Task/app_socket.o
                0x000000000000fe38                socketDelAll
 .text.socketGetUsedFlag
                0x000000000000fe70       0x22 ./Task/app_socket.o
                0x000000000000fe70                socketGetUsedFlag
 .text.socketGetConnStatus
                0x000000000000fe92       0x22 ./Task/app_socket.o
                0x000000000000fe92                socketGetConnStatus
 .text.socketSetConnState
                0x000000000000feb4       0x1e ./Task/app_socket.o
                0x000000000000feb4                socketSetConnState
 .text.socketRecv
                0x000000000000fed2       0x2a ./Task/app_socket.o
                0x000000000000fed2                socketRecv
 .text.socketSchedule
                0x000000000000fefc      0x1ce ./Task/app_socket.o
                0x000000000000fefc                socketSchedule
 .text.asciiToHex
                0x00000000000100ca       0x40 ./Task/app_sys.o
 .text.GetCrc16
                0x000000000001010a       0x3c ./Task/app_sys.o
                0x000000000001010a                GetCrc16
 .text.LogMessage
                0x0000000000010146       0xa6 ./Task/app_sys.o
                0x0000000000010146                LogMessage
 .text.LogMessageWL
                0x00000000000101ec       0xa6 ./Task/app_sys.o
                0x00000000000101ec                LogMessageWL
 .text.LogPrintf
                0x0000000000010292       0x6a ./Task/app_sys.o
                0x0000000000010292                LogPrintf
 .text.LogWL    0x00000000000102fc       0x16 ./Task/app_sys.o
                0x00000000000102fc                LogWL
 .text.mycmdPatch
                0x0000000000010312       0x64 ./Task/app_sys.o
                0x0000000000010312                mycmdPatch
 .text.getCharIndex
                0x0000000000010376       0x1c ./Task/app_sys.o
                0x0000000000010376                getCharIndex
 .text.my_strpach
                0x0000000000010392       0x4c ./Task/app_sys.o
                0x0000000000010392                my_strpach
 .text.my_getstrindex
                0x00000000000103de       0x6e ./Task/app_sys.o
                0x00000000000103de                my_getstrindex
 .text.my_strstr
                0x000000000001044c       0x50 ./Task/app_sys.o
                0x000000000001044c                my_strstr
 .text.distinguishOK
                0x000000000001049c       0x1a ./Task/app_sys.o
                0x000000000001049c                distinguishOK
 .text.getCharIndexWithNum
                0x00000000000104b6       0x2c ./Task/app_sys.o
                0x00000000000104b6                getCharIndexWithNum
 .text.byteToHexString
                0x00000000000104e2       0x48 ./Task/app_sys.o
                0x00000000000104e2                byteToHexString
 .text.changeHexStringToByteArray
                0x000000000001052a       0x64 ./Task/app_sys.o
                0x000000000001052a                changeHexStringToByteArray
 .text.changeHexStringToByteArray_10in
                0x000000000001058e       0x6c ./Task/app_sys.o
                0x000000000001058e                changeHexStringToByteArray_10in
 .text.stringToItem
                0x00000000000105fa       0xe6 ./Task/app_sys.o
                0x00000000000105fa                stringToItem
 .text.strToUppper
                0x00000000000106e0       0x2c ./Task/app_sys.o
                0x00000000000106e0                strToUppper
 .text.updateRTCtimeRequest
                0x000000000001070c       0x14 ./Task/app_sys.o
                0x000000000001070c                updateRTCtimeRequest
 .text.byteArrayInvert
                0x0000000000010720       0x2a ./Task/app_sys.o
                0x0000000000010720                byteArrayInvert
 .text.stringToLowwer
                0x000000000001074a       0x30 ./Task/app_sys.o
                0x000000000001074a                stringToLowwer
 .text.gsensorRepair
                0x000000000001077a       0x1c ./Task/app_task.o
 .text.changeGPSBaudRate
                0x0000000000010796       0x62 ./Task/app_task.o
 .text.gpsCfg   0x00000000000107f8       0x60 ./Task/app_task.o
 .text.gpsUartRead
                0x0000000000010858       0xf8 ./Task/app_task.o
 .text.doDebugRecvPoll
                0x0000000000010950       0x96 ./Task/app_task.o
                0x0000000000010950                doDebugRecvPoll
 .text.modeShutDownQuickly
                0x00000000000109e6       0x5e ./Task/app_task.o
 .text.sysRunTimeCnt
                0x0000000000010a44       0x32 ./Task/app_task.o
 .text.sendLbs  0x0000000000010a76       0xa6 ./Task/app_task.o
 .text.myTaskEventProcess
                0x0000000000010b1c       0x56 ./Task/app_task.o
 .text.ledTask  0x0000000000010b72       0xb0 ./Task/app_task.o
 .text.terminalDefense
                0x0000000000010c22       0x16 ./Task/app_task.o
                0x0000000000010c22                terminalDefense
 .text.terminalDisarm
                0x0000000000010c38       0x14 ./Task/app_task.o
                0x0000000000010c38                terminalDisarm
 .text.getTerminalAccState
                0x0000000000010c4c        0xc ./Task/app_task.o
                0x0000000000010c4c                getTerminalAccState
 .text.terminalAccon
                0x0000000000010c58       0x1c ./Task/app_task.o
                0x0000000000010c58                terminalAccon
 .text.terminalAccoff
                0x0000000000010c74       0x1a ./Task/app_task.o
                0x0000000000010c74                terminalAccoff
 .text.terminalCharge
                0x0000000000010c8e       0x16 ./Task/app_task.o
                0x0000000000010c8e                terminalCharge
 .text.terminalunCharge
                0x0000000000010ca4       0x14 ./Task/app_task.o
                0x0000000000010ca4                terminalunCharge
 .text.getTerminalChargeState
                0x0000000000010cb8        0xc ./Task/app_task.o
                0x0000000000010cb8                getTerminalChargeState
 .text.terminalAlarmSet
                0x0000000000010cc4       0x1a ./Task/app_task.o
                0x0000000000010cc4                terminalAlarmSet
 .text.terminalGPSUnFixed
                0x0000000000010cde       0x16 ./Task/app_task.o
                0x0000000000010cde                terminalGPSUnFixed
 .text.ledStatusUpdate
                0x0000000000010cf4       0x68 ./Task/app_task.o
                0x0000000000010cf4                ledStatusUpdate
 .text.gpsRequestSet
                0x0000000000010d5c       0x5a ./Task/app_task.o
                0x0000000000010d5c                gpsRequestSet
 .text.gpsRequestClear
                0x0000000000010db6       0x32 ./Task/app_task.o
                0x0000000000010db6                gpsRequestClear
 .text.motionStateUpdate
                0x0000000000010de8      0x142 ./Task/app_task.o
 .text.gpsRequestGet
                0x0000000000010f2a        0xe ./Task/app_task.o
                0x0000000000010f2a                gpsRequestGet
 .text.saveGpsHistory
                0x0000000000010f38       0xbc ./Task/app_task.o
                0x0000000000010f38                saveGpsHistory
 .text.alarmRequestSet
                0x0000000000010ff4       0x32 ./Task/app_task.o
                0x0000000000010ff4                alarmRequestSet
 .text.alarmRequestClear
                0x0000000000011026       0x36 ./Task/app_task.o
                0x0000000000011026                alarmRequestClear
 .text.alarmRequestTask
                0x000000000001105c      0x288 ./Task/app_task.o
                0x000000000001105c                alarmRequestTask
 .text.motionOccur
                0x00000000000112e4       0x14 ./Task/app_task.o
                0x00000000000112e4                motionOccur
 .text.motionGetSize
                0x00000000000112f8        0x6 ./Task/app_task.o
                0x00000000000112f8                motionGetSize
 .text.modeTryToStop
                0x00000000000112fe       0x14 ./Task/app_task.o
                0x00000000000112fe                modeTryToStop
 .text.isModeRun
                0x0000000000011312       0x10 ./Task/app_task.o
                0x0000000000011312                isModeRun
 .text.lbsRequestSet
                0x0000000000011322       0x20 ./Task/app_task.o
                0x0000000000011322                lbsRequestSet
 .text.lbsRequestClear
                0x0000000000011342       0x16 ./Task/app_task.o
                0x0000000000011342                lbsRequestClear
 .text.wifiRequestSet
                0x0000000000011358       0x20 ./Task/app_task.o
                0x0000000000011358                wifiRequestSet
 .text.wifiRequestClear
                0x0000000000011378       0x18 ./Task/app_task.o
                0x0000000000011378                wifiRequestClear
 .text.wakeUpByInt
                0x0000000000011390       0x20 ./Task/app_task.o
                0x0000000000011390                wakeUpByInt
 .text.autoSleepTask
                0x00000000000113b0       0xa6 ./Task/app_task.o
                0x00000000000113b0                autoSleepTask
 .text.taskRunInSecond
                0x0000000000011456      0xd60 ./Task/app_task.o
                0x0000000000011456                taskRunInSecond
 .text.myTaskPreInit
                0x00000000000121b6       0xd0 ./Task/app_task.o
                0x00000000000121b6                myTaskPreInit
 .text.myTaskInit
                0x0000000000012286       0x72 ./Task/app_task.o
                0x0000000000012286                myTaskInit
 .text.ADC_ExtSingleChSampInit
                0x00000000000122f8       0x24 ./StdPeriphDriver/CH58x_adc.o
                0x00000000000122f8                ADC_ExtSingleChSampInit
 .text.ADC_InterTSSampInit
                0x000000000001231c       0x28 ./StdPeriphDriver/CH58x_adc.o
                0x000000000001231c                ADC_InterTSSampInit
 .text.ADC_ExcutSingleConver
                0x0000000000012344       0x20 ./StdPeriphDriver/CH58x_adc.o
                0x0000000000012344                ADC_ExcutSingleConver
 .text.RTC_GetCycle32k
                0x0000000000012364       0x18 ./StdPeriphDriver/CH58x_clk.o
                0x0000000000012364                RTC_GetCycle32k
 .text.Calibration_LSI
                0x000000000001237c      0x4e2 ./StdPeriphDriver/CH58x_clk.o
                0x000000000001237c                Calibration_LSI
 .text.GPIOA_ModeCfg
                0x000000000001285e       0xa6 ./StdPeriphDriver/CH58x_gpio.o
                0x000000000001285e                GPIOA_ModeCfg
 .text.GPIOB_ModeCfg
                0x0000000000012904       0xa6 ./StdPeriphDriver/CH58x_gpio.o
                0x0000000000012904                GPIOB_ModeCfg
 .text.GPIOA_ITModeCfg
                0x00000000000129aa       0x82 ./StdPeriphDriver/CH58x_gpio.o
                0x00000000000129aa                GPIOA_ITModeCfg
 .text.GPIOB_ITModeCfg
                0x0000000000012a2c       0x8a ./StdPeriphDriver/CH58x_gpio.o
                0x0000000000012a2c                GPIOB_ITModeCfg
 .text.GPIOPinRemap
                0x0000000000012ab6       0x1a ./StdPeriphDriver/CH58x_gpio.o
                0x0000000000012ab6                GPIOPinRemap
 .text.GetSysClock
                0x0000000000012ad0       0x42 ./StdPeriphDriver/CH58x_sys.o
                0x0000000000012ad0                GetSysClock
 .text.SYS_GetSysTickCnt
                0x0000000000012b12        0xa ./StdPeriphDriver/CH58x_sys.o
                0x0000000000012b12                SYS_GetSysTickCnt
 .text.WWDG_ResetCfg
                0x0000000000012b1c       0x38 ./StdPeriphDriver/CH58x_sys.o
                0x0000000000012b1c                WWDG_ResetCfg
 .text.UART0_BaudRateCfg
                0x0000000000012b54       0x32 ./StdPeriphDriver/CH58x_uart0.o
                0x0000000000012b54                UART0_BaudRateCfg
 .text.UART0_DefInit
                0x0000000000012b86       0x34 ./StdPeriphDriver/CH58x_uart0.o
                0x0000000000012b86                UART0_DefInit
 .text.UART0_ByteTrigCfg
                0x0000000000012bba       0x1a ./StdPeriphDriver/CH58x_uart0.o
                0x0000000000012bba                UART0_ByteTrigCfg
 .text.UART0_INTCfg
                0x0000000000012bd4       0x2a ./StdPeriphDriver/CH58x_uart0.o
                0x0000000000012bd4                UART0_INTCfg
 .text.UART0_Reset
                0x0000000000012bfe        0xe ./StdPeriphDriver/CH58x_uart0.o
                0x0000000000012bfe                UART0_Reset
 .text.UART0_SendString
                0x0000000000012c0c       0x3a ./StdPeriphDriver/CH58x_uart0.o
                0x0000000000012c0c                UART0_SendString
 .text.UART0_RecvString
                0x0000000000012c46       0x2a ./StdPeriphDriver/CH58x_uart0.o
                0x0000000000012c46                UART0_RecvString
 .text.UART1_BaudRateCfg
                0x0000000000012c70       0x32 ./StdPeriphDriver/CH58x_uart1.o
                0x0000000000012c70                UART1_BaudRateCfg
 .text.UART1_DefInit
                0x0000000000012ca2       0x34 ./StdPeriphDriver/CH58x_uart1.o
                0x0000000000012ca2                UART1_DefInit
 .text.UART1_ByteTrigCfg
                0x0000000000012cd6       0x1a ./StdPeriphDriver/CH58x_uart1.o
                0x0000000000012cd6                UART1_ByteTrigCfg
 .text.UART1_INTCfg
                0x0000000000012cf0       0x2a ./StdPeriphDriver/CH58x_uart1.o
                0x0000000000012cf0                UART1_INTCfg
 .text.UART1_Reset
                0x0000000000012d1a        0xe ./StdPeriphDriver/CH58x_uart1.o
                0x0000000000012d1a                UART1_Reset
 .text.UART1_SendString
                0x0000000000012d28       0x3a ./StdPeriphDriver/CH58x_uart1.o
                0x0000000000012d28                UART1_SendString
 .text.UART1_RecvString
                0x0000000000012d62       0x2a ./StdPeriphDriver/CH58x_uart1.o
                0x0000000000012d62                UART1_RecvString
 .text.UART2_BaudRateCfg
                0x0000000000012d8c       0x32 ./StdPeriphDriver/CH58x_uart2.o
                0x0000000000012d8c                UART2_BaudRateCfg
 .text.UART2_DefInit
                0x0000000000012dbe       0x34 ./StdPeriphDriver/CH58x_uart2.o
                0x0000000000012dbe                UART2_DefInit
 .text.UART2_ByteTrigCfg
                0x0000000000012df2       0x1a ./StdPeriphDriver/CH58x_uart2.o
                0x0000000000012df2                UART2_ByteTrigCfg
 .text.UART2_INTCfg
                0x0000000000012e0c       0x2a ./StdPeriphDriver/CH58x_uart2.o
                0x0000000000012e0c                UART2_INTCfg
 .text.UART2_Reset
                0x0000000000012e36        0xe ./StdPeriphDriver/CH58x_uart2.o
                0x0000000000012e36                UART2_Reset
 .text.UART2_SendString
                0x0000000000012e44       0x3a ./StdPeriphDriver/CH58x_uart2.o
                0x0000000000012e44                UART2_SendString
 .text.UART2_RecvString
                0x0000000000012e7e       0x2a ./StdPeriphDriver/CH58x_uart2.o
                0x0000000000012e7e                UART2_RecvString
 .text.UART3_BaudRateCfg
                0x0000000000012ea8       0x32 ./StdPeriphDriver/CH58x_uart3.o
                0x0000000000012ea8                UART3_BaudRateCfg
 .text.UART3_DefInit
                0x0000000000012eda       0x34 ./StdPeriphDriver/CH58x_uart3.o
                0x0000000000012eda                UART3_DefInit
 .text.UART3_ByteTrigCfg
                0x0000000000012f0e       0x1a ./StdPeriphDriver/CH58x_uart3.o
                0x0000000000012f0e                UART3_ByteTrigCfg
 .text.UART3_INTCfg
                0x0000000000012f28       0x2a ./StdPeriphDriver/CH58x_uart3.o
                0x0000000000012f28                UART3_INTCfg
 .text.UART3_Reset
                0x0000000000012f52        0xe ./StdPeriphDriver/CH58x_uart3.o
                0x0000000000012f52                UART3_Reset
 .text.UART3_SendString
                0x0000000000012f60       0x3a ./StdPeriphDriver/CH58x_uart3.o
                0x0000000000012f60                UART3_SendString
 .text.UART3_RecvString
                0x0000000000012f9a       0x2a ./StdPeriphDriver/CH58x_uart3.o
                0x0000000000012f9a                UART3_RecvString
 .text.Lib_Calibration_LSI
                0x0000000000012fc4        0x6 ./HAL/MCU.o
                0x0000000000012fc4                Lib_Calibration_LSI
 .text.Lib_Read_Flash
                0x0000000000012fca       0x1c ./HAL/MCU.o
                0x0000000000012fca                Lib_Read_Flash
 .text.Lib_Write_Flash
                0x0000000000012fe6       0x42 ./HAL/MCU.o
                0x0000000000012fe6                Lib_Write_Flash
 .text.HAL_GetInterTempValue
                0x0000000000013028       0x72 ./HAL/MCU.o
                0x0000000000013028                HAL_GetInterTempValue
 .text.HAL_ProcessEvent
                0x000000000001309a       0x8a ./HAL/MCU.o
                0x000000000001309a                HAL_ProcessEvent
 .text.CH58X_BLEInit
                0x0000000000013124      0x134 ./HAL/MCU.o
                0x0000000000013124                CH58X_BLEInit
 .text.HAL_Init
                0x0000000000013258       0x38 ./HAL/MCU.o
                0x0000000000013258                HAL_Init
 .text.HAL_TimeInit
                0x0000000000013290       0x3e ./HAL/RTC.o
                0x0000000000013290                HAL_TimeInit
 .text.sleepSetState
                0x00000000000132ce        0x6 ./HAL/SLEEP.o
                0x00000000000132ce                sleepSetState
 .text.getSleepState
                0x00000000000132d4        0x6 ./HAL/SLEEP.o
                0x00000000000132d4                getSleepState
 .text.bleCentralRssiCallBack
                0x00000000000132da       0x12 ./APP/app_central.o
 .text.bleCentralHciChangeCallBack
                0x00000000000132ec       0x14 ./APP/app_central.o
 .text.bleSchduleChangeFsm
                0x0000000000013300       0x1c ./APP/app_central.o
 .text.bleScanFsmChange
                0x000000000001331c       0x18 ./APP/app_central.o
 .text.bleDevSetServiceHandle.part.0
                0x0000000000013334       0x96 ./APP/app_central.o
 .text.bleDevSearchSameBle.part.3
                0x00000000000133ca       0x3a ./APP/app_central.o
 .text.bleCentralInit
                0x0000000000013404       0xc0 ./APP/app_central.o
                0x0000000000013404                bleCentralInit
 .text.linkEstablishedEventHandler
                0x00000000000134c4      0x104 ./APP/app_central.o
                0x00000000000134c4                linkEstablishedEventHandler
 .text.linkTerminatedEventHandler
                0x00000000000135c8       0xa2 ./APP/app_central.o
                0x00000000000135c8                linkTerminatedEventHandler
 .text.bleCentralStartDiscover
                0x000000000001366a       0x22 ./APP/app_central.o
                0x000000000001366a                bleCentralStartDiscover
 .text.bleCentralStartConnect
                0x000000000001368c       0x5c ./APP/app_central.o
                0x000000000001368c                bleCentralStartConnect
 .text.bleCentralDisconnect
                0x00000000000136e8       0x20 ./APP/app_central.o
                0x00000000000136e8                bleCentralDisconnect
 .text.bleCentralSend
                0x0000000000013708       0x7c ./APP/app_central.o
                0x0000000000013708                bleCentralSend
 .text.bleDevConnAdd
                0x0000000000013784       0x9c ./APP/app_central.o
                0x0000000000013784                bleDevConnAdd
 .text.gapDeviceDiscoveryEvent
                0x0000000000013820       0x90 ./APP/app_central.o
                0x0000000000013820                gapDeviceDiscoveryEvent
 .text.bleDevScanInfoAdd
                0x00000000000138b0      0x10c ./APP/app_central.o
                0x00000000000138b0                bleDevScanInfoAdd
 .text.bleCentralEventCallBack
                0x00000000000139bc      0x192 ./APP/app_central.o
 .text.bleDevGetCnt
                0x0000000000013b4e       0x1a ./APP/app_central.o
                0x0000000000013b4e                bleDevGetCnt
 .text.bleDevGetInfoByHandle
                0x0000000000013b68       0x46 ./APP/app_central.o
                0x0000000000013b68                bleDevGetInfoByHandle
 .text.bleDevGetInfoByIndex
                0x0000000000013bae       0x2c ./APP/app_central.o
                0x0000000000013bae                bleDevGetInfoByIndex
 .text.bleDevGetIndexByHandle
                0x0000000000013bda       0x3a ./APP/app_central.o
                0x0000000000013bda                bleDevGetIndexByHandle
 .text.bleDevGetBleMacCnt
                0x0000000000013c14       0x1a ./APP/app_central.o
                0x0000000000013c14                bleDevGetBleMacCnt
 .text.bleDevScanProcess
                0x0000000000013c2e       0x50 ./APP/app_central.o
                0x0000000000013c2e                bleDevScanProcess
 .text.bleCentralTaskEventProcess
                0x0000000000013c7e      0xa1e ./APP/app_central.o
 .text.startup.main
                0x000000000001469c       0x24 ./APP/app_main.o
                0x000000000001469c                main
 .text.appPeripheralGapRolesRssiRead
                0x00000000000146c0       0x12 ./APP/app_peripheral.o
 .text.appPeripheralGapRolesParamUpdate
                0x00000000000146d2       0xac ./APP/app_peripheral.o
 .text.appReadAttrCB
                0x000000000001477e       0x82 ./APP/app_peripheral.o
 .text.appPeripheralGapRolesStateNotify
                0x0000000000014800      0x29e ./APP/app_peripheral.o
 .text.appHandleConnStatusCB
                0x0000000000014a9e       0x50 ./APP/app_peripheral.o
 .text.appSendNotifyData
                0x0000000000014aee       0x98 ./APP/app_peripheral.o
                0x0000000000014aee                appSendNotifyData
 .text.bleRecvParser
                0x0000000000014b86      0x18e ./APP/app_peripheral.o
                0x0000000000014b86                bleRecvParser
 .text.appWriteAttrCB
                0x0000000000014d14       0xce ./APP/app_peripheral.o
 .text.appPeripheralBroadcastInfoCfg
                0x0000000000014de2       0x60 ./APP/app_peripheral.o
                0x0000000000014de2                appPeripheralBroadcastInfoCfg
 .text.appPeripheralCancel
                0x0000000000014e42       0x28 ./APP/app_peripheral.o
                0x0000000000014e42                appPeripheralCancel
 .text.appPeripheralInit
                0x0000000000014e6a      0x17e ./APP/app_peripheral.o
                0x0000000000014e6a                appPeripheralInit
 .text.appLocalNotifyAutoCtl
                0x0000000000014fe8       0x2e ./APP/app_peripheral.o
                0x0000000000014fe8                appLocalNotifyAutoCtl
 .text.appPeripheralEventProcess
                0x0000000000015016      0x2dc ./APP/app_peripheral.o
 .text.cos      0x00000000000152f2       0x92 d:/软件工具/mounriver_studio_setup_v142/mounriver_studio/toolchain/risc-v embedded gcc/bin/../lib/gcc/riscv-none-embed/8.2.0/../../../../riscv-none-embed/lib/rv32imac/ilp32\libm.a(lib_a-s_cos.o)
                0x00000000000152f2                cos
 .text.sin      0x0000000000015384       0x94 d:/软件工具/mounriver_studio_setup_v142/mounriver_studio/toolchain/risc-v embedded gcc/bin/../lib/gcc/riscv-none-embed/8.2.0/../../../../riscv-none-embed/lib/rv32imac/ilp32\libm.a(lib_a-s_sin.o)
                0x0000000000015384                sin
 .text.asin     0x0000000000015418       0xbe d:/软件工具/mounriver_studio_setup_v142/mounriver_studio/toolchain/risc-v embedded gcc/bin/../lib/gcc/riscv-none-embed/8.2.0/../../../../riscv-none-embed/lib/rv32imac/ilp32\libm.a(lib_a-w_asin.o)
                0x0000000000015418                asin
 .text.pow      0x00000000000154d6      0x326 d:/软件工具/mounriver_studio_setup_v142/mounriver_studio/toolchain/risc-v embedded gcc/bin/../lib/gcc/riscv-none-embed/8.2.0/../../../../riscv-none-embed/lib/rv32imac/ilp32\libm.a(lib_a-w_pow.o)
                0x00000000000154d6                pow
 .text.sqrt     0x00000000000157fc       0xba d:/软件工具/mounriver_studio_setup_v142/mounriver_studio/toolchain/risc-v embedded gcc/bin/../lib/gcc/riscv-none-embed/8.2.0/../../../../riscv-none-embed/lib/rv32imac/ilp32\libm.a(lib_a-w_sqrt.o)
                0x00000000000157fc                sqrt
 .text.__ieee754_asin
                0x00000000000158b6      0x468 d:/软件工具/mounriver_studio_setup_v142/mounriver_studio/toolchain/risc-v embedded gcc/bin/../lib/gcc/riscv-none-embed/8.2.0/../../../../riscv-none-embed/lib/rv32imac/ilp32\libm.a(lib_a-e_asin.o)
                0x00000000000158b6                __ieee754_asin
 .text.__ieee754_pow
                0x0000000000015d1e      0xad8 d:/软件工具/mounriver_studio_setup_v142/mounriver_studio/toolchain/risc-v embedded gcc/bin/../lib/gcc/riscv-none-embed/8.2.0/../../../../riscv-none-embed/lib/rv32imac/ilp32\libm.a(lib_a-e_pow.o)
                0x0000000000015d1e                __ieee754_pow
 .text.__ieee754_rem_pio2
                0x00000000000167f6      0x466 d:/软件工具/mounriver_studio_setup_v142/mounriver_studio/toolchain/risc-v embedded gcc/bin/../lib/gcc/riscv-none-embed/8.2.0/../../../../riscv-none-embed/lib/rv32imac/ilp32\libm.a(lib_a-e_rem_pio2.o)
                0x00000000000167f6                __ieee754_rem_pio2
 .text.__ieee754_sqrt
                0x0000000000016c5c      0x1d6 d:/软件工具/mounriver_studio_setup_v142/mounriver_studio/toolchain/risc-v embedded gcc/bin/../lib/gcc/riscv-none-embed/8.2.0/../../../../riscv-none-embed/lib/rv32imac/ilp32\libm.a(lib_a-e_sqrt.o)
                0x0000000000016c5c                __ieee754_sqrt
 .text.__kernel_cos
                0x0000000000016e32      0x2b8 d:/软件工具/mounriver_studio_setup_v142/mounriver_studio/toolchain/risc-v embedded gcc/bin/../lib/gcc/riscv-none-embed/8.2.0/../../../../riscv-none-embed/lib/rv32imac/ilp32\libm.a(lib_a-k_cos.o)
                0x0000000000016e32                __kernel_cos
 .text.__kernel_rem_pio2
                0x00000000000170ea      0x952 d:/软件工具/mounriver_studio_setup_v142/mounriver_studio/toolchain/risc-v embedded gcc/bin/../lib/gcc/riscv-none-embed/8.2.0/../../../../riscv-none-embed/lib/rv32imac/ilp32\libm.a(lib_a-k_rem_pio2.o)
                0x00000000000170ea                __kernel_rem_pio2
 .text.__kernel_sin
                0x0000000000017a3c      0x19a d:/软件工具/mounriver_studio_setup_v142/mounriver_studio/toolchain/risc-v embedded gcc/bin/../lib/gcc/riscv-none-embed/8.2.0/../../../../riscv-none-embed/lib/rv32imac/ilp32\libm.a(lib_a-k_sin.o)
                0x0000000000017a3c                __kernel_sin
 .text.fabs     0x0000000000017bd6        0x6 d:/软件工具/mounriver_studio_setup_v142/mounriver_studio/toolchain/risc-v embedded gcc/bin/../lib/gcc/riscv-none-embed/8.2.0/../../../../riscv-none-embed/lib/rv32imac/ilp32\libm.a(lib_a-s_fabs.o)
                0x0000000000017bd6                fabs
 .text.finite   0x0000000000017bdc        0xe d:/软件工具/mounriver_studio_setup_v142/mounriver_studio/toolchain/risc-v embedded gcc/bin/../lib/gcc/riscv-none-embed/8.2.0/../../../../riscv-none-embed/lib/rv32imac/ilp32\libm.a(lib_a-s_finite.o)
                0x0000000000017bdc                finite
 .text.floor    0x0000000000017bea      0x158 d:/软件工具/mounriver_studio_setup_v142/mounriver_studio/toolchain/risc-v embedded gcc/bin/../lib/gcc/riscv-none-embed/8.2.0/../../../../riscv-none-embed/lib/rv32imac/ilp32\libm.a(lib_a-s_floor.o)
                0x0000000000017bea                floor
 .text.matherr  0x0000000000017d42        0x4 d:/软件工具/mounriver_studio_setup_v142/mounriver_studio/toolchain/risc-v embedded gcc/bin/../lib/gcc/riscv-none-embed/8.2.0/../../../../riscv-none-embed/lib/rv32imac/ilp32\libm.a(lib_a-s_matherr.o)
                0x0000000000017d42                matherr
 .text.nan      0x0000000000017d46        0xe d:/软件工具/mounriver_studio_setup_v142/mounriver_studio/toolchain/risc-v embedded gcc/bin/../lib/gcc/riscv-none-embed/8.2.0/../../../../riscv-none-embed/lib/rv32imac/ilp32\libm.a(lib_a-s_nan.o)
                0x0000000000017d46                nan
 .text.rint     0x0000000000017d54      0x18c d:/软件工具/mounriver_studio_setup_v142/mounriver_studio/toolchain/risc-v embedded gcc/bin/../lib/gcc/riscv-none-embed/8.2.0/../../../../riscv-none-embed/lib/rv32imac/ilp32\libm.a(lib_a-s_rint.o)
                0x0000000000017d54                rint
 .text.scalbn   0x0000000000017ee0      0x140 d:/软件工具/mounriver_studio_setup_v142/mounriver_studio/toolchain/risc-v embedded gcc/bin/../lib/gcc/riscv-none-embed/8.2.0/../../../../riscv-none-embed/lib/rv32imac/ilp32\libm.a(lib_a-s_scalbn.o)
                0x0000000000017ee0                scalbn
 .text.copysign
                0x0000000000018020       0x16 d:/软件工具/mounriver_studio_setup_v142/mounriver_studio/toolchain/risc-v embedded gcc/bin/../lib/gcc/riscv-none-embed/8.2.0/../../../../riscv-none-embed/lib/rv32imac/ilp32\libm.a(lib_a-s_copysign.o)
                0x0000000000018020                copysign
 .text.tmos_msg_enqueue
                0x0000000000018036       0x1e R:\CODE\CHcode\CH582\PT02_ML307A\PT02_ML307A_app\LIB\libCH58xBLE.a(message.o)
                0x0000000000018036                tmos_msg_enqueue
 .text.tmos_msg_deallocate
                0x0000000000018054       0x2c R:\CODE\CHcode\CH582\PT02_ML307A\PT02_ML307A_app\LIB\libCH58xBLE.a(message.o)
                0x0000000000018054                tmos_msg_deallocate
 .text.tmos_msg_allocate
                0x0000000000018080       0x46 R:\CODE\CHcode\CH582\PT02_ML307A\PT02_ML307A_app\LIB\libCH58xBLE.a(message.o)
                0x0000000000018080                tmos_msg_allocate
 .text.tmos_msg_receive
                0x00000000000180c6       0x72 R:\CODE\CHcode\CH582\PT02_ML307A\PT02_ML307A_app\LIB\libCH58xBLE.a(message.o)
                0x00000000000180c6                tmos_msg_receive
 .text.tmos_msg_send
                0x0000000000018138       0x66 R:\CODE\CHcode\CH582\PT02_ML307A\PT02_ML307A_app\LIB\libCH58xBLE.a(message.o)
                0x0000000000018138                tmos_msg_send
 .text.tmos_msg_init
                0x000000000001819e        0xa R:\CODE\CHcode\CH582\PT02_ML307A\PT02_ML307A_app\LIB\libCH58xBLE.a(message.o)
                0x000000000001819e                tmos_msg_init
 .text.tmosFindTask
                0x00000000000181a8       0x24 R:\CODE\CHcode\CH582\PT02_ML307A\PT02_ML307A_app\LIB\libCH58xBLE.a(tmos.o)
 .text.TMOS_CB_PeriodicProcessEvent
                0x00000000000181cc       0x86 R:\CODE\CHcode\CH582\PT02_ML307A\PT02_ML307A_app\LIB\libCH58xBLE.a(tmos.o)
                0x00000000000181cc                TMOS_CB_PeriodicProcessEvent
 .text.TMOS_CB_ProcessEvent
                0x0000000000018252       0x84 R:\CODE\CHcode\CH582\PT02_ML307A\PT02_ML307A_app\LIB\libCH58xBLE.a(tmos.o)
                0x0000000000018252                TMOS_CB_ProcessEvent
 .text.tmos_rand
                0x00000000000182d6       0x52 R:\CODE\CHcode\CH582\PT02_ML307A\PT02_ML307A_app\LIB\libCH58xBLE.a(tmos.o)
                0x00000000000182d6                tmos_rand
 .text.tmos_proces_sleep
                0x0000000000018328      0x132 R:\CODE\CHcode\CH582\PT02_ML307A\PT02_ML307A_app\LIB\libCH58xBLE.a(tmos.o)
                0x0000000000018328                tmos_proces_sleep
 .text.tmos_start_periodic_callback_task
                0x000000000001845a       0xfc R:\CODE\CHcode\CH582\PT02_ML307A\PT02_ML307A_app\LIB\libCH58xBLE.a(tmos.o)
                0x000000000001845a                tmos_start_periodic_callback_task
 .text.tmos_set_event
                0x0000000000018556       0x2e R:\CODE\CHcode\CH582\PT02_ML307A\PT02_ML307A_app\LIB\libCH58xBLE.a(tmos.o)
                0x0000000000018556                tmos_set_event
 .text.tmos_clear_event
                0x0000000000018584       0x32 R:\CODE\CHcode\CH582\PT02_ML307A\PT02_ML307A_app\LIB\libCH58xBLE.a(tmos.o)
                0x0000000000018584                tmos_clear_event
 .text.tmos_update_callback_timer
                0x00000000000185b6       0xc4 R:\CODE\CHcode\CH582\PT02_ML307A\PT02_ML307A_app\LIB\libCH58xBLE.a(tmos.o)
                0x00000000000185b6                tmos_update_callback_timer
 .text.tmos_start_task
                0x000000000001867a      0x120 R:\CODE\CHcode\CH582\PT02_ML307A\PT02_ML307A_app\LIB\libCH58xBLE.a(tmos.o)
                0x000000000001867a                tmos_start_task
 .text.tmos_start_callback_task
                0x000000000001879a       0x9a R:\CODE\CHcode\CH582\PT02_ML307A\PT02_ML307A_app\LIB\libCH58xBLE.a(tmos.o)
                0x000000000001879a                tmos_start_callback_task
 .text.tmos_start_reload_task
                0x0000000000018834       0x58 R:\CODE\CHcode\CH582\PT02_ML307A\PT02_ML307A_app\LIB\libCH58xBLE.a(tmos.o)
                0x0000000000018834                tmos_start_reload_task
 .text.tmos_stop_task
                0x000000000001888c       0x52 R:\CODE\CHcode\CH582\PT02_ML307A\PT02_ML307A_app\LIB\libCH58xBLE.a(tmos.o)
                0x000000000001888c                tmos_stop_task
 .text.tmos_stop_callback_task
                0x00000000000188de       0x5c R:\CODE\CHcode\CH582\PT02_ML307A\PT02_ML307A_app\LIB\libCH58xBLE.a(tmos.o)
                0x00000000000188de                tmos_stop_callback_task
 .text.tmos_get_task_timer
                0x000000000001893a       0x6c R:\CODE\CHcode\CH582\PT02_ML307A\PT02_ML307A_app\LIB\libCH58xBLE.a(tmos.o)
                0x000000000001893a                tmos_get_task_timer
 .text.TMOS_TimerRegister
                0x00000000000189a6       0x1e R:\CODE\CHcode\CH582\PT02_ML307A\PT02_ML307A_app\LIB\libCH58xBLE.a(tmos.o)
                0x00000000000189a6                TMOS_TimerRegister
 .text.TMOS_ProcessRegister
                0x00000000000189c4       0x16 R:\CODE\CHcode\CH582\PT02_ML307A\PT02_ML307A_app\LIB\libCH58xBLE.a(tmos.o)
                0x00000000000189c4                TMOS_ProcessRegister
 .text.TMOS_Init
                0x00000000000189da      0x12e R:\CODE\CHcode\CH582\PT02_ML307A\PT02_ML307A_app\LIB\libCH58xBLE.a(tmos.o)
                0x00000000000189da                TMOS_Init
 .text.TMOS_ProcessEventRegister
                0x0000000000018b08       0x3c R:\CODE\CHcode\CH582\PT02_ML307A\PT02_ML307A_app\LIB\libCH58xBLE.a(tmos.o)
                0x0000000000018b08                TMOS_ProcessEventRegister
 .text.BLE_LibInit
                0x0000000000018b44      0x174 R:\CODE\CHcode\CH582\PT02_ML307A\PT02_ML307A_app\LIB\libCH58xBLE.a(tmos.o)
                0x0000000000018b44                BLE_LibInit
 .text.clockGetTickValve
                0x0000000000018cb8       0x70 R:\CODE\CHcode\CH582\PT02_ML307A\PT02_ML307A_app\LIB\libCH58xBLE.a(tmos_hw.o)
 .text.ll_get_sca_divisor
                0x0000000000018d28       0x40 R:\CODE\CHcode\CH582\PT02_ML307A\PT02_ML307A_app\LIB\libCH58xBLE.a(tmos_hw.o)
                0x0000000000018d28                ll_get_sca_divisor
 .text.ll_get_sca_own
                0x0000000000018d68       0x46 R:\CODE\CHcode\CH582\PT02_ML307A\PT02_ML307A_app\LIB\libCH58xBLE.a(tmos_hw.o)
                0x0000000000018d68                ll_get_sca_own
 .text.ble_ll_common_rand8
                0x0000000000018dae       0x24 R:\CODE\CHcode\CH582\PT02_ML307A\PT02_ML307A_app\LIB\libCH58xBLE.a(tmos_hw.o)
                0x0000000000018dae                ble_ll_common_rand8
 .text.ble_ll_common_rand16
                0x0000000000018dd2       0x24 R:\CODE\CHcode\CH582\PT02_ML307A\PT02_ML307A_app\LIB\libCH58xBLE.a(tmos_hw.o)
                0x0000000000018dd2                ble_ll_common_rand16
 .text.ble_ll_common_rand32
                0x0000000000018df6       0x20 R:\CODE\CHcode\CH582\PT02_ML307A\PT02_ML307A_app\LIB\libCH58xBLE.a(tmos_hw.o)
                0x0000000000018df6                ble_ll_common_rand32
 .text.TMOS_TempSample
                0x0000000000018e16       0x62 R:\CODE\CHcode\CH582\PT02_ML307A\PT02_ML307A_app\LIB\libCH58xBLE.a(tmos_hw.o)
                0x0000000000018e16                TMOS_TempSample
 .text.TMOS_TimerInit
                0x0000000000018e78       0xca R:\CODE\CHcode\CH582\PT02_ML307A\PT02_ML307A_app\LIB\libCH58xBLE.a(tmos_hw.o)
                0x0000000000018e78                TMOS_TimerInit
 .text.tmos_snv_init
                0x0000000000018f42       0xc0 R:\CODE\CHcode\CH582\PT02_ML307A\PT02_ML307A_app\LIB\libCH58xBLE.a(tmos_snv.o)
                0x0000000000018f42                tmos_snv_init
 .text.tmos_snv_clear
                0x0000000000019002       0xb2 R:\CODE\CHcode\CH582\PT02_ML307A\PT02_ML307A_app\LIB\libCH58xBLE.a(tmos_snv.o)
                0x0000000000019002                tmos_snv_clear
 .text.tmos_snv_read
                0x00000000000190b4      0x292 R:\CODE\CHcode\CH582\PT02_ML307A\PT02_ML307A_app\LIB\libCH58xBLE.a(tmos_snv.o)
                0x00000000000190b4                tmos_snv_read
 .text.tmos_snv_notify
                0x0000000000019346       0x5a R:\CODE\CHcode\CH582\PT02_ML307A\PT02_ML307A_app\LIB\libCH58xBLE.a(tmos_snv.o)
                0x0000000000019346                tmos_snv_notify
 .text.tmos_snv_write
                0x00000000000193a0      0x2ce R:\CODE\CHcode\CH582\PT02_ML307A\PT02_ML307A_app\LIB\libCH58xBLE.a(tmos_snv.o)
                0x00000000000193a0                tmos_snv_write
 .text.tmos_snv_compact
                0x000000000001966e        0x4 R:\CODE\CHcode\CH582\PT02_ML307A\PT02_ML307A_app\LIB\libCH58xBLE.a(tmos_snv.o)
                0x000000000001966e                tmos_snv_compact
 .text.disconnectNext
                0x0000000000019672       0x22 R:\CODE\CHcode\CH582\PT02_ML307A\PT02_ML307A_app\LIB\libCH58xBLE.a(gap.o)
 .text.GAP_ParamInit
                0x0000000000019694      0x160 R:\CODE\CHcode\CH582\PT02_ML307A\PT02_ML307A_app\LIB\libCH58xBLE.a(gap.o)
                0x0000000000019694                GAP_ParamInit
 .text.sendTerminateEvent
                0x00000000000197f4       0x58 R:\CODE\CHcode\CH582\PT02_ML307A\PT02_ML307A_app\LIB\libCH58xBLE.a(gap.o)
                0x00000000000197f4                sendTerminateEvent
 .text.gapRegisterCentral
                0x000000000001984c        0x6 R:\CODE\CHcode\CH582\PT02_ML307A\PT02_ML307A_app\LIB\libCH58xBLE.a(gap.o)
                0x000000000001984c                gapRegisterCentral
 .text.gapRegisterCentralConn
                0x0000000000019852        0x6 R:\CODE\CHcode\CH582\PT02_ML307A\PT02_ML307A_app\LIB\libCH58xBLE.a(gap.o)
                0x0000000000019852                gapRegisterCentralConn
 .text.gapRegisterPeripheral
                0x0000000000019858        0x6 R:\CODE\CHcode\CH582\PT02_ML307A\PT02_ML307A_app\LIB\libCH58xBLE.a(gap.o)
                0x0000000000019858                gapRegisterPeripheral
 .text.gapRegisterPeripheralConn
                0x000000000001985e        0x6 R:\CODE\CHcode\CH582\PT02_ML307A\PT02_ML307A_app\LIB\libCH58xBLE.a(gap.o)
                0x000000000001985e                gapRegisterPeripheralConn
 .text.smGenerateRandBuf
                0x0000000000019864       0x56 R:\CODE\CHcode\CH582\PT02_ML307A\PT02_ML307A_app\LIB\libCH58xBLE.a(gap.o)
                0x0000000000019864                smGenerateRandBuf
 .text.gapL2capConnParamUpdateReq
                0x00000000000198ba       0x36 R:\CODE\CHcode\CH582\PT02_ML307A\PT02_ML307A_app\LIB\libCH58xBLE.a(gap.o)