Archive member included to satisfy reference by file (symbol)

../StdPeriphDriver\libISP583.a(ISP583.o)
                              ./Task/app_db.o (FLASH_EEPROM_CMD)
d:/软件工具/mounriver_studio_setup_v142/mounriver_studio/toolchain/risc-v embedded gcc/bin/../lib/gcc/riscv-none-embed/8.2.0/../../../../riscv-none-embed/lib/rv32imac/ilp32\libm.a(lib_a-s_cos.o)
                              ./Task/app_gps.o (cos)
d:/软件工具/mounriver_studio_setup_v142/mounriver_studio/toolchain/risc-v embedded gcc/bin/../lib/gcc/riscv-none-embed/8.2.0/../../../../riscv-none-embed/lib/rv32imac/ilp32\libm.a(lib_a-s_sin.o)
                              ./Task/app_gps.o (sin)
d:/软件工具/mounriver_studio_setup_v142/mounriver_studio/toolchain/risc-v embedded gcc/bin/../lib/gcc/riscv-none-embed/8.2.0/../../../../riscv-none-embed/lib/rv32imac/ilp32\libm.a(lib_a-w_asin.o)
                              ./Task/app_gps.o (asin)
d:/软件工具/mounriver_studio_setup_v142/mounriver_studio/toolchain/risc-v embedded gcc/bin/../lib/gcc/riscv-none-embed/8.2.0/../../../../riscv-none-embed/lib/rv32imac/ilp32\libm.a(lib_a-w_pow.o)
                              ./Task/app_gps.o (pow)
d:/软件工具/mounriver_studio_setup_v142/mounriver_studio/toolchain/risc-v embedded gcc/bin/../lib/gcc/riscv-none-embed/8.2.0/../../../../riscv-none-embed/lib/rv32imac/ilp32\libm.a(lib_a-w_sqrt.o)
                              ./Task/app_gps.o (sqrt)
d:/软件工具/mounriver_studio_setup_v142/mounriver_studio/toolchain/risc-v embedded gcc/bin/../lib/gcc/riscv-none-embed/8.2.0/../../../../riscv-none-embed/lib/rv32imac/ilp32\libm.a(lib_a-e_asin.o)
                              d:/软件工具/mounriver_studio_setup_v142/mounriver_studio/toolchain/risc-v embedded gcc/bin/../lib/gcc/riscv-none-embed/8.2.0/../../../../riscv-none-embed/lib/rv32imac/ilp32\libm.a(lib_a-w_asin.o) (__ieee754_asin)
d:/软件工具/mounriver_studio_setup_v142/mounriver_studio/toolchain/risc-v embedded gcc/bin/../lib/gcc/riscv-none-embed/8.2.0/../../../../riscv-none-embed/lib/rv32imac/ilp32\libm.a(lib_a-e_pow.o)
                              d:/软件工具/mounriver_studio_setup_v142/mounriver_studio/toolchain/risc-v embedded gcc/bin/../lib/gcc/riscv-none-embed/8.2.0/../../../../riscv-none-embed/lib/rv32imac/ilp32\libm.a(lib_a-w_pow.o) (__ieee754_pow)
d:/软件工具/mounriver_studio_setup_v142/mounriver_studio/toolchain/risc-v embedded gcc/bin/../lib/gcc/riscv-none-embed/8.2.0/../../../../riscv-none-embed/lib/rv32imac/ilp32\libm.a(lib_a-e_rem_pio2.o)
                              d:/软件工具/mounriver_studio_setup_v142/mounriver_studio/toolchain/risc-v embedded gcc/bin/../lib/gcc/riscv-none-embed/8.2.0/../../../../riscv-none-embed/lib/rv32imac/ilp32\libm.a(lib_a-s_cos.o) (__ieee754_rem_pio2)
d:/软件工具/mounriver_studio_setup_v142/mounriver_studio/toolchain/risc-v embedded gcc/bin/../lib/gcc/riscv-none-embed/8.2.0/../../../../riscv-none-embed/lib/rv32imac/ilp32\libm.a(lib_a-e_sqrt.o)
                              d:/软件工具/mounriver_studio_setup_v142/mounriver_studio/toolchain/risc-v embedded gcc/bin/../lib/gcc/riscv-none-embed/8.2.0/../../../../riscv-none-embed/lib/rv32imac/ilp32\libm.a(lib_a-w_sqrt.o) (__ieee754_sqrt)
d:/软件工具/mounriver_studio_setup_v142/mounriver_studio/toolchain/risc-v embedded gcc/bin/../lib/gcc/riscv-none-embed/8.2.0/../../../../riscv-none-embed/lib/rv32imac/ilp32\libm.a(lib_a-k_cos.o)
                              d:/软件工具/mounriver_studio_setup_v142/mounriver_studio/toolchain/risc-v embedded gcc/bin/../lib/gcc/riscv-none-embed/8.2.0/../../../../riscv-none-embed/lib/rv32imac/ilp32\libm.a(lib_a-s_cos.o) (__kernel_cos)
d:/软件工具/mounriver_studio_setup_v142/mounriver_studio/toolchain/risc-v embedded gcc/bin/../lib/gcc/riscv-none-embed/8.2.0/../../../../riscv-none-embed/lib/rv32imac/ilp32\libm.a(lib_a-k_rem_pio2.o)
                              d:/软件工具/mounriver_studio_setup_v142/mounriver_studio/toolchain/risc-v embedded gcc/bin/../lib/gcc/riscv-none-embed/8.2.0/../../../../riscv-none-embed/lib/rv32imac/ilp32\libm.a(lib_a-e_rem_pio2.o) (__kernel_rem_pio2)
d:/软件工具/mounriver_studio_setup_v142/mounriver_studio/toolchain/risc-v embedded gcc/bin/../lib/gcc/riscv-none-embed/8.2.0/../../../../riscv-none-embed/lib/rv32imac/ilp32\libm.a(lib_a-k_sin.o)
                              d:/软件工具/mounriver_studio_setup_v142/mounriver_studio/toolchain/risc-v embedded gcc/bin/../lib/gcc/riscv-none-embed/8.2.0/../../../../riscv-none-embed/lib/rv32imac/ilp32\libm.a(lib_a-s_cos.o) (__kernel_sin)
d:/软件工具/mounriver_studio_setup_v142/mounriver_studio/toolchain/risc-v embedded gcc/bin/../lib/gcc/riscv-none-embed/8.2.0/../../../../riscv-none-embed/lib/rv32imac/ilp32\libm.a(lib_a-s_fabs.o)
                              d:/软件工具/mounriver_studio_setup_v142/mounriver_studio/toolchain/risc-v embedded gcc/bin/../lib/gcc/riscv-none-embed/8.2.0/../../../../riscv-none-embed/lib/rv32imac/ilp32\libm.a(lib_a-w_asin.o) (fabs)
[...]
Memory Configuration

Name             Origin             Length             Attributes
FLASH            0x0000000000000000 0x0000000000064000 xr
RAM              0x0000000020000000 0x0000000000008000 xrw
*default*        0x0000000000000000 0xffffffffffffffff

Linker script and memory map

LOAD ./Task/aes.o
LOAD ./Task/app_atcmd.o
LOAD ./Task/app_bleprotocol.o
LOAD ./Task/app_db.o
LOAD ./Task/app_encrypt.o
LOAD ./Task/app_gps.o
LOAD ./Task/app_instructioncmd.o
LOAD ./Task/app_jt808.o
LOAD ./Task/app_kernal.o
LOAD ./Task/app_mir3da.o
LOAD ./Task/app_net.o
LOAD ./Task/app_param.o
LOAD ./Task/app_port.o
LOAD ./Task/app_protocol.o
LOAD ./Task/app_server.o
LOAD ./Task/app_socket.o
LOAD ./Task/app_sys.o
LOAD ./Task/app_task.o
LOAD ./StdPeriphDriver/CH58x_adc.o
LOAD ./StdPeriphDriver/CH58x_clk.o
LOAD ./StdPeriphDriver/CH58x_flash.o
LOAD ./StdPeriphDriver/CH58x_gpio.o
LOAD ./StdPeriphDriver/CH58x_i2c.o
LOAD ./StdPeriphDriver/CH58x_pwm.o
LOAD ./StdPeriphDriver/CH58x_pwr.o
LOAD ./StdPeriphDriver/CH58x_spi0.o
LOAD ./StdPeriphDriver/CH58x_spi1.o
LOAD ./StdPeriphDriver/CH58x_sys.o
LOAD ./StdPeriphDriver/CH58x_timer0.o
LOAD ./StdPeriphDriver/CH58x_timer1.o
LOAD ./StdPeriphDriver/CH58x_timer2.o
LOAD ./StdPeriphDriver/CH58x_timer3.o
LOAD ./StdPeriphDriver/CH58x_uart0.o
LOAD ./StdPeriphDriver/CH58x_uart1.o
LOAD ./StdPeriphDriver/CH58x_uart2.o
LOAD ./StdPeriphDriver/CH58x_uart3.o
LOAD ./StdPeriphDriver/CH58x_usb2dev.o
LOAD ./StdPeriphDriver/CH58x_usb2hostBase.o
LOAD ./StdPeriphDriver/CH58x_usb2hostClass.o
LOAD ./StdPeriphDriver/CH58x_usbdev.o
LOAD ./StdPeriphDriver/CH58x_usbhostBase.o
LOAD ./StdPeriphDriver/CH58x_usbhostClass.o
LOAD ./Startup/startup_CH583.o
LOAD ./RVMSIS/core_riscv.o
LOAD ./HAL/KEY.o
LOAD ./HAL/LED.o
LOAD ./HAL/MCU.o
LOAD ./HAL/RTC.o
LOAD ./HAL/SLEEP.o
LOAD ./APP/app_broadcaster.o
LOAD ./APP/app_central.o
LOAD ./APP/app_main.o
LOAD ./APP/app_peripheral.o
LOAD ../StdPeriphDriver\libISP583.a
LOAD d:/软件工具/mounriver_studio_setup_v142/mounriver_studio/toolchain/risc-v embedded gcc/bin/../lib/gcc/riscv-none-embed/8.2.0/../../../../riscv-none-embed/lib/rv32imac/ilp32\libm.a
LOAD R:\CODE\CHcode\CH582\PT02_ML307A\PT02_ML307A_app\LIB\libCH58xBLE.a
LOAD d:/软件工具/mounriver_studio_setup_v142/mounriver_studio/toolchain/risc-v embedded gcc/bin/../lib/gcc/riscv-none-embed/8.2.0/rv32imac/ilp32\libgcc.a
LOAD d:/软件工具/mounriver_studio_setup_v142/mounriver_studio/toolchain/risc-v embedded gcc/bin/../lib/gcc/riscv-none-embed/8.2.0/../../../../riscv-none-embed/lib/rv32imac/ilp32\libg_nano.a
LOAD d:/软件工具/mounriver_studio_setup_v142/mounriver_studio/toolchain/risc-v embedded gcc/bin/../lib/gcc/riscv-none-embed/8.2.0/../../../../riscv-none-embed/lib/rv32imac/ilp32\libc_nano.a
LOAD d:/软件工具/mounriver_studio_setup_v142/mounriver_studio/toolchain/risc-v embedded gcc/bin/../lib/gcc/riscv-none-embed/8.2.0/rv32imac/ilp32\libgcc.a
START GROUP
LOAD d:/软件工具/mounriver_studio_setup_v142/mounriver_studio/toolchain/risc-v embedded gcc/bin/../lib/gcc/riscv-none-embed/8.2.0/rv32imac/ilp32\libgcc.a
LOAD d:/软件工具/mounriver_studio_setup_v142/mounriver_studio/toolchain/risc-v embedded gcc/bin/../lib/gcc/riscv-none-embed/8.2.0/../../../../riscv-none-embed/lib/rv32imac/ilp32\libc_nano.a
LOAD d:/软件工具/mounriver_studio_setup_v142/mounriver_studio/toolchain/risc-v embedded gcc/bin/../lib/gcc/riscv-none-embed/8.2.0/../../../../riscv-none-embed/lib/rv32imac/ilp32\libnosys.a
END GROUP
START GROUP
LOAD d:/软件工具/mounriver_studio_setup_v142/mounriver_studio/toolchain/risc-v embedded gcc/bin/../lib/gcc/riscv-none-embed/8.2.0/rv32imac/ilp32\libgcc.a
LOAD d:/软件工具/mounriver_studio_setup_v142/mounriver_studio/toolchain/risc-v embedded gcc/bin/../lib/gcc/riscv-none-embed/8.2.0/../../../../riscv-none-embed/lib/rv32imac/ilp32\libc_nano.a
LOAD d:/软件工具/mounriver_studio_setup_v142/mounriver_studio/toolchain/risc-v embedded gcc/bin/../lib/gcc/riscv-none-embed/8.2.0/../../../../riscv-none-embed/lib/rv32imac/ilp32\libnosys.a
END GROUP

.init           0x0000000000000000        0x4
                0x0000000000000000                _sinit = .
                0x0000000000000000                . = ALIGN (0x4)
 *(SORT_NONE(.init))
 .init          0x0000000000000000        0x4 ./Startup/startup_CH583.o
                0x0000000000000000                _start
                0x0000000000000004                . = ALIGN (0x4)
                0x0000000000000004                _einit = .

.highcodelalign
                0x0000000000000004        0x0
                0x0000000000000004                . = ALIGN (0x4)
                0x0000000000000004                PROVIDE (_highcode_lma = .)

.highcode       0x0000000020000000     0x2328 load address 0x0000000000000004
                0x0000000020000000                . = ALIGN (0x4)
                0x0000000020000000                PROVIDE (_highcode_vma_start = .)
 *(.vector)
 .vector        0x0000000020000000       0x90 ./Startup/startup_CH583.o
 *(SORT_NONE(.vector_handler))
 .vector_handler
                0x0000000020000090       0x36 ./Startup/startup_CH583.o
                0x0000000020000090                NMI_Handler
                0x0000000020000094                Ecall_M_Mode_Handler
                0x0000000020000096                Ecall_U_Mode_Handler
                0x0000000020000098                Break_Point_Handler
                0x000000002000009a                SysTick_Handler
                0x000000002000009c                SW_Handler
                0x000000002000009e                TMR0_IRQHandler
                0x00000000200000a4                SPI0_IRQHandler
                0x00000000200000a6                BB_IRQHandler
                0x00000000200000a8                LLE_IRQHandler
                0x00000000200000aa                USB_IRQHandler
                0x00000000200000ac                USB2_IRQHandler
                0x00000000200000ae                TMR1_IRQHandler
                0x00000000200000b0                TMR2_IRQHandler
                0x00000000200000b8                ADC_IRQHandler
                0x00000000200000ba                I2C_IRQHandler
                0x00000000200000bc                PWMX_IRQHandler
                0x00000000200000be                TMR3_IRQHandler
                0x00000000200000c4                WDOG_BAT_IRQHandler
 *(.highcode)
 .highcode      0x00000000200000c6      0x2ac ./Task/app_port.o
                0x00000000200000c6                UART0_IRQHandler
                0x000000002000015a                UART1_IRQHandler
                0x00000000200001ee                UART2_IRQHandler
                0x0000000020000282                UART3_IRQHandler
                0x0000000020000316                GPIOA_IRQHandler
                0x0000000020000344                GPIOB_IRQHandler
 .highcode      0x0000000020000372      0x22c ./StdPeriphDriver/CH58x_sys.o
                0x0000000020000372                SetSysClock
                0x00000000200004e6                SYS_ResetExecute
                0x0000000020000522                HardFault_Handler
                0x0000000020000568                mDelayuS
                0x0000000020000576                mDelaymS
 .highcode      0x000000002000059e       0x1a ./HAL/RTC.o
                0x000000002000059e                RTC_IRQHandler
 .highcode      0x00000000200005b8        0x8 ./APP/app_main.o
                0x00000000200005b8                Main_Circulation
 .highcode      0x00000000200005c0      0x426 ../StdPeriphDriver\libISP583.a(ISP583.o)
                0x00000000200005c0                FLASH_ROM_BEG
                0x00000000200005d2                FLASH_ROM_END
                0x00000000200005e0                FLASH_ROM_IN
                0x00000000200005ee                FLASH_ROM_OUT
                0x00000000200005fc                FLASH_ROM_ADDR
                0x0000000020000644                FLASH_ROM_WAIT
                0x000000002000067c                FLASH_EEPROM_CMD
 .highcode      0x00000000200009e6      0x44c R:\CODE\CHcode\CH582\PT02_ML307A\PT02_ML307A_app\LIB\libCH58xBLE.a(tmos.o)
                0x00000000200009e6                tmos_memcpy
                0x0000000020000a06                tmos_memcpy_word
                0x0000000020000a1e                tmos_memset
                0x0000000020000a30                tmos_strlen
                0x0000000020000a44                tmos_memdup
                0x0000000020000a76                tmos_memcmp
                0x0000000020000aa4                tmos_revmemcpy
                0x0000000020000ac0                tmos_isbufset
                0x0000000020000ae2                tmos_proces_system_time
                0x0000000020000c2c                TMOS_SystemProcess
 .highcode      0x0000000020000e32       0x4c R:\CODE\CHcode\CH582\PT02_ML307A\PT02_ML307A_app\LIB\libCH58xBLE.a(tmos_hw.o)
                0x0000000020000e7c                TMOS_TimerIRQHandler
 .highcode      0x0000000020000e7e      0x2d2 R:\CODE\CHcode\CH582\PT02_ML307A\PT02_ML307A_app\LIB\libCH58xBLE.a(ll_connect.o)
                0x0000000020000e7e                ll_connect_send_data
                0x0000000020000fa6                ll_connect_recv_data
                0x0000000020001086                ll_connect_event_continue
 .highcode      0x0000000020001150      0x310 R:\CODE\CHcode\CH582\PT02_ML307A\PT02_ML307A_app\LIB\libCH58xBLE.a(ll_hop.o)
                0x0000000020001150                LL_HopGetChannel
                0x00000000200011f6                LL_HopGetChannel2
 .highcode      0x0000000020001460       0xa4 R:\CODE\CHcode\CH582\PT02_ML307A\PT02_ML307A_app\LIB\libCH58xBLE.a(ll_scan.o)
                0x0000000020001460                ll_scan_duplicate_filter
 .highcode      0x0000000020001504       0x50 R:\CODE\CHcode\CH582\PT02_ML307A\PT02_ML307A_app\LIB\libCH58xBLE.a(ll_whitelist.o)
                0x0000000020001504                LL_WhitelistLookup
 .highcode      0x0000000020001554      0x1e0 R:\CODE\CHcode\CH582\PT02_ML307A\PT02_ML307A_app\LIB\libCH58xBLE.a(aes.o)
                0x0000000020001554                AES_DevAESEnc
 .highcode      0x0000000020001734      0x15a R:\CODE\CHcode\CH582\PT02_ML307A\PT02_ML307A_app\LIB\libCH58xBLE.a(bb.o)
                0x0000000020001734                BB_IRQLibHandler
                0x0000000020001844                BB_IRQLibFunction
 .highcode      0x000000002000188e      0x3dc R:\CODE\CHcode\CH582\PT02_ML307A\PT02_ML307A_app\LIB\libCH58xBLE.a(ip.o)
                0x000000002000188e                ll_rx_wait_finish
                0x00000000200018cc                ble_ll_chkcrc
                0x000000002000196e                ll_tx_wait_finish
                0x0000000020001a92                BLE_CheckHoppingMap
 .highcode      0x0000000020001c6a      0x23c R:\CODE\CHcode\CH582\PT02_ML307A\PT02_ML307A_app\LIB\libCH58xBLE.a(lle.o)
                0x0000000020001c6a                LLE_IRQLibHandler
                0x0000000020001e5c                LLE_IRQLibFunction
 .highcode      0x0000000020001ea6      0x1be R:\CODE\CHcode\CH582\PT02_ML307A\PT02_ML307A_app\LIB\libCH58xBLE.a(rf_fh.o)
                0x0000000020001ea6                RF_HopGetChannel
                0x0000000020001f14                RF_FrequencyHoppingGet
                0x0000000020001fca                RF_FrequencyHoppingChange
 .highcode      0x0000000020002064       0x30 R:\CODE\CHcode\CH582\PT02_ML307A\PT02_ML307A_app\LIB\libCH58xBLE.a(rfend.o)
                0x0000000020002064                RFEND_WaitTune
 .highcode      0x0000000020002094      0x1ba R:\CODE\CHcode\CH582\PT02_ML307A\PT02_ML307A_app\LIB\libCH58xBLE.a(memory.o)
                0x0000000020002094                tmos_memory_allocate
                0x0000000020002166                tmos_memory_free
 .highcode      0x000000002000224e       0xd8 R:\CODE\CHcode\CH582\PT02_ML307A\PT02_ML307A_app\LIB\libCH58xBLE.a(ll_resolvinglist.o)
                0x000000002000224e                LL_ResolvinglistPeerIdentifyAddressGetIrk
                0x00000000200022a2                LL_ResolvinglistPeerRpaAddressGetIrk
                0x00000000200022e4                LL_ResolvinglistLocalRpaAddressGetIrk
 *(.highcode.*)
                0x0000000020002328                . = ALIGN (0x4)
 *fill*         0x0000000020002326        0x2 
                0x0000000020002328                PROVIDE (_highcode_vma_end = .)

.text           0x0000000000002330    0x428b8
                0x0000000000002330                . = ALIGN (0x4)
 *(SORT_NONE(.handle_reset))
 .handle_reset  0x0000000000002330       0xb2 ./Startup/startup_CH583.o
                0x0000000000002330                handle_reset
 *(.text)
 .text          0x00000000000023e2       0xa8 d:/软件工具/mounriver_studio_setup_v142/mounriver_studio/toolchain/risc-v embedded gcc/bin/../lib/gcc/riscv-none-embed/8.2.0/../../../../riscv-none-embed/lib/rv32imac/ilp32\libg_nano.a(lib_a-memset.o)
                0x00000000000023e2                memset
 .text          0x000000000000248a      0x11e d:/软件工具/mounriver_studio_setup_v142/mounriver_studio/toolchain/risc-v embedded gcc/bin/../lib/gcc/riscv-none-embed/8.2.0/../../../../riscv-none-embed/lib/rv32imac/ilp32\libg_nano.a(lib_a-strcmp.o)
                0x000000000000248a                strcmp
 *(.text.*)
 .text.atCmdIMEIParser
                0x00000000000025a8       0x2c ./Task/app_atcmd.o
                0x00000000000025a8                atCmdIMEIParser
 .text.atCmdParserFunction
                0x00000000000025d4      0x6ba ./Task/app_atcmd.o
                0x00000000000025d4                atCmdParserFunction
 .text.bleSendProtocol
                0x0000000000002c8e       0xce ./Task/app_bleprotocol.o
 .text.bleSendDataReqSet
                0x0000000000002d5c       0x4c ./Task/app_bleprotocol.o
                0x0000000000002d5c                bleSendDataReqSet
 .text.devLoginInfoParser
                0x0000000000002da8      0x184 ./Task/app_bleprotocol.o
 .text.bleSendDataReqClear
                0x0000000000002f2c       0x50 ./Task/app_bleprotocol.o
                0x0000000000002f2c                bleSendDataReqClear
 .text.bleProtoclRecvParser
                0x0000000000002f7c      0x248 ./Task/app_bleprotocol.o
                0x0000000000002f7c                bleProtoclRecvParser
 .text.bleProtocolSendEventTask
                0x00000000000031c4       0xdc ./Task/app_bleprotocol.o
                0x00000000000031c4                bleProtocolSendEventTask
 .text.bleProtocolSendPeriod
                0x00000000000032a0       0x66 ./Task/app_bleprotocol.o
                0x00000000000032a0                bleProtocolSendPeriod
 .text.dbInfoWrite
                0x0000000000003306       0x34 ./Task/app_db.o
 .text.dbSectionWrite
                0x000000000000333a      0x14a ./Task/app_db.o
 .text.dbInfoClear
                0x0000000000003484       0x36 ./Task/app_db.o
                0x0000000000003484                dbInfoClear
 .text.dbInfoRead
                0x00000000000034ba       0x42 ./Task/app_db.o
                0x00000000000034ba                dbInfoRead
 .text.dbUpload
                0x00000000000034fc      0x11e ./Task/app_db.o
                0x00000000000034fc                dbUpload
 .text.dbCircularWrite
                0x000000000000361a       0xb4 ./Task/app_db.o
                0x000000000000361a                dbCircularWrite
 .text.dbSaveRelease
                0x00000000000036ce       0x50 ./Task/app_db.o
                0x00000000000036ce                dbSaveRelease
 .text.dbSave   0x000000000000371e       0x60 ./Task/app_db.o
                0x000000000000371e                dbSave
 .text.dbCircularRead
                0x000000000000377e      0x10a ./Task/app_db.o
                0x000000000000377e                dbCircularRead
 .text.recordLastMilePoint
                0x0000000000003888       0x2c ./Task/app_gps.o
 .text.initLastPoint
                0x00000000000038b4       0x38 ./Task/app_gps.o
 .text.charstrToHexValue
                0x00000000000038ec       0xda ./Task/app_gps.o
                0x00000000000038ec                charstrToHexValue
 .text.parse_GSA
                0x00000000000039c6       0x3a ./Task/app_gps.o
                0x00000000000039c6                parse_GSA
 .text.parse_GSV
                0x0000000000003a00      0x1fa ./Task/app_gps.o
                0x0000000000003a00                parse_GSV
 .text.parse_GGA
                0x0000000000003bfa       0x4c ./Task/app_gps.o
                0x0000000000003bfa                parse_GGA
 .text.parse_TXT
                0x0000000000003c46       0x70 ./Task/app_gps.o
                0x0000000000003c46                parse_TXT
 .text.latitude_to_double
                0x0000000000003cb6       0xbc ./Task/app_gps.o
                0x0000000000003cb6                latitude_to_double
 .text.longitude_to_double
                0x0000000000003d72       0xbc ./Task/app_gps.o
                0x0000000000003d72                longitude_to_double
 .text.changeUTCTimeToLocalTime
                0x0000000000003e2e      0x17e ./Task/app_gps.o
                0x0000000000003e2e                changeUTCTimeToLocalTime
 .text.updateLocalRTCTime
                0x0000000000003fac       0x86 ./Task/app_gps.o
                0x0000000000003fac                updateLocalRTCTime
 .text.showgpsinfo
                0x0000000000004032      0x1b6 ./Task/app_gps.o
                0x0000000000004032                showgpsinfo
 .text.parse_RMC
                0x00000000000041e8      0x242 ./Task/app_gps.o
                0x00000000000041e8                parse_RMC
 .text.parseGPS
                0x000000000000442a      0x180 ./Task/app_gps.o
                0x000000000000442a                parseGPS
 .text.nmeaParser
                0x00000000000045aa       0x80 ./Task/app_gps.o
                0x00000000000045aa                nmeaParser
 .text.gpsClearCurrentGPSInfo
                0x000000000000462a       0x2e ./Task/app_gps.o
                0x000000000000462a                gpsClearCurrentGPSInfo
 .text.getCurrentGPSInfo
                0x0000000000004658       0x16 ./Task/app_gps.o
                0x0000000000004658                getCurrentGPSInfo
 .text.getLastFixedGPSInfo
                0x000000000000466e        0x6 ./Task/app_gps.o
                0x000000000000466e                getLastFixedGPSInfo
 .text.calculateTheDistanceBetweenTwoPonits
                0x0000000000004674      0x15e ./Task/app_gps.o
                0x0000000000004674                calculateTheDistanceBetweenTwoPonits
 .text.gpsUploadPointToServer
                0x00000000000047d2      0x306 ./Task/app_gps.o
                0x00000000000047d2                gpsUploadPointToServer
 .text.ClearLastMilePoint
                0x0000000000004ad8        0xe ./Task/app_gps.o
                0x0000000000004ad8                ClearLastMilePoint
 .text.gpsMileRecord
                0x0000000000004ae6      0x1e4 ./Task/app_gps.o
                0x0000000000004ae6                gpsMileRecord
 .text.sendMsgWithMode
                0x0000000000004cca       0xa6 ./Task/app_instructioncmd.o
 .text.serverChangeCallBack
                0x0000000000004d70       0x10 ./Task/app_instructioncmd.o
 .text.dorequestSend123
                0x0000000000004d80       0xe0 ./Task/app_instructioncmd.o
                0x0000000000004d80                dorequestSend123
 .text.do123Instruction
                0x0000000000004e60       0x80 ./Task/app_instructioncmd.o
                0x0000000000004e60                do123Instruction
 .text.doAPNInstruction
                0x0000000000004ee0      0x124 ./Task/app_instructioncmd.o
                0x0000000000004ee0                doAPNInstruction
 .text.doUPSInstruction
                0x0000000000005004       0xf8 ./Task/app_instructioncmd.o
                0x0000000000005004                doUPSInstruction
 .text.doLOWWInstruction
                0x00000000000050fc       0xaa ./Task/app_instructioncmd.o
                0x00000000000050fc                doLOWWInstruction
 .text.doLEDInstruction
                0x00000000000051a6       0x7a ./Task/app_instructioncmd.o
                0x00000000000051a6                doLEDInstruction
 .text.doPOITYPEInstruction
                0x0000000000005220       0xde ./Task/app_instructioncmd.o
                0x0000000000005220                doPOITYPEInstruction
 .text.doResetInstruction
                0x00000000000052fe       0x38 ./Task/app_instructioncmd.o
                0x00000000000052fe                doResetInstruction
 .text.doUTCInstruction
                0x0000000000005336       0xc4 ./Task/app_instructioncmd.o
                0x0000000000005336                doUTCInstruction
 .text.doDebugInstrucion
                0x00000000000053fa      0x146 ./Task/app_instructioncmd.o
                0x00000000000053fa                doDebugInstrucion
 .text.doACCCTLGNSSInstrucion
                0x0000000000005540       0x94 ./Task/app_instructioncmd.o
                0x0000000000005540                doACCCTLGNSSInstrucion
 .text.doAccdetmodeInstruction
                0x00000000000055d4       0xac ./Task/app_instructioncmd.o
                0x00000000000055d4                doAccdetmodeInstruction
 .text.doFenceInstrucion
                0x0000000000005680       0x5c ./Task/app_instructioncmd.o
                0x0000000000005680                doFenceInstrucion
 .text.doIccidInstrucion
                0x00000000000056dc       0x2a ./Task/app_instructioncmd.o
                0x00000000000056dc                doIccidInstrucion
 .text.doFactoryInstrucion
                0x0000000000005706       0x44 ./Task/app_instructioncmd.o
                0x0000000000005706                doFactoryInstrucion
 .text.doSetAgpsInstruction
                0x000000000000574a      0x12c ./Task/app_instructioncmd.o
                0x000000000000574a                doSetAgpsInstruction
 .text.doBFInstruction
                0x0000000000005876       0x2a ./Task/app_instructioncmd.o
                0x0000000000005876                doBFInstruction
 .text.doCFInstruction
                0x00000000000058a0       0x28 ./Task/app_instructioncmd.o
                0x00000000000058a0                doCFInstruction
 .text.doProtectVolInstrucion
                0x00000000000058c8       0x88 ./Task/app_instructioncmd.o
                0x00000000000058c8                doProtectVolInstrucion
 .text.doTimerInstrucion
                0x0000000000005950       0xa4 ./Task/app_instructioncmd.o
                0x0000000000005950                doTimerInstrucion
 .text.instructionParser
                0x00000000000059f4     0x13e8 ./Task/app_instructioncmd.o
                0x00000000000059f4                instructionParser
 .text.jt808GetSerial
                0x0000000000006ddc       0x12 ./Task/app_jt808.o
 .text.jt808PackMessageTail
                0x0000000000006dee       0x54 ./Task/app_jt808.o
 .text.byteToBcd
                0x0000000000006e42       0x1c ./Task/app_jt808.o
 .text.jt808gpsRestoreChange
                0x0000000000006e5e       0xee ./Task/app_jt808.o
 .text.jt808Escape
                0x0000000000006f4c       0xea ./Task/app_jt808.o
 .text.jt808UpdateStatus.part.3
                0x0000000000007036       0x10 ./Task/app_jt808.o
 .text.jt808PackGpsinfo
                0x0000000000007046      0x1f2 ./Task/app_jt808.o
 .text.jt808PositionInfo.constprop.14
                0x0000000000007238      0x1fe ./Task/app_jt808.o
 .text.jt808PackMessageHead.constprop.18
                0x0000000000007436       0x4a ./Task/app_jt808.o
 .text.jt808TerminalPosition.constprop.13
                0x0000000000007480      0x4b2 ./Task/app_jt808.o
 .text.jt808CreateSn
                0x0000000000007932       0x56 ./Task/app_jt808.o
                0x0000000000007932                jt808CreateSn
 .text.jt808UpdateStatus
                0x0000000000007988       0x16 ./Task/app_jt808.o
                0x0000000000007988                jt808UpdateStatus
 .text.jt808UpdateAlarm
                0x000000000000799e       0x18 ./Task/app_jt808.o
                0x000000000000799e                jt808UpdateAlarm
 .text.jt808RegisterTcpSend
                0x00000000000079b6        0xc ./Task/app_jt808.o
                0x00000000000079b6                jt808RegisterTcpSend
 .text.jt808RegisterLoginInfo
                0x00000000000079c2       0x68 ./Task/app_jt808.o
                0x00000000000079c2                jt808RegisterLoginInfo
 .text.jt808RegisterManufactureId
                0x0000000000007a2a       0x12 ./Task/app_jt808.o
                0x0000000000007a2a                jt808RegisterManufactureId
 .text.jt808RegisterTerminalType
                0x0000000000007a3c       0x12 ./Task/app_jt808.o
                0x0000000000007a3c                jt808RegisterTerminalType
 .text.jt808RegisterTerminalId
                0x0000000000007a4e       0x12 ./Task/app_jt808.o
                0x0000000000007a4e                jt808RegisterTerminalId
 .text.jt808UpdateWifiinfo
                0x0000000000007a60       0x64 ./Task/app_jt808.o
                0x0000000000007a60                jt808UpdateWifiinfo
 .text.jt808TcpSend
                0x0000000000007ac4       0x28 ./Task/app_jt808.o
                0x0000000000007ac4                jt808TcpSend
 .text.jt808BatchUpload.constprop.8
                0x0000000000007aec      0x11a ./Task/app_jt808.o
 .text.jt808TranmissionData.constprop.9
                0x0000000000007c06       0xde ./Task/app_jt808.o
 .text.jt808gpsRestoreDataSend
                0x0000000000007ce4       0x26 ./Task/app_jt808.o
                0x0000000000007ce4                jt808gpsRestoreDataSend
 .text.jt808SendToServer
                0x0000000000007d0a      0x4c0 ./Task/app_jt808.o
                0x0000000000007d0a                jt808SendToServer
 .text.jt808MessageSend
                0x00000000000081ca       0x1a ./Task/app_jt808.o
                0x00000000000081ca                jt808MessageSend
 .text.jt808ReceiveParser
                0x00000000000081e4      0x3f6 ./Task/app_jt808.o
                0x00000000000081e4                jt808ReceiveParser
 .text.systemTickInc
                0x00000000000085da        0xc ./Task/app_kernal.o
                0x00000000000085da                systemTickInc
 .text.startTimer
                0x00000000000085e6      0x106 ./Task/app_kernal.o
                0x00000000000085e6                startTimer
 .text.stopTimer
                0x00000000000086ec       0x76 ./Task/app_kernal.o
                0x00000000000086ec                stopTimer
 .text.kernalRun
                0x0000000000008762       0xbe ./Task/app_kernal.o
                0x0000000000008762                kernalRun
 .text.systemTaskSuspend
                0x0000000000008820       0x2c ./Task/app_kernal.o
                0x0000000000008820                systemTaskSuspend
 .text.systemTaskResume
                0x000000000000884c       0x2e ./Task/app_kernal.o
                0x000000000000884c                systemTaskResume
 .text.createSystemTask
                0x000000000000887a        0xc ./Task/app_kernal.o
                0x000000000000887a                createSystemTask
 .text.mir3da_register_read
                0x0000000000008886       0x1a ./Task/app_mir3da.o
                0x0000000000008886                mir3da_register_read
 .text.mir3da_register_write
                0x00000000000088a0       0x18 ./Task/app_mir3da.o
                0x00000000000088a0                mir3da_register_write
 .text.qma6100p_register_read
                0x00000000000088b8       0x1a ./Task/app_mir3da.o
                0x00000000000088b8                qma6100p_register_read
 .text.qma6100p_register_write
                0x00000000000088d2       0x18 ./Task/app_mir3da.o
                0x00000000000088d2                qma6100p_register_write
 .text.UpdateGsensorDet
                0x00000000000088ea       0x68 ./Task/app_mir3da.o
                0x00000000000088ea                UpdateGsensorDet
 .text.mir3da_open_interrupt
                0x0000000000008952       0x48 ./Task/app_mir3da.o
                0x0000000000008952                mir3da_open_interrupt
 .text.read_gsensor_id
                0x000000000000899a       0xe8 ./Task/app_mir3da.o
                0x000000000000899a                read_gsensor_id
 .text.readInterruptConfig
                0x0000000000008a82       0x94 ./Task/app_mir3da.o
                0x0000000000008a82                readInterruptConfig
 .text.qma6100p_init
                0x0000000000008b16      0x1ce ./Task/app_mir3da.o
                0x0000000000008b16                qma6100p_init
 .text.da217_init
                0x0000000000008ce4       0x8c ./Task/app_mir3da.o
                0x0000000000008ce4                da217_init
 .text.mir3da_init
                0x0000000000008d70       0x72 ./Task/app_mir3da.o
                0x0000000000008d70                mir3da_init
 .text.modulePowerOffRelease
                0x0000000000008de2       0x28 ./Task/app_net.o
 .text.modulePressPowerKey
                0x0000000000008e0a       0x20 ./Task/app_net.o
 .text.modulePowerOffProcess
                0x0000000000008e2a       0x22 ./Task/app_net.o
 .text.modulePressReleaseKey
                0x0000000000008e4c       0x2e ./Task/app_net.o
 .text.moduleInit
                0x0000000000008e7a        0xe ./Task/app_net.o
 .text.modulePowerOn
                0x0000000000008e88       0x82 ./Task/app_net.o
                0x0000000000008e88                modulePowerOn
 .text.changeProcess
                0x0000000000008f0a       0x14 ./Task/app_net.o
 .text.miprdParser.constprop.12
                0x0000000000008f1e      0x280 ./Task/app_net.o
 .text.createNode
                0x000000000000919e       0xca ./Task/app_net.o
                0x000000000000919e                createNode
 .text.outputNode
                0x0000000000009268      0x11c ./Task/app_net.o
                0x0000000000009268                outputNode
 .text.sendModuleCmd
                0x0000000000009384       0xd8 ./Task/app_net.o
                0x0000000000009384                sendModuleCmd
 .text.moduleExitFly
                0x000000000000945c        0xe ./Task/app_net.o
 .text.qirdCmdSend
                0x000000000000946a       0x2e ./Task/app_net.o
 .text.modulePowerOff
                0x0000000000009498       0x72 ./Task/app_net.o
                0x0000000000009498                modulePowerOff
 .text.moduleReset
                0x000000000000950a       0x3e ./Task/app_net.o
                0x000000000000950a                moduleReset
 .text.openSocket
                0x0000000000009548       0x26 ./Task/app_net.o
                0x0000000000009548                openSocket
 .text.closeSocket
                0x000000000000956e       0x22 ./Task/app_net.o
                0x000000000000956e                closeSocket
 .text.madcParser
                0x0000000000009590       0xa4 ./Task/app_net.o
                0x0000000000009590                madcParser
 .text.cmtParser
                0x0000000000009634       0xf2 ./Task/app_net.o
                0x0000000000009634                cmtParser
 .text.mipopenParser
                0x0000000000009726       0xea ./Task/app_net.o
                0x0000000000009726                mipopenParser
 .text.isAgpsDataRecvComplete
                0x0000000000009810        0x6 ./Task/app_net.o
                0x0000000000009810                isAgpsDataRecvComplete
 .text.mipurcParser
                0x0000000000009816      0x1de ./Task/app_net.o
                0x0000000000009816                mipurcParser
 .text.mipsackParser
                0x00000000000099f4       0xea ./Task/app_net.o
                0x00000000000099f4                mipsackParser
 .text.netResetCsqSearch
                0x0000000000009ade        0xa ./Task/app_net.o
                0x0000000000009ade                netResetCsqSearch
 .text.socketSendData
                0x0000000000009ae8       0x5e ./Task/app_net.o
                0x0000000000009ae8                socketSendData
 .text.moduleSleepCtl
                0x0000000000009b46       0x28 ./Task/app_net.o
                0x0000000000009b46                moduleSleepCtl
 .text.moduleGetCsq
                0x0000000000009b6e        0x8 ./Task/app_net.o
                0x0000000000009b6e                moduleGetCsq
 .text.moduleGetLbs
                0x0000000000009b76       0x24 ./Task/app_net.o
                0x0000000000009b76                moduleGetLbs
 .text.moduleGetWifiScan
                0x0000000000009b9a       0x1a ./Task/app_net.o
                0x0000000000009b9a                moduleGetWifiScan
 .text.sendMessage
                0x0000000000009bb4       0x64 ./Task/app_net.o
                0x0000000000009bb4                sendMessage
 .text.deleteAllMessage
                0x0000000000009c18        0xe ./Task/app_net.o
                0x0000000000009c18                deleteAllMessage
 .text.deleteMessage
                0x0000000000009c26       0x22 ./Task/app_net.o
                0x0000000000009c26                deleteMessage
 .text.cmglParser.constprop.11
                0x0000000000009c48      0x106 ./Task/app_net.o
 .text.moduleRecvParser
                0x0000000000009d4e      0x970 ./Task/app_net.o
                0x0000000000009d4e                moduleRecvParser
 .text.queryMessageList
                0x000000000000a6be       0x22 ./Task/app_net.o
                0x000000000000a6be                queryMessageList
 .text.querySendData
                0x000000000000a6e0       0x24 ./Task/app_net.o
                0x000000000000a6e0                querySendData
 .text.queryBatVoltage
                0x000000000000a704       0x10 ./Task/app_net.o
                0x000000000000a704                queryBatVoltage
 .text.netConnectTask
                0x000000000000a714      0x3c6 ./Task/app_net.o
                0x000000000000a714                netConnectTask
 .text.getModuleRssi
                0x000000000000aada        0x6 ./Task/app_net.o
                0x000000000000aada                getModuleRssi
 .text.getModuleIMSI
                0x000000000000aae0        0x6 ./Task/app_net.o
                0x000000000000aae0                getModuleIMSI
 .text.getModuleIMEI
                0x000000000000aae6        0x6 ./Task/app_net.o
                0x000000000000aae6                getModuleIMEI
 .text.getModuleICCID
                0x000000000000aaec        0x6 ./Task/app_net.o
                0x000000000000aaec                getModuleICCID
 .text.getMCC   0x000000000000aaf2        0x6 ./Task/app_net.o
                0x000000000000aaf2                getMCC
 .text.getMNC   0x000000000000aaf8        0x6 ./Task/app_net.o
                0x000000000000aaf8                getMNC
 .text.getLac   0x000000000000aafe        0x6 ./Task/app_net.o
                0x000000000000aafe                getLac
 .text.getCid   0x000000000000ab04        0xa ./Task/app_net.o
                0x000000000000ab04                getCid
 .text.getTcpNack
                0x000000000000ab0e        0xa ./Task/app_net.o
                0x000000000000ab0e                getTcpNack
 .text.getQgmr  0x000000000000ab18        0x6 ./Task/app_net.o
                0x000000000000ab18                getQgmr
 .text.isModuleRunNormal
                0x000000000000ab1e        0xc ./Task/app_net.o
                0x000000000000ab1e                isModuleRunNormal
 .text.bootParamSaveAll
                0x000000000000ab2a       0x40 ./Task/app_param.o
                0x000000000000ab2a                bootParamSaveAll
 .text.bootParamGetAll
                0x000000000000ab6a       0x18 ./Task/app_param.o
                0x000000000000ab6a                bootParamGetAll
 .text.paramSaveAll
                0x000000000000ab82       0x36 ./Task/app_param.o
                0x000000000000ab82                paramSaveAll
 .text.paramGetAll
                0x000000000000abb8       0x1a ./Task/app_param.o
                0x000000000000abb8                paramGetAll
 .text.dynamicParamSaveAll
                0x000000000000abd2       0x3c ./Task/app_param.o
                0x000000000000abd2                dynamicParamSaveAll
 .text.dynamicParamGetAll
                0x000000000000ac0e       0x1c ./Task/app_param.o
                0x000000000000ac0e                dynamicParamGetAll
 .text.paramDefaultInit
                0x000000000000ac2a      0x264 ./Task/app_param.o
                0x000000000000ac2a                paramDefaultInit
 .text.paramInit
                0x000000000000ae8e       0xb2 ./Task/app_param.o
                0x000000000000ae8e                paramInit
 .text.postUartRxData
                0x000000000000af40       0x86 ./Task/app_port.o
 .text.portUpdateAlarmTime
                0x000000000000afc6       0x28 ./Task/app_port.o
 .text.pushUartRxData
                0x000000000000afee      0x14e ./Task/app_port.o
 .text.iicStart
                0x000000000000b13c       0x44 ./Task/app_port.o
 .text.iicStop  0x000000000000b180       0x66 ./Task/app_port.o
 .text.pollUartData
                0x000000000000b1e6       0x28 ./Task/app_port.o
                0x000000000000b1e6                pollUartData
 .text.portUartCfg
                0x000000000000b20e      0x33c ./Task/app_port.o
                0x000000000000b20e                portUartCfg
 .text.portUartSend
                0x000000000000b54a       0x1c ./Task/app_port.o
                0x000000000000b54a                portUartSend
 .text.portModuleGpioCfg
                0x000000000000b566       0x5a ./Task/app_port.o
                0x000000000000b566                portModuleGpioCfg
 .text.portLedGpioCfg
                0x000000000000b5c0       0x24 ./Task/app_port.o
                0x000000000000b5c0                portLedGpioCfg
 .text.portGpsGpioCfg
                0x000000000000b5e4       0x22 ./Task/app_port.o
                0x000000000000b5e4                portGpsGpioCfg
 .text.portGpioSetDefCfg
                0x000000000000b606       0x18 ./Task/app_port.o
                0x000000000000b606                portGpioSetDefCfg
 .text.portSysReset
                0x000000000000b61e       0x22 ./Task/app_port.o
                0x000000000000b61e                portSysReset
 .text.portGsensorPwrCtl
                0x000000000000b640       0x42 ./Task/app_port.o
                0x000000000000b640                portGsensorPwrCtl
 .text.portIICCfg
                0x000000000000b682       0x18 ./Task/app_port.o
                0x000000000000b682                portIICCfg
 .text.sdaReadInput
                0x000000000000b69a       0x1e ./Task/app_port.o
                0x000000000000b69a                sdaReadInput
 .text.iicSendOneByte
                0x000000000000b6b8       0xec ./Task/app_port.o
 .text.iicReadOneByte
                0x000000000000b7a4      0x10c ./Task/app_port.o
 .text.iicReadData
                0x000000000000b8b0       0x78 ./Task/app_port.o
                0x000000000000b8b0                iicReadData
 .text.iicWriteData
                0x000000000000b928       0x3a ./Task/app_port.o
                0x000000000000b928                iicWriteData
 .text.portGsensorCtl
                0x000000000000b962       0xb0 ./Task/app_port.o
                0x000000000000b962                portGsensorCtl
 .text.portGetTimestamp
                0x000000000000ba12       0x50 ./Task/app_port.o
                0x000000000000ba12                portGetTimestamp
 .text.portConvertTimestampToTime
                0x000000000000ba62      0x114 ./Task/app_port.o
                0x000000000000ba62                portConvertTimestampToTime
 .text.portConvertTimeToTimestamp
                0x000000000000bb76       0xea ./Task/app_port.o
                0x000000000000bb76                portConvertTimeToTimestamp
 .text.portSetTimestamp
                0x000000000000bc60       0x58 ./Task/app_port.o
                0x000000000000bc60                portSetTimestamp
 .text.portGetRtcDateTime
                0x000000000000bcb8       0x62 ./Task/app_port.o
                0x000000000000bcb8                portGetRtcDateTime
 .text.portUpdateRtcOffset
                0x000000000000bd1a       0xf8 ./Task/app_port.o
                0x000000000000bd1a                portUpdateRtcOffset
 .text.portSetNextAlarmTime
                0x000000000000be12      0x102 ./Task/app_port.o
                0x000000000000be12                portSetNextAlarmTime
 .text.portAdcCfg
                0x000000000000bf14        0xa ./Task/app_port.o
                0x000000000000bf14                portAdcCfg
 .text.portGetAdcVol
                0x000000000000bf1e       0xae ./Task/app_port.o
                0x000000000000bf1e                portGetAdcVol
 .text.portSleepEn
                0x000000000000bfcc        0x6 ./Task/app_port.o
                0x000000000000bfcc                portSleepEn
 .text.portSleepDn
                0x000000000000bfd2        0x6 ./Task/app_port.o
                0x000000000000bfd2                portSleepDn
 .text.portGetSleepState
                0x000000000000bfd8       0x1c ./Task/app_port.o
                0x000000000000bfd8                portGetSleepState
 .text.portWdtCfg
                0x000000000000bff4        0xe ./Task/app_port.o
                0x000000000000bff4                portWdtCfg
 .text.portWdtFeed
                0x000000000000c002        0xa ./Task/app_port.o
                0x000000000000c002                portWdtFeed
 .text.packIMEI
                0x000000000000c00c       0x9e ./Task/app_protocol.o
 .text.createProtocolTail_7979
                0x000000000000c0aa       0x68 ./Task/app_protocol.o
 .text.sendTcpDataDebugShow
                0x000000000000c112       0x7c ./Task/app_protocol.o
 .text.createProtocolTail
                0x000000000000c18e       0x64 ./Task/app_protocol.o
 .text.createProtocol01
                0x000000000000c1f2       0x56 ./Task/app_protocol.o
                0x000000000000c1f2                createProtocol01
 .text.createProtocol12
                0x000000000000c248      0x33e ./Task/app_protocol.o
                0x000000000000c248                createProtocol12
 .text.getBatteryLevel
                0x000000000000c586      0x116 ./Task/app_protocol.o
                0x000000000000c586                getBatteryLevel
 .text.createProtocol13
                0x000000000000c69c      0x108 ./Task/app_protocol.o
                0x000000000000c69c                createProtocol13
 .text.createProtocol21
                0x000000000000c7a4       0x6e ./Task/app_protocol.o
                0x000000000000c7a4                createProtocol21
 .text.createProtocol16
                0x000000000000c812      0x2a0 ./Task/app_protocol.o
                0x000000000000c812                createProtocol16
 .text.createProtocol19
                0x000000000000cab2       0xfc ./Task/app_protocol.o
                0x000000000000cab2                createProtocol19
 .text.createProtocol8A
                0x000000000000cbae       0x36 ./Task/app_protocol.o
                0x000000000000cbae                createProtocol8A
 .text.createProtocolSerial
                0x000000000000cbe4       0x12 ./Task/app_protocol.o
                0x000000000000cbe4                createProtocolSerial
 .text.gpsRestoreDataSend
                0x000000000000cbf6      0x10a ./Task/app_protocol.o
                0x000000000000cbf6                gpsRestoreDataSend
 .text.createProtocol61
                0x000000000000cd00       0xb2 ./Task/app_protocol.o
                0x000000000000cd00                createProtocol61
 .text.createProtocol62
                0x000000000000cdb2       0x8e ./Task/app_protocol.o
                0x000000000000cdb2                createProtocol62
 .text.createProtocolF3
                0x000000000000ce40      0x10c ./Task/app_protocol.o
                0x000000000000ce40                createProtocolF3
 .text.createProtocolF1
                0x000000000000cf4c       0x70 ./Task/app_protocol.o
                0x000000000000cf4c                createProtocolF1
 .text.createProtocolA0
                0x000000000000cfbc      0x1d2 ./Task/app_protocol.o
                0x000000000000cfbc                createProtocolA0
 .text.gpsRestoreSave
                0x000000000000d18e       0x50 ./Task/app_protocol.o
                0x000000000000d18e                gpsRestoreSave
 .text.gpsRestoreUpload
                0x000000000000d1de       0xd6 ./Task/app_protocol.o
                0x000000000000d1de                gpsRestoreUpload
 .text.protocolSend
                0x000000000000d2b4      0x194 ./Task/app_protocol.o
                0x000000000000d2b4                protocolSend
 .text.save123InstructionId
                0x000000000000d448        0xc ./Task/app_protocol.o
                0x000000000000d448                save123InstructionId
 .text.reCover123InstructionId
                0x000000000000d454        0xc ./Task/app_protocol.o
                0x000000000000d454                reCover123InstructionId
 .text.getBle1Insid
                0x000000000000d460        0xc ./Task/app_protocol.o
                0x000000000000d460                getBle1Insid
 .text.getBle2Insid
                0x000000000000d46c        0xc ./Task/app_protocol.o
                0x000000000000d46c                getBle2Insid
 .text.protocolRxParser
                0x000000000000d478      0x1a6 ./Task/app_protocol.o
                0x000000000000d478                protocolRxParser
 .text.getLastInsid
                0x000000000000d61e        0xc ./Task/app_protocol.o
                0x000000000000d61e                getLastInsid
 .text.protocolSnRegister
                0x000000000000d62a       0x2a ./Task/app_protocol.o
                0x000000000000d62a                protocolSnRegister
 .text.protocolInfoResiter
                0x000000000000d654       0x14 ./Task/app_protocol.o
                0x000000000000d654                protocolInfoResiter
 .text.hbtRspTimeOut
                0x000000000000d668       0x38 ./Task/app_server.o
 .text.moduleRspTimeout
                0x000000000000d6a0       0x24 ./Task/app_server.o
 .text.privateServerSocketRecv
                0x000000000000d6c4       0xf4 ./Task/app_server.o
 .text.ble2PetServerSocketRecv
                0x000000000000d7b8       0xf4 ./Task/app_server.o
 .text.ble1PetServerSocketRecv
                0x000000000000d8ac       0xf4 ./Task/app_server.o
 .text.hiddenServerSocketRecv
                0x000000000000d9a0       0xf4 ./Task/app_server.o
 .text.jt808ServerSocketRecv
                0x000000000000da94        0xa ./Task/app_server.o
 .text.jt808ServerSocketSend
                0x000000000000da9e       0x10 ./Task/app_server.o
 .text.blePetChangeFsm
                0x000000000000daae       0x22 ./Task/app_server.o
 .text.agpsSocketRecv
                0x000000000000dad0       0x30 ./Task/app_server.o
 .text.moduleRspSuccess
                0x000000000000db00       0x30 ./Task/app_server.o
                0x000000000000db00                moduleRspSuccess
 .text.hbtRspSuccess
                0x000000000000db30       0x30 ./Task/app_server.o
                0x000000000000db30                hbtRspSuccess
 .text.privateServerReconnect
                0x000000000000db60       0x22 ./Task/app_server.o
                0x000000000000db60                privateServerReconnect
 .text.privateServerLoginSuccess
                0x000000000000db82       0x2c ./Task/app_server.o
                0x000000000000db82                privateServerLoginSuccess
 .text.privateServerConnTask
                0x000000000000dbae      0x294 ./Task/app_server.o
                0x000000000000dbae                privateServerConnTask
 .text.hiddenServerLoginSuccess
                0x000000000000de42       0x12 ./Task/app_server.o
                0x000000000000de42                hiddenServerLoginSuccess
 .text.hiddenServerCloseRequest
                0x000000000000de54       0x22 ./Task/app_server.o
                0x000000000000de54                hiddenServerCloseRequest
 .text.hiddenServerCloseClear
                0x000000000000de76       0x22 ./Task/app_server.o
                0x000000000000de76                hiddenServerCloseClear
 .text.jt808ServerReconnect
                0x000000000000de98       0x22 ./Task/app_server.o
                0x000000000000de98                jt808ServerReconnect
 .text.jt808ServerAuthSuccess
                0x000000000000deba       0x2a ./Task/app_server.o
                0x000000000000deba                jt808ServerAuthSuccess
 .text.jt808ServerConnTask
                0x000000000000dee4      0x30a ./Task/app_server.o
                0x000000000000dee4                jt808ServerConnTask
 .text.BleSockId
                0x000000000000e1ee        0xe ./Task/app_server.o
                0x000000000000e1ee                BleSockId
 .text.blePetSearchIdleServer.part.2
                0x000000000000e1fc       0x2c ./Task/app_server.o
 .text.blePetSearchIdleServer
                0x000000000000e228        0x4 ./Task/app_server.o
                0x000000000000e228                blePetSearchIdleServer
 .text.blePetSearchServerSn
                0x000000000000e22c       0x5c ./Task/app_server.o
                0x000000000000e22c                blePetSearchServerSn
 .text.blePetServerAdd
                0x000000000000e288       0xb8 ./Task/app_server.o
                0x000000000000e288                blePetServerAdd
 .text.blePetServerDel
                0x000000000000e340       0xb4 ./Task/app_server.o
                0x000000000000e340                blePetServerDel
 .text.blePetServerUploadUpdate
                0x000000000000e3f4       0xb4 ./Task/app_server.o
                0x000000000000e3f4                blePetServerUploadUpdate
 .text.blePetServerLoginSuccess
                0x000000000000e4a8       0x46 ./Task/app_server.o
                0x000000000000e4a8                blePetServerLoginSuccess
 .text.blePetServerConnTask
                0x000000000000e4ee      0x224 ./Task/app_server.o
                0x000000000000e4ee                blePetServerConnTask
 .text.getBlepetServerInfo
                0x000000000000e712        0x6 ./Task/app_server.o
                0x000000000000e712                getBlepetServerInfo
 .text.agpsRequestSet
                0x000000000000e718       0x22 ./Task/app_server.o
                0x000000000000e718                agpsRequestSet
 .text.agpsRequestClear
                0x000000000000e73a       0x22 ./Task/app_server.o
                0x000000000000e73a                agpsRequestClear
 .text.serverManageTask
                0x000000000000e75c      0x33c ./Task/app_server.o
                0x000000000000e75c                serverManageTask
 .text.primaryServerIsReady
                0x000000000000ea98       0x48 ./Task/app_server.o
                0x000000000000ea98                primaryServerIsReady
 .text.hiddenServerIsReady
                0x000000000000eae0       0x2a ./Task/app_server.o
                0x000000000000eae0                hiddenServerIsReady
 .text.socketListInit
                0x000000000000eb0a       0x32 ./Task/app_socket.o
                0x000000000000eb0a                socketListInit
 .text.socketAdd
                0x000000000000eb3c       0xa8 ./Task/app_socket.o
                0x000000000000eb3c                socketAdd
 .text.socketDel
                0x000000000000ebe4       0x66 ./Task/app_socket.o
                0x000000000000ebe4                socketDel
 .text.socketDelAll
                0x000000000000ec4a       0x38 ./Task/app_socket.o
                0x000000000000ec4a                socketDelAll
 .text.socketGetUsedFlag
                0x000000000000ec82       0x22 ./Task/app_socket.o
                0x000000000000ec82                socketGetUsedFlag
 .text.socketGetConnStatus
                0x000000000000eca4       0x22 ./Task/app_socket.o
                0x000000000000eca4                socketGetConnStatus
 .text.socketSetConnState
                0x000000000000ecc6       0x1e ./Task/app_socket.o
                0x000000000000ecc6                socketSetConnState
 .text.socketRecv
                0x000000000000ece4       0x2a ./Task/app_socket.o
                0x000000000000ece4                socketRecv
 .text.socketSchedule
                0x000000000000ed0e      0x1ce ./Task/app_socket.o
                0x000000000000ed0e                socketSchedule
 .text.asciiToHex
                0x000000000000eedc       0x40 ./Task/app_sys.o
 .text.GetCrc16
                0x000000000000ef1c       0x3c ./Task/app_sys.o
                0x000000000000ef1c                GetCrc16
 .text.LogMessage
                0x000000000000ef58       0xa6 ./Task/app_sys.o
                0x000000000000ef58                LogMessage
 .text.LogMessageWL
                0x000000000000effe       0xa6 ./Task/app_sys.o
                0x000000000000effe                LogMessageWL
 .text.LogPrintf
                0x000000000000f0a4       0x5e ./Task/app_sys.o
                0x000000000000f0a4                LogPrintf
 .text.LogWL    0x000000000000f102       0x16 ./Task/app_sys.o
                0x000000000000f102                LogWL
 .text.mycmdPatch
                0x000000000000f118       0x64 ./Task/app_sys.o
                0x000000000000f118                mycmdPatch
 .text.getCharIndex
                0x000000000000f17c       0x1c ./Task/app_sys.o
                0x000000000000f17c                getCharIndex
 .text.my_strpach
                0x000000000000f198       0x4c ./Task/app_sys.o
                0x000000000000f198                my_strpach
 .text.my_getstrindex
                0x000000000000f1e4       0x6e ./Task/app_sys.o
                0x000000000000f1e4                my_getstrindex
 .text.my_strstr
                0x000000000000f252       0x50 ./Task/app_sys.o
                0x000000000000f252                my_strstr
 .text.distinguishOK
                0x000000000000f2a2       0x1a ./Task/app_sys.o
                0x000000000000f2a2                distinguishOK
 .text.getCharIndexWithNum
                0x000000000000f2bc       0x2c ./Task/app_sys.o
                0x000000000000f2bc                getCharIndexWithNum
 .text.byteToHexString
                0x000000000000f2e8       0x48 ./Task/app_sys.o
                0x000000000000f2e8                byteToHexString
 .text.changeHexStringToByteArray
                0x000000000000f330       0x64 ./Task/app_sys.o
                0x000000000000f330                changeHexStringToByteArray
 .text.changeHexStringToByteArray_10in
                0x000000000000f394       0x6c ./Task/app_sys.o
                0x000000000000f394                changeHexStringToByteArray_10in
 .text.stringToItem
                0x000000000000f400       0xe6 ./Task/app_sys.o
                0x000000000000f400                stringToItem
 .text.strToUppper
                0x000000000000f4e6       0x2c ./Task/app_sys.o
                0x000000000000f4e6                strToUppper
 .text.updateRTCtimeRequest
                0x000000000000f512       0x14 ./Task/app_sys.o
                0x000000000000f512                updateRTCtimeRequest
 .text.byteArrayInvert
                0x000000000000f526       0x2a ./Task/app_sys.o
                0x000000000000f526                byteArrayInvert
 .text.stringToLowwer
                0x000000000000f550       0x30 ./Task/app_sys.o
                0x000000000000f550                stringToLowwer
 .text.gsensorRepair
                0x000000000000f580       0x1c ./Task/app_task.o
 .text.changeGPSBaudRate
                0x000000000000f59c       0x62 ./Task/app_task.o
 .text.gpsCfg   0x000000000000f5fe       0x60 ./Task/app_task.o
 .text.gpsUartRead
                0x000000000000f65e       0xf8 ./Task/app_task.o
 .text.doDebugRecvPoll
                0x000000000000f756       0x96 ./Task/app_task.o
                0x000000000000f756                doDebugRecvPoll
 .text.modeShutDownQuickly
                0x000000000000f7ec       0x5e ./Task/app_task.o
 .text.sysRunTimeCnt
                0x000000000000f84a       0x32 ./Task/app_task.o
 .text.sendLbs  0x000000000000f87c       0x68 ./Task/app_task.o
 .text.myTaskEventProcess
                0x000000000000f8e4       0x56 ./Task/app_task.o
 .text.ledTask  0x000000000000f93a       0xb0 ./Task/app_task.o
 .text.terminalDefense
                0x000000000000f9ea       0x16 ./Task/app_task.o
                0x000000000000f9ea                terminalDefense
 .text.terminalDisarm
                0x000000000000fa00       0x14 ./Task/app_task.o
                0x000000000000fa00                terminalDisarm
 .text.getTerminalAccState
                0x000000000000fa14        0xc ./Task/app_task.o
                0x000000000000fa14                getTerminalAccState
 .text.terminalAccon
                0x000000000000fa20       0x1c ./Task/app_task.o
                0x000000000000fa20                terminalAccon
 .text.terminalAccoff
                0x000000000000fa3c       0x1a ./Task/app_task.o
                0x000000000000fa3c                terminalAccoff
 .text.terminalCharge
                0x000000000000fa56       0x16 ./Task/app_task.o
                0x000000000000fa56                terminalCharge
 .text.terminalunCharge
                0x000000000000fa6c       0x14 ./Task/app_task.o
                0x000000000000fa6c                terminalunCharge
 .text.getTerminalChargeState
                0x000000000000fa80        0xc ./Task/app_task.o
                0x000000000000fa80                getTerminalChargeState
 .text.terminalAlarmSet
                0x000000000000fa8c       0x1a ./Task/app_task.o
                0x000000000000fa8c                terminalAlarmSet
 .text.terminalGPSUnFixed
                0x000000000000faa6       0x16 ./Task/app_task.o
                0x000000000000faa6                terminalGPSUnFixed
 .text.ledStatusUpdate
                0x000000000000fabc       0x68 ./Task/app_task.o
                0x000000000000fabc                ledStatusUpdate
 .text.gpsRequestSet
                0x000000000000fb24       0x5a ./Task/app_task.o
                0x000000000000fb24                gpsRequestSet
 .text.gpsRequestClear
                0x000000000000fb7e       0x32 ./Task/app_task.o
                0x000000000000fb7e                gpsRequestClear
 .text.motionStateUpdate
                0x000000000000fbb0      0x142 ./Task/app_task.o
 .text.gpsRequestGet
                0x000000000000fcf2        0xe ./Task/app_task.o
                0x000000000000fcf2                gpsRequestGet
 .text.saveGpsHistory
                0x000000000000fd00       0xbc ./Task/app_task.o
                0x000000000000fd00                saveGpsHistory
 .text.alarmRequestSet
                0x000000000000fdbc       0x32 ./Task/app_task.o
                0x000000000000fdbc                alarmRequestSet
 .text.alarmRequestClear
                0x000000000000fdee       0x36 ./Task/app_task.o
                0x000000000000fdee                alarmRequestClear
 .text.alarmRequestTask
                0x000000000000fe24      0x288 ./Task/app_task.o
                0x000000000000fe24                alarmRequestTask
 .text.motionOccur
                0x00000000000100ac       0x14 ./Task/app_task.o
                0x00000000000100ac                motionOccur
 .text.motionGetSize
                0x00000000000100c0        0x6 ./Task/app_task.o
                0x00000000000100c0                motionGetSize
 .text.modeTryToStop
                0x00000000000100c6       0x14 ./Task/app_task.o
                0x00000000000100c6                modeTryToStop
 .text.isModeRun
                0x00000000000100da       0x10 ./Task/app_task.o
                0x00000000000100da                isModeRun
 .text.lbsRequestSet
                0x00000000000100ea       0x20 ./Task/app_task.o
                0x00000000000100ea                lbsRequestSet
 .text.lbsRequestClear
                0x000000000001010a       0x16 ./Task/app_task.o
                0x000000000001010a                lbsRequestClear
 .text.wifiRequestSet
                0x0000000000010120       0x20 ./Task/app_task.o
                0x0000000000010120                wifiRequestSet
 .text.wifiRequestClear
                0x0000000000010140       0x18 ./Task/app_task.o
                0x0000000000010140                wifiRequestClear
 .text.wakeUpByInt
                0x0000000000010158       0x20 ./Task/app_task.o
                0x0000000000010158                wakeUpByInt
 .text.autoSleepTask
                0x0000000000010178       0xa6 ./Task/app_task.o
                0x0000000000010178                autoSleepTask
 .text.taskRunInSecond
                0x000000000001021e      0xb34 ./Task/app_task.o
                0x000000000001021e                taskRunInSecond
 .text.myTaskPreInit
                0x0000000000010d52       0xd0 ./Task/app_task.o
                0x0000000000010d52                myTaskPreInit
 .text.myTaskInit
                0x0000000000010e22       0x3a ./Task/app_task.o
                0x0000000000010e22                myTaskInit
 .text.ADC_ExtSingleChSampInit
                0x0000000000010e5c       0x24 ./StdPeriphDriver/CH58x_adc.o
                0x0000000000010e5c                ADC_ExtSingleChSampInit
 .text.ADC_InterTSSampInit
                0x0000000000010e80       0x28 ./StdPeriphDriver/CH58x_adc.o
                0x0000000000010e80                ADC_InterTSSampInit
 .text.ADC_ExcutSingleConver
                0x0000000000010ea8       0x20 ./StdPeriphDriver/CH58x_adc.o
                0x0000000000010ea8                ADC_ExcutSingleConver
 .text.RTC_GetCycle32k
                0x0000000000010ec8       0x18 ./StdPeriphDriver/CH58x_clk.o
                0x0000000000010ec8                RTC_GetCycle32k
 .text.Calibration_LSI
                0x0000000000010ee0      0x4e2 ./StdPeriphDriver/CH58x_clk.o
                0x0000000000010ee0                Calibration_LSI
 .text.GPIOA_ModeCfg
                0x00000000000113c2       0xa6 ./StdPeriphDriver/CH58x_gpio.o
                0x00000000000113c2                GPIOA_ModeCfg
 .text.GPIOB_ModeCfg
                0x0000000000011468       0xa6 ./StdPeriphDriver/CH58x_gpio.o
                0x0000000000011468                GPIOB_ModeCfg
 .text.GPIOA_ITModeCfg
                0x000000000001150e       0x82 ./StdPeriphDriver/CH58x_gpio.o
                0x000000000001150e                GPIOA_ITModeCfg
 .text.GPIOB_ITModeCfg
                0x0000000000011590       0x8a ./StdPeriphDriver/CH58x_gpio.o
                0x0000000000011590                GPIOB_ITModeCfg
 .text.GPIOPinRemap
                0x000000000001161a       0x1a ./StdPeriphDriver/CH58x_gpio.o
                0x000000000001161a                GPIOPinRemap
 .text.GetSysClock
                0x0000000000011634       0x42 ./StdPeriphDriver/CH58x_sys.o
                0x0000000000011634                GetSysClock
 .text.SYS_GetSysTickCnt
                0x0000000000011676        0xa ./StdPeriphDriver/CH58x_sys.o
                0x0000000000011676                SYS_GetSysTickCnt
 .text.WWDG_ResetCfg
                0x0000000000011680       0x38 ./StdPeriphDriver/CH58x_sys.o
                0x0000000000011680                WWDG_ResetCfg
 .text.UART0_BaudRateCfg
                0x00000000000116b8       0x32 ./StdPeriphDriver/CH58x_uart0.o
                0x00000000000116b8                UART0_BaudRateCfg
 .text.UART0_DefInit
                0x00000000000116ea       0x34 ./StdPeriphDriver/CH58x_uart0.o
                0x00000000000116ea                UART0_DefInit
 .text.UART0_ByteTrigCfg
                0x000000000001171e       0x1a ./StdPeriphDriver/CH58x_uart0.o
                0x000000000001171e                UART0_ByteTrigCfg
 .text.UART0_INTCfg
                0x0000000000011738       0x2a ./StdPeriphDriver/CH58x_uart0.o
                0x0000000000011738                UART0_INTCfg
 .text.UART0_Reset
                0x0000000000011762        0xe ./StdPeriphDriver/CH58x_uart0.o
                0x0000000000011762                UART0_Reset
 .text.UART0_SendString
                0x0000000000011770       0x3a ./StdPeriphDriver/CH58x_uart0.o
                0x0000000000011770                UART0_SendString
 .text.UART0_RecvString
                0x00000000000117aa       0x2a ./StdPeriphDriver/CH58x_uart0.o
                0x00000000000117aa                UART0_RecvString
 .text.UART1_BaudRateCfg
                0x00000000000117d4       0x32 ./StdPeriphDriver/CH58x_uart1.o
                0x00000000000117d4                UART1_BaudRateCfg
 .text.UART1_DefInit
                0x0000000000011806       0x34 ./StdPeriphDriver/CH58x_uart1.o
                0x0000000000011806                UART1_DefInit
 .text.UART1_ByteTrigCfg
                0x000000000001183a       0x1a ./StdPeriphDriver/CH58x_uart1.o
                0x000000000001183a                UART1_ByteTrigCfg
 .text.UART1_INTCfg
                0x0000000000011854       0x2a ./StdPeriphDriver/CH58x_uart1.o
                0x0000000000011854                UART1_INTCfg
 .text.UART1_Reset
                0x000000000001187e        0xe ./StdPeriphDriver/CH58x_uart1.o
                0x000000000001187e                UART1_Reset
 .text.UART1_SendString
                0x000000000001188c       0x3a ./StdPeriphDriver/CH58x_uart1.o
                0x000000000001188c                UART1_SendString
 .text.UART1_RecvString
                0x00000000000118c6       0x2a ./StdPeriphDriver/CH58x_uart1.o
                0x00000000000118c6                UART1_RecvString
 .text.UART2_BaudRateCfg
                0x00000000000118f0       0x32 ./StdPeriphDriver/CH58x_uart2.o
                0x00000000000118f0                UART2_BaudRateCfg
 .text.UART2_DefInit
                0x0000000000011922       0x34 ./StdPeriphDriver/CH58x_uart2.o
                0x0000000000011922                UART2_DefInit
 .text.UART2_ByteTrigCfg
                0x0000000000011956       0x1a ./StdPeriphDriver/CH58x_uart2.o
                0x0000000000011956                UART2_ByteTrigCfg
 .text.UART2_INTCfg
                0x0000000000011970       0x2a ./StdPeriphDriver/CH58x_uart2.o
                0x0000000000011970                UART2_INTCfg
 .text.UART2_Reset
                0x000000000001199a        0xe ./StdPeriphDriver/CH58x_uart2.o
                0x000000000001199a                UART2_Reset
 .text.UART2_SendString
                0x00000000000119a8       0x3a ./StdPeriphDriver/CH58x_uart2.o
                0x00000000000119a8                UART2_SendString
 .text.UART2_RecvString
                0x00000000000119e2       0x2a ./StdPeriphDriver/CH58x_uart2.o
                0x00000000000119e2                UART2_RecvString
 .text.UART3_BaudRateCfg
                0x0000000000011a0c       0x32 ./StdPeriphDriver/CH58x_uart3.o
                0x0000000000011a0c                UART3_BaudRateCfg
 .text.UART3_DefInit
                0x0000000000011a3e       0x34 ./StdPeriphDriver/CH58x_uart3.o
                0x0000000000011a3e                UART3_DefInit
 .text.UART3_ByteTrigCfg
                0x0000000000011a72       0x1a ./StdPeriphDriver/CH58x_uart3.o
                0x0000000000011a72                UART3_ByteTrigCfg
 .text.UART3_INTCfg
                0x0000000000011a8c       0x2a ./StdPeriphDriver/CH58x_uart3.o
                0x0000000000011a8c                UART3_INTCfg
 .text.UART3_Reset
                0x0000000000011ab6        0xe ./StdPeriphDriver/CH58x_uart3.o
                0x0000000000011ab6                UART3_Reset
 .text.UART3_SendString
                0x0000000000011ac4       0x3a ./StdPeriphDriver/CH58x_uart3.o
                0x0000000000011ac4                UART3_SendString
 .text.UART3_RecvString
                0x0000000000011afe       0x2a ./StdPeriphDriver/CH58x_uart3.o
                0x0000000000011afe                UART3_RecvString
 .text.Lib_Calibration_LSI
                0x0000000000011b28        0x6 ./HAL/MCU.o
                0x0000000000011b28                Lib_Calibration_LSI
 .text.Lib_Read_Flash
                0x0000000000011b2e       0x1c ./HAL/MCU.o
                0x0000000000011b2e                Lib_Read_Flash
 .text.Lib_Write_Flash
                0x0000000000011b4a       0x42 ./HAL/MCU.o
                0x0000000000011b4a                Lib_Write_Flash
 .text.HAL_GetInterTempValue
                0x0000000000011b8c       0x72 ./HAL/MCU.o
                0x0000000000011b8c                HAL_GetInterTempValue
 .text.HAL_ProcessEvent
                0x0000000000011bfe       0x8a ./HAL/MCU.o
                0x0000000000011bfe                HAL_ProcessEvent
 .text.CH58X_BLEInit
                0x0000000000011c88      0x134 ./HAL/MCU.o
                0x0000000000011c88                CH58X_BLEInit
 .text.HAL_Init
                0x0000000000011dbc       0x38 ./HAL/MCU.o
                0x0000000000011dbc                HAL_Init
 .text.HAL_TimeInit
                0x0000000000011df4       0x3e ./HAL/RTC.o
                0x0000000000011df4                HAL_TimeInit
 .text.sleepSetState
                0x0000000000011e32        0x6 ./HAL/SLEEP.o
                0x0000000000011e32                sleepSetState
 .text.getSleepState
                0x0000000000011e38        0x6 ./HAL/SLEEP.o
                0x0000000000011e38                getSleepState
 .text.bleCentralRssiCallBack
                0x0000000000011e3e       0x12 ./APP/app_central.o
 .text.bleCentralHciChangeCallBack
                0x0000000000011e50       0x14 ./APP/app_central.o
 .text.bleSchduleChangeFsm
                0x0000000000011e64       0x1c ./APP/app_central.o
 .text.bleScanFsmChange
                0x0000000000011e80       0x18 ./APP/app_central.o
 .text.bleDevSetServiceHandle.part.0
                0x0000000000011e98       0x96 ./APP/app_central.o
 .text.bleDevSearchSameBle.part.3
                0x0000000000011f2e       0x3a ./APP/app_central.o
 .text.bleCentralInit
                0x0000000000011f68       0xc0 ./APP/app_central.o
                0x0000000000011f68                bleCentralInit
 .text.linkEstablishedEventHandler
                0x0000000000012028      0x104 ./APP/app_central.o
                0x0000000000012028                linkEstablishedEventHandler
 .text.linkTerminatedEventHandler
                0x000000000001212c       0xca ./APP/app_central.o
                0x000000000001212c                linkTerminatedEventHandler
 .text.bleCentralStartDiscover
                0x00000000000121f6       0x22 ./APP/app_central.o
                0x00000000000121f6                bleCentralStartDiscover
 .text.bleCentralStartConnect
                0x0000000000012218       0x5c ./APP/app_central.o
                0x0000000000012218                bleCentralStartConnect
 .text.bleCentralDisconnect
                0x0000000000012274       0x20 ./APP/app_central.o
                0x0000000000012274                bleCentralDisconnect
 .text.bleCentralSend
                0x0000000000012294       0x7c ./APP/app_central.o
                0x0000000000012294                bleCentralSend
 .text.bleDevConnAdd
                0x0000000000012310       0xa8 ./APP/app_central.o
                0x0000000000012310                bleDevConnAdd
 .text.gapDeviceDiscoveryEvent
                0x00000000000123b8       0x90 ./APP/app_central.o
                0x00000000000123b8                gapDeviceDiscoveryEvent
 .text.bleDevConnDel
                0x0000000000012448       0x94 ./APP/app_central.o
                0x0000000000012448                bleDevConnDel
 .text.bleDevScanInfoAdd
                0x00000000000124dc      0x106 ./APP/app_central.o
                0x00000000000124dc                bleDevScanInfoAdd
 .text.bleCentralEventCallBack
                0x00000000000125e2      0x1a8 ./APP/app_central.o
 .text.bleDevGetCnt
                0x000000000001278a       0x1a ./APP/app_central.o
                0x000000000001278a                bleDevGetCnt
 .text.bleDevGetInfoBySockid
                0x00000000000127a4       0x3e ./APP/app_central.o
                0x00000000000127a4                bleDevGetInfoBySockid
 .text.bleDevGetInfoByHandle
                0x00000000000127e2       0x46 ./APP/app_central.o
                0x00000000000127e2                bleDevGetInfoByHandle
 .text.bleDevGetInfoByIndex
                0x0000000000012828       0x2c ./APP/app_central.o
                0x0000000000012828                bleDevGetInfoByIndex
 .text.bleDevGetIndexByHandle
                0x0000000000012854       0x3a ./APP/app_central.o
                0x0000000000012854                bleDevGetIndexByHandle
 .text.bleDevGetSocketidByHandle
                0x000000000001288e       0x4a ./APP/app_central.o
                0x000000000001288e                bleDevGetSocketidByHandle
 .text.bleDevGetInfoAll
                0x00000000000128d8        0xa ./APP/app_central.o
                0x00000000000128d8                bleDevGetInfoAll
 .text.bleDevGetBleMacCnt
                0x00000000000128e2       0x1a ./APP/app_central.o
                0x00000000000128e2                bleDevGetBleMacCnt
 .text.bleDisconnDetect
                0x00000000000128fc       0xc8 ./APP/app_central.o
                0x00000000000128fc                bleDisconnDetect
 .text.bleDevScanProcess
                0x00000000000129c4       0x50 ./APP/app_central.o
                0x00000000000129c4                bleDevScanProcess
 .text.bleCentralTaskEventProcess
                0x0000000000012a14      0xa82 ./APP/app_central.o
 .text.startup.main
                0x0000000000013496       0x20 ./APP/app_main.o
                0x0000000000013496                main
 .text.appSendNotifyData
                0x00000000000134b6       0x98 ./APP/app_peripheral.o
                0x00000000000134b6                appSendNotifyData
 .text.appPeripheralBroadcastInfoCfg
                0x000000000001354e       0x60 ./APP/app_peripheral.o
                0x000000000001354e                appPeripheralBroadcastInfoCfg
 .text.appPeripheralCancel
                0x00000000000135ae       0x28 ./APP/app_peripheral.o
                0x00000000000135ae                appPeripheralCancel
 .text.cos      0x00000000000135d6       0x92 d:/软件工具/mounriver_studio_setup_v142/mounriver_studio/toolchain/risc-v embedded gcc/bin/../lib/gcc/riscv-none-embed/8.2.0/../../../../riscv-none-embed/lib/rv32imac/ilp32\libm.a(lib_a-s_cos.o)
                0x00000000000135d6                cos
 .text.sin      0x0000000000013668       0x94 d:/软件工具/mounriver_studio_setup_v142/mounriver_studio/toolchain/risc-v embedded gcc/bin/../lib/gcc/riscv-none-embed/8.2.0/../../../../riscv-none-embed/lib/rv32imac/ilp32\libm.a(lib_a-s_sin.o)
                0x0000000000013668                sin
 .text.asin     0x00000000000136fc       0xbe d:/软件工具/mounriver_studio_setup_v142/mounriver_studio/toolchain/risc-v embedded gcc/bin/../lib/gcc/riscv-none-embed/8.2.0/../../../../riscv-none-embed/lib/rv32imac/ilp32\libm.a(lib_a-w_asin.o)
                0x00000000000136fc                asin
 .text.pow      0x00000000000137ba      0x326 d:/软件工具/mounriver_studio_setup_v142/mounriver_studio/toolchain/risc-v embedded gcc/bin/../lib/gcc/riscv-none-embed/8.2.0/../../../../riscv-none-embed/lib/rv32imac/ilp32\libm.a(lib_a-w_pow.o)
                0x00000000000137ba                pow
 .text.sqrt     0x0000000000013ae0       0xba d:/软件工具/mounriver_studio_setup_v142/mounriver_studio/toolchain/risc-v embedded gcc/bin/../lib/gcc/riscv-none-embed/8.2.0/../../../../riscv-none-embed/lib/rv32imac/ilp32\libm.a(lib_a-w_sqrt.o)
                0x0000000000013ae0                sqrt
 .text.__ieee754_asin
                0x0000000000013b9a      0x468 d:/软件工具/mounriver_studio_setup_v142/mounriver_studio/toolchain/risc-v embedded gcc/bin/../lib/gcc/riscv-none-embed/8.2.0/../../../../riscv-none-embed/lib/rv32imac/ilp32\libm.a(lib_a-e_asin.o)
                0x0000000000013b9a                __ieee754_asin
 .text.__ieee754_pow
                0x0000000000014002      0xad8 d:/软件工具/mounriver_studio_setup_v142/mounriver_studio/toolchain/risc-v embedded gcc/bin/../lib/gcc/riscv-none-embed/8.2.0/../../../../riscv-none-embed/lib/rv32imac/ilp32\libm.a(lib_a-e_pow.o)
                0x0000000000014002                __ieee754_pow
 .text.__ieee754_rem_pio2
                0x0000000000014ada      0x466 d:/软件工具/mounriver_studio_setup_v142/mounriver_studio/toolchain/risc-v embedded gcc/bin/../lib/gcc/riscv-none-embed/8.2.0/../../../../riscv-none-embed/lib/rv32imac/ilp32\libm.a(lib_a-e_rem_pio2.o)
                0x0000000000014ada                __ieee754_rem_pio2
 .text.__ieee754_sqrt
                0x0000000000014f40      0x1d6 d:/软件工具/mounriver_studio_setup_v142/mounriver_studio/toolchain/risc-v embedded gcc/bin/../lib/gcc/riscv-none-embed/8.2.0/../../../../riscv-none-embed/lib/rv32imac/ilp32\libm.a(lib_a-e_sqrt.o)
                0x0000000000014f40                __ieee754_sqrt
 .text.__kernel_cos
                0x0000000000015116      0x2b8 d:/软件工具/mounriver_studio_setup_v142/mounriver_studio/toolchain/risc-v embedded gcc/bin/../lib/gcc/riscv-none-embed/8.2.0/../../../../riscv-none-embed/lib/rv32imac/ilp32\libm.a(lib_a-k_cos.o)
                0x0000000000015116                __kernel_cos
 .text.__kernel_rem_pio2
                0x00000000000153ce      0x952 d:/软件工具/mounriver_studio_setup_v142/mounriver_studio/toolchain/risc-v embedded gcc/bin/../lib/gcc/riscv-none-embed/8.2.0/../../../../riscv-none-embed/lib/rv32imac/ilp32\libm.a(lib_a-k_rem_pio2.o)
                0x00000000000153ce                __kernel_rem_pio2
 .text.__kernel_sin
                0x0000000000015d20      0x19a d:/软件工具/mounriver_studio_setup_v142/mounriver_studio/toolchain/risc-v embedded gcc/bin/../lib/gcc/riscv-none-embed/8.2.0/../../../../riscv-none-embed/lib/rv32imac/ilp32\libm.a(lib_a-k_sin.o)
                0x0000000000015d20                __kernel_sin
 .text.fabs     0x0000000000015eba        0x6 d:/软件工具/mounriver_studio_setup_v142/mounriver_studio/toolchain/risc-v embedded gcc/bin/../lib/gcc/riscv-none-embed/8.2.0/../../../../riscv-none-embed/lib/rv32imac/ilp32\libm.a(lib_a-s_fabs.o)
                0x0000000000015eba                fabs
 .text.finite   0x0000000000015ec0        0xe d:/软件工具/mounriver_studio_setup_v142/mounriver_studio/toolchain/risc-v embedded gcc/bin/../lib/gcc/riscv-none-embed/8.2.0/../../../../riscv-none-embed/lib/rv32imac/ilp32\libm.a(lib_a-s_finite.o)
                0x0000000000015ec0                finite
 .text.floor    0x0000000000015ece      0x158 d:/软件工具/mounriver_studio_setup_v142/mounriver_studio/toolchain/risc-v embedded gcc/bin/../lib/gcc/riscv-none-embed/8.2.0/../../../../riscv-none-embed/lib/rv32imac/ilp32\libm.a(lib_a-s_floor.o)
                0x0000000000015ece                floor
 .text.matherr  0x0000000000016026        0x4 d:/软件工具/mounriver_studio_setup_v142/mounriver_studio/toolchain/risc-v embedded gcc/bin/../lib/gcc/riscv-none-embed/8.2.0/../../../../riscv-none-embed/lib/rv32imac/ilp32\libm.a(lib_a-s_matherr.o)
                0x0000000000016026                matherr
 .text.nan      0x000000000001602a        0xe d:/软件工具/mounriver_studio_setup_v142/mounriver_studio/toolchain/risc-v embedded gcc/bin/../lib/gcc/riscv-none-embed/8.2.0/../../../../riscv-none-embed/lib/rv32imac/ilp32\libm.a(lib_a-s_nan.o)
                0x000000000001602a                nan
 .text.rint     0x0000000000016038      0x18c d:/软件工具/mounriver_studio_setup_v142/mounriver_studio/toolchain/risc-v embedded gcc/bin/../lib/gcc/riscv-none-embed/8.2.0/../../../../riscv-none-embed/lib/rv32imac/ilp32\libm.a(lib_a-s_rint.o)
                0x0000000000016038                rint
 .text.scalbn   0x00000000000161c4      0x140 d:/软件工具/mounriver_studio_setup_v142/mounriver_studio/toolchain/risc-v embedded gcc/bin/../lib/gcc/riscv-none-embed/8.2.0/../../../../riscv-none-embed/lib/rv32imac/ilp32\libm.a(lib_a-s_scalbn.o)
                0x00000000000161c4                scalbn
 .text.copysign
                0x0000000000016304       0x16 d:/软件工具/mounriver_studio_setup_v142/mounriver_studio/toolchain/risc-v embedded gcc/bin/../lib/gcc/riscv-none-embed/8.2.0/../../../../riscv-none-embed/lib/rv32imac/ilp32\libm.a(lib_a-s_copysign.o)
                0x0000000000016304                copysign
 .text.tmos_msg_enqueue
                0x000000000001631a       0x1e R:\CODE\CHcode\CH582\PT02_ML307A\PT02_ML307A_app\LIB\libCH58xBLE.a(message.o)
                0x000000000001631a                tmos_msg_enqueue
 .text.tmos_msg_deallocate
                0x0000000000016338       0x2c R:\CODE\CHcode\CH582\PT02_ML307A\PT02_ML307A_app\LIB\libCH58xBLE.a(message.o)
                0x0000000000016338                tmos_msg_deallocate
 .text.tmos_msg_allocate
                0x0000000000016364       0x46 R:\CODE\CHcode\CH582\PT02_ML307A\PT02_ML307A_app\LIB\libCH58xBLE.a(message.o)
                0x0000000000016364                tmos_msg_allocate
 .text.tmos_msg_receive
                0x00000000000163aa       0x72 R:\CODE\CHcode\CH582\PT02_ML307A\PT02_ML307A_app\LIB\libCH58xBLE.a(message.o)
                0x00000000000163aa                tmos_msg_receive
 .text.tmos_msg_send
                0x000000000001641c       0x66 R:\CODE\CHcode\CH582\PT02_ML307A\PT02_ML307A_app\LIB\libCH58xBLE.a(message.o)
                0x000000000001641c                tmos_msg_send
 .text.tmos_msg_init
                0x0000000000016482        0xa R:\CODE\CHcode\CH582\PT02_ML307A\PT02_ML307A_app\LIB\libCH58xBLE.a(message.o)
                0x0000000000016482                tmos_msg_init
 .text.tmosFindTask
                0x000000000001648c       0x24 R:\CODE\CHcode\CH582\PT02_ML307A\PT02_ML307A_app\LIB\libCH58xBLE.a(tmos.o)
 .text.TMOS_CB_PeriodicProcessEvent
                0x00000000000164b0       0x86 R:\CODE\CHcode\CH582\PT02_ML307A\PT02_ML307A_app\LIB\libCH58xBLE.a(tmos.o)
                0x00000000000164b0                TMOS_CB_PeriodicProcessEvent
 .text.TMOS_CB_ProcessEvent
                0x0000000000016536       0x84 R:\CODE\CHcode\CH582\PT02_ML307A\PT02_ML307A_app\LIB\libCH58xBLE.a(tmos.o)
                0x0000000000016536                TMOS_CB_ProcessEvent
 .text.tmos_rand
                0x00000000000165ba       0x52 R:\CODE\CHcode\CH582\PT02_ML307A\PT02_ML307A_app\LIB\libCH58xBLE.a(tmos.o)
                0x00000000000165ba                tmos_rand
 .text.tmos_proces_sleep
                0x000000000001660c      0x132 R:\CODE\CHcode\CH582\PT02_ML307A\PT02_ML307A_app\LIB\libCH58xBLE.a(tmos.o)
                0x000000000001660c                tmos_proces_sleep
 .text.tmos_start_periodic_callback_task
                0x000000000001673e       0xfc R:\CODE\CHcode\CH582\PT02_ML307A\PT02_ML307A_app\LIB\libCH58xBLE.a(tmos.o)
                0x000000000001673e                tmos_start_periodic_callback_task
 .text.tmos_set_event
                0x000000000001683a       0x2e R:\CODE\CHcode\CH582\PT02_ML307A\PT02_ML307A_app\LIB\libCH58xBLE.a(tmos.o)
                0x000000000001683a                tmos_set_event
 .text.tmos_clear_event
                0x0000000000016868       0x32 R:\CODE\CHcode\CH582\PT02_ML307A\PT02_ML307A_app\LIB\libCH58xBLE.a(tmos.o)
                0x0000000000016868                tmos_clear_event
 .text.tmos_update_callback_timer
                0x000000000001689a       0xc4 R:\CODE\CHcode\CH582\PT02_ML307A\PT02_ML307A_app\LIB\libCH58xBLE.a(tmos.o)
                0x000000000001689a                tmos_update_callback_timer
 .text.tmos_start_task
                0x000000000001695e      0x120 R:\CODE\CHcode\CH582\PT02_ML307A\PT02_ML307A_app\LIB\libCH58xBLE.a(tmos.o)
                0x000000000001695e                tmos_start_task
 .text.tmos_start_callback_task
                0x0000000000016a7e       0x9a R:\CODE\CHcode\CH582\PT02_ML307A\PT02_ML307A_app\LIB\libCH58xBLE.a(tmos.o)
                0x0000000000016a7e                tmos_start_callback_task
 .text.tmos_start_reload_task
                0x0000000000016b18       0x58 R:\CODE\CHcode\CH582\PT02_ML307A\PT02_ML307A_app\LIB\libCH58xBLE.a(tmos.o)
                0x0000000000016b18                tmos_start_reload_task
 .text.tmos_stop_task
                0x0000000000016b70       0x52 R:\CODE\CHcode\CH582\PT02_ML307A\PT02_ML307A_app\LIB\libCH58xBLE.a(tmos.o)
                0x0000000000016b70                tmos_stop_task
 .text.tmos_stop_callback_task
                0x0000000000016bc2       0x5c R:\CODE\CHcode\CH582\PT02_ML307A\PT02_ML307A_app\LIB\libCH58xBLE.a(tmos.o)
                0x0000000000016bc2                tmos_stop_callback_task
 .text.tmos_get_task_timer
                0x0000000000016c1e       0x6c R:\CODE\CHcode\CH582\PT02_ML307A\PT02_ML307A_app\LIB\libCH58xBLE.a(tmos.o)
                0x0000000000016c1e                tmos_get_task_timer
 .text.TMOS_TimerRegister
                0x0000000000016c8a       0x1e R:\CODE\CHcode\CH582\PT02_ML307A\PT02_ML307A_app\LIB\libCH58xBLE.a(tmos.o)
                0x0000000000016c8a                TMOS_TimerRegister
 .text.TMOS_ProcessRegister
                0x0000000000016ca8       0x16 R:\CODE\CHcode\CH582\PT02_ML307A\PT02_ML307A_app\LIB\libCH58xBLE.a(tmos.o)
                0x0000000000016ca8                TMOS_ProcessRegister
 .text.TMOS_Init
                0x0000000000016cbe      0x12e R:\CODE\CHcode\CH582\PT02_ML307A\PT02_ML307A_app\LIB\libCH58xBLE.a(tmos.o)
                0x0000000000016cbe                TMOS_Init
 .text.TMOS_ProcessEventRegister
                0x0000000000016dec       0x3c R:\CODE\CHcode\CH582\PT02_ML307A\PT02_ML307A_app\LIB\libCH58xBLE.a(tmos.o)
                0x0000000000016dec                TMOS_ProcessEventRegister
 .text.BLE_LibInit
                0x0000000000016e28      0x174 R:\CODE\CHcode\CH582\PT02_ML307A\PT02_ML307A_app\LIB\libCH58xBLE.a(tmos.o)
                0x0000000000016e28                BLE_LibInit
 .text.clockGetTickValve
                0x0000000000016f9c       0x70 R:\CODE\CHcode\CH582\PT02_ML307A\PT02_ML307A_app\LIB\libCH58xBLE.a(tmos_hw.o)
 .text.ll_get_sca_divisor
                0x000000000001700c       0x40 R:\CODE\CHcode\CH582\PT02_ML307A\PT02_ML307A_app\LIB\libCH58xBLE.a(tmos_hw.o)
                0x000000000001700c                ll_get_sca_divisor
 .text.ll_get_sca_own
                0x000000000001704c       0x46 R:\CODE\CHcode\CH582\PT02_ML307A\PT02_ML307A_app\LIB\libCH58xBLE.a(tmos_hw.o)
                0x000000000001704c                ll_get_sca_own
 .text.ble_ll_common_rand8
                0x0000000000017092       0x24 R:\CODE\CHcode\CH582\PT02_ML307A\PT02_ML307A_app\LIB\libCH58xBLE.a(tmos_hw.o)
                0x0000000000017092                ble_ll_common_rand8
 .text.ble_ll_common_rand16
                0x00000000000170b6       0x24 R:\CODE\CHcode\CH582\PT02_ML307A\PT02_ML307A_app\LIB\libCH58xBLE.a(tmos_hw.o)
                0x00000000000170b6                ble_ll_common_rand16
 .text.ble_ll_common_rand32
                0x00000000000170da       0x20 R:\CODE\CHcode\CH582\PT02_ML307A\PT02_ML307A_app\LIB\libCH58xBLE.a(tmos_hw.o)
                0x00000000000170da                ble_ll_common_rand32
 .text.TMOS_TempSample
                0x00000000000170fa       0x62 R:\CODE\CHcode\CH582\PT02_ML307A\PT02_ML307A_app\LIB\libCH58xBLE.a(tmos_hw.o)
                0x00000000000170fa                TMOS_TempSample
 .text.TMOS_TimerInit
                0x000000000001715c       0xca R:\CODE\CHcode\CH582\PT02_ML307A\PT02_ML307A_app\LIB\libCH58xBLE.a(tmos_hw.o)
                0x000000000001715c                TMOS_TimerInit
 .text.tmos_snv_init
                0x0000000000017226       0xc0 R:\CODE\CHcode\CH582\PT02_ML307A\PT02_ML307A_app\LIB\libCH58xBLE.a(tmos_snv.o)
                0x0000000000017226                tmos_snv_init
 .text.tmos_snv_clear
                0x00000000000172e6       0xb2 R:\CODE\CHcode\CH582\PT02_ML307A\PT02_ML307A_app\LIB\libCH58xBLE.a(tmos_snv.o)
                0x00000000000172e6                tmos_snv_clear
 .text.tmos_snv_read
                0x0000000000017398      0x292 R:\CODE\CHcode\CH582\PT02_ML307A\PT02_ML307A_app\LIB\libCH58xBLE.a(tmos_snv.o)
                0x0000000000017398                tmos_snv_read
 .text.tmos_snv_notify
                0x000000000001762a       0x5a R:\CODE\CHcode\CH582\PT02_ML307A\PT02_ML307A_app\LIB\libCH58xBLE.a(tmos_snv.o)
                0x000000000001762a                tmos_snv_notify
 .text.tmos_snv_write
                0x0000000000017684      0x2ce R:\CODE\CHcode\CH582\PT02_ML307A\PT02_ML307A_app\LIB\libCH58xBLE.a(tmos_snv.o)
                0x0000000000017684                tmos_snv_write
 .text.tmos_snv_compact
                0x0000000000017952        0x4 R:\CODE\CHcode\CH582\PT02_ML307A\PT02_ML307A_app\LIB\libCH58xBLE.a(tmos_snv.o)
                0x0000000000017952                tmos_snv_compact
 .text.disconnectNext
                0x0000000000017956       0x22 R:\CODE\CHcode\CH582\PT02_ML307A\PT02_ML307A_app\LIB\libCH58xBLE.a(gap.o)
 .text.GAP_ParamInit
                0x0000000000017978      0x160 R:\CODE\CHcode\CH582\PT02_ML307A\PT02_ML307A_app\LIB\libCH58xBLE.a(gap.o)
                0x0000000000017978                GAP_ParamInit
 .text.sendTerminateEvent
                0x0000000000017ad8       0x58 R:\CODE\CHcode\CH582\PT02_ML307A\PT02_ML307A_app\LIB\libCH58xBLE.a(gap.o)
                0x0000000000017ad8                sendTerminateEvent
 .text.gapRegisterCentral
                0x0000000000017b30        0x6 R:\CODE\CHcode\CH582\PT02_ML307A\PT02_ML307A_app\LIB\libCH58xBLE.a(gap.o)
                0x0000000000017b30                gapRegisterCentral
 .text.gapRegisterCentralConn
                0x0000000000017b36        0x6 R:\CODE\CHcode\CH582\PT02_ML307A\PT02_ML307A_app\LIB\libCH58xBLE.a(gap.o)
                0x0000000000017b36                gapRegisterCentralConn
 .text.gapRegisterPeripheral
                0x0000000000017b3c        0x6 R:\CODE\CHcode\CH582\PT02_ML307A\PT02_ML307A_app\LIB\libCH58xBLE.a(gap.o)
                0x0000000000017b3c                gapRegisterPeripheral
 .text.gapRegisterPeripheralConn
                0x0000000000017b42        0x6 R:\CODE\CHcode\CH582\PT02_ML307A\PT02_ML307A_app\LIB\libCH58xBLE.a(gap.o)
                0x0000000000017b42                gapRegisterPeripheralConn
 .text.smGenerateRandBuf
                0x0000000000017b48       0x56 R:\CODE\CHcode\CH582\PT02_ML307A\PT02_ML307A_app\LIB\libCH58xBLE.a(gap.o)
                0x0000000000017b48                smGenerateRandBuf
 .text.gapL2capConnParamUpdateReq
                0x0000000000017b9e       0x36 R:\CODE\CHcode\CH582\PT02_ML307A\PT02_ML307A_app\LIB\libCH58xBLE.a(gap.o)
                0x0000000000017b9e                gapL2capConnParamUpdateReq
 .text.gapValidADType
                0x0000000000017bd4       0x16 R:\CODE\CHcode\CH582\PT02_ML307A\PT02_ML307A_app\LIB\libCH58xBLE.a(gap.o)
                0x0000000000017bd4                gapValidADType
 .text.gapFindADType
                0x0000000000017bea       0x94 R:\CODE\CHcode\CH582\PT02_ML307A\PT02_ML307A_app\LIB\libCH58xBLE.a(gap.o)
                0x0000000000017bea                gapFindADType
 .text.GAP_SecParamsInit
                0x0000000000017c7e       0xae R:\CODE\CHcode\CH582\PT02_ML307A\PT02_ML307A_app\LIB\libCH58xBLE.a(gap.o)
                0x0000000000017c7e                GAP_SecParamsInit
 .text.GAP_ParamsInit
                0x0000000000017d2c       0x50 R:\CODE\CHcode\CH582\PT02_ML307A\PT02_ML307A_app\LIB\libCH58xBLE.a(gap.o)
                0x0000000000017d2c                GAP_ParamsInit
 .text.gapAddAddrAdj
                0x0000000000017d7c       0x48 R:\CODE\CHcode\CH582\PT02_ML307A\PT02_ML307A_app\LIB\libCH58xBLE.a(gap.o)
                0x0000000000017d7c                gapAddAddrAdj
 .text.gapDetermineAddrType
                0x0000000000017dc4       0x28 R:\CODE\CHcode\CH582\PT02_ML307A\PT02_ML307A_app\LIB\libCH58xBLE.a(gap.o)
                0x0000000000017dc4                gapDetermineAddrType
 .text.gapFreeAuthLink
                0x0000000000017dec       0x4a R:\CODE\CHcode\CH582\PT02_ML307A\PT02_ML307A_app\LIB\libCH58xBLE.a(gap.o)
                0x0000000000017dec                gapFreeAuthLink
 .text.gapGetDevAddress
                0x0000000000017e36       0x24 R:\CODE\CHcode\CH582\PT02_ML307A\PT02_ML307A_app\LIB\libCH58xBLE.a(gap.o)
                0x0000000000017e36                gapGetDevAddress
 .text.gapGetDevAddressMode
                0x0000000000017e5a        0xa R:\CODE\CHcode\CH582\PT02_ML307A\PT02_ML307A_app\LIB\libCH58xBLE.a(gap.o)
                0x0000000000017e5a                gapGetDevAddressMode
 .text.gapGetIRK
                0x0000000000017e64        0xc R:\CODE\CHcode\CH582\PT02_ML307A\PT02_ML307A_app\LIB\libCH58xBLE.a(gap.o)
                0x0000000000017e64                gapGetIRK
 .text.gapGetSRK
                0x0000000000017e70        0xc R:\CODE\CHcode\CH582\PT02_ML307A\PT02_ML307A_app\LIB\libCH58xBLE.a(gap.o)
                0x0000000000017e70                gapGetSRK
 .text.gapGetSignCounter
                0x0000000000017e7c        0xe R:\CODE\CHcode\CH582\PT02_ML307A\PT02_ML307A_app\LIB\libCH58xBLE.a(gap.o)
                0x0000000000017e7c                gapGetSignCounter
 .text.gapIncSignCounter
                0x0000000000017e8a       0x28 R:\CODE\CHcode\CH582\PT02_ML307A\PT02_ML307A_app\LIB\libCH58xBLE.a(gap.o)
                0x0000000000017e8a                gapIncSignCounter
 .text.gapProcessConnEvt
                0x0000000000017eb2       0x48 R:\CODE\CHcode\CH582\PT02_ML307A\PT02_ML307A_app\LIB\libCH58xBLE.a(gap.o)
                0x0000000000017eb2                gapProcessConnEvt
 .text.gapProcessDisconnectCompleteEvt
                0x0000000000017efa       0xaa R:\CODE\CHcode\CH582\PT02_ML307A\PT02_ML307A_app\LIB\libCH58xBLE.a(gap.o)
                0x0000000000017efa                gapProcessDisconnectCompleteEvt
 .text.sendAuthEvent
                0x0000000000017fa4      0x120 R:\CODE\CHcode\CH582\PT02_ML307A\PT02_ML307A_app\LIB\libCH58xBLE.a(gap.o)
                0x0000000000017fa4                sendAuthEvent
 .text.gapSendBondCompleteEvent
                0x00000000000180c4       0x74 R:\CODE\CHcode\CH582\PT02_ML307A\PT02_ML307A_app\LIB\libCH58xBLE.a(gap.o)
                0x00000000000180c4                gapSendBondCompleteEvent
 .text.gapSendPairingReqEvent
                0x0000000000018138       0x96 R:\CODE\CHcode\CH582\PT02_ML307A\PT02_ML307A_app\LIB\libCH58xBLE.a(gap.o)
                0x0000000000018138                gapSendPairingReqEvent
 .text.gapSendSlaveSecurityReqEvent
                0x00000000000181ce       0x68 R:\CODE\CHcode\CH582\PT02_ML307A\PT02_ML307A_app\LIB\libCH58xBLE.a(gap.o)